../Core/Src/main.c:64:5:main	24	static
../Core/Src/main.c:119:6:Task_FFT	24	static
../Core/Src/main.c:160:6:Task_USART	16	static
../Core/Src/main.c:202:6:mallocWrap	8	static
../Core/Src/main.c:222:6:DMA1_Channel3_IRQHandler	16	static,ignoring_inline_asm
../Core/Src/main.c:252:6:doFFT	56	static
../Core/Src/main.c:276:6:printGraph	40	static
../Core/Src/main.c:301:6:drawBar	32	static
../Core/Src/main.c:330:6:drawBarScanning	56	static
../Core/Src/main.c:417:6:SystemClock_Config	96	static
../Core/Src/main.c:474:6:StartDefaultTask	16	static
../Core/Src/main.c:493:6:HAL_TIM_PeriodElapsedCallback	16	static
../Core/Src/main.c:510:6:Error_Handler	4	static,ignoring_inline_asm
