Archive member included to satisfy reference by file (symbol)

C:/ST/STM32CubeIDE_1.14.0/STM32CubeIDE/plugins/com.st.stm32cube.ide.mcu.externaltools.gnu-tools-for-stm32.11.3.rel1.win32_1.1.100.202309141235/tools/bin/../lib/gcc/arm-none-eabi/11.3.1/../../../../arm-none-eabi/lib/thumb/v7e-m+fp/hard\libc_nano.a(libc_a-exit.o)
                              C:/ST/STM32CubeIDE_1.14.0/STM32CubeIDE/plugins/com.st.stm32cube.ide.mcu.externaltools.gnu-tools-for-stm32.11.3.rel1.win32_1.1.100.202309141235/tools/bin/../lib/gcc/arm-none-eabi/11.3.1/../../../../arm-none-eabi/lib/thumb/v7e-m+fp/hard/crt0.o (exit)
C:/ST/STM32CubeIDE_1.14.0/STM32CubeIDE/plugins/com.st.stm32cube.ide.mcu.externaltools.gnu-tools-for-stm32.11.3.rel1.win32_1.1.100.202309141235/tools/bin/../lib/gcc/arm-none-eabi/11.3.1/../../../../arm-none-eabi/lib/thumb/v7e-m+fp/hard\libc_nano.a(libc_a-findfp.o)
                              C:/ST/STM32CubeIDE_1.14.0/STM32CubeIDE/plugins/com.st.stm32cube.ide.mcu.externaltools.gnu-tools-for-stm32.11.3.rel1.win32_1.1.100.202309141235/tools/bin/../lib/gcc/arm-none-eabi/11.3.1/../../../../arm-none-eabi/lib/thumb/v7e-m+fp/hard\libc_nano.a(libc_a-exit.o) (__stdio_exit_handler)
C:/ST/STM32CubeIDE_1.14.0/STM32CubeIDE/plugins/com.st.stm32cube.ide.mcu.externaltools.gnu-tools-for-stm32.11.3.rel1.win32_1.1.100.202309141235/tools/bin/../lib/gcc/arm-none-eabi/11.3.1/../../../../arm-none-eabi/lib/thumb/v7e-m+fp/hard\libc_nano.a(libc_a-fwalk.o)
                              C:/ST/STM32CubeIDE_1.14.0/STM32CubeIDE/plugins/com.st.stm32cube.ide.mcu.externaltools.gnu-tools-for-stm32.11.3.rel1.win32_1.1.100.202309141235/tools/bin/../lib/gcc/arm-none-eabi/11.3.1/../../../../arm-none-eabi/lib/thumb/v7e-m+fp/hard\libc_nano.a(libc_a-findfp.o) (_fwalk_sglue)
C:/ST/STM32CubeIDE_1.14.0/STM32CubeIDE/plugins/com.st.stm32cube.ide.mcu.externaltools.gnu-tools-for-stm32.11.3.rel1.win32_1.1.100.202309141235/tools/bin/../lib/gcc/arm-none-eabi/11.3.1/../../../../arm-none-eabi/lib/thumb/v7e-m+fp/hard\libc_nano.a(libc_a-sprintf.o)
                              ./Core/Src/main.o (sprintf)
C:/ST/STM32CubeIDE_1.14.0/STM32CubeIDE/plugins/com.st.stm32cube.ide.mcu.externaltools.gnu-tools-for-stm32.11.3.rel1.win32_1.1.100.202309141235/tools/bin/../lib/gcc/arm-none-eabi/11.3.1/../../../../arm-none-eabi/lib/thumb/v7e-m+fp/hard\libc_nano.a(libc_a-stdio.o)
                              C:/ST/STM32CubeIDE_1.14.0/STM32CubeIDE/plugins/com.st.stm32cube.ide.mcu.externaltools.gnu-tools-for-stm32.11.3.rel1.win32_1.1.100.202309141235/tools/bin/../lib/gcc/arm-none-eabi/11.3.1/../../../../arm-none-eabi/lib/thumb/v7e-m+fp/hard\libc_nano.a(libc_a-findfp.o) (__sread)
C:/ST/STM32CubeIDE_1.14.0/STM32CubeIDE/plugins/com.st.stm32cube.ide.mcu.externaltools.gnu-tools-for-stm32.11.3.rel1.win32_1.1.100.202309141235/tools/bin/../lib/gcc/arm-none-eabi/11.3.1/../../../../arm-none-eabi/lib/thumb/v7e-m+fp/hard\libc_nano.a(libc_a-memset.o)
                              C:/ST/STM32CubeIDE_1.14.0/STM32CubeIDE/plugins/com.st.stm32cube.ide.mcu.externaltools.gnu-tools-for-stm32.11.3.rel1.win32_1.1.100.202309141235/tools/bin/../lib/gcc/arm-none-eabi/11.3.1/../../../../arm-none-eabi/lib/thumb/v7e-m+fp/hard/crt0.o (memset)
C:/ST/STM32CubeIDE_1.14.0/STM32CubeIDE/plugins/com.st.stm32cube.ide.mcu.externaltools.gnu-tools-for-stm32.11.3.rel1.win32_1.1.100.202309141235/tools/bin/../lib/gcc/arm-none-eabi/11.3.1/../../../../arm-none-eabi/lib/thumb/v7e-m+fp/hard\libc_nano.a(libc_a-closer.o)
                              C:/ST/STM32CubeIDE_1.14.0/STM32CubeIDE/plugins/com.st.stm32cube.ide.mcu.externaltools.gnu-tools-for-stm32.11.3.rel1.win32_1.1.100.202309141235/tools/bin/../lib/gcc/arm-none-eabi/11.3.1/../../../../arm-none-eabi/lib/thumb/v7e-m+fp/hard\libc_nano.a(libc_a-stdio.o) (_close_r)
C:/ST/STM32CubeIDE_1.14.0/STM32CubeIDE/plugins/com.st.stm32cube.ide.mcu.externaltools.gnu-tools-for-stm32.11.3.rel1.win32_1.1.100.202309141235/tools/bin/../lib/gcc/arm-none-eabi/11.3.1/../../../../arm-none-eabi/lib/thumb/v7e-m+fp/hard\libc_nano.a(libc_a-reent.o)
                              C:/ST/STM32CubeIDE_1.14.0/STM32CubeIDE/plugins/com.st.stm32cube.ide.mcu.externaltools.gnu-tools-for-stm32.11.3.rel1.win32_1.1.100.202309141235/tools/bin/../lib/gcc/arm-none-eabi/11.3.1/../../../../arm-none-eabi/lib/thumb/v7e-m+fp/hard\libc_nano.a(libc_a-closer.o) (errno)
C:/ST/STM32CubeIDE_1.14.0/STM32CubeIDE/plugins/com.st.stm32cube.ide.mcu.externaltools.gnu-tools-for-stm32.11.3.rel1.win32_1.1.100.202309141235/tools/bin/../lib/gcc/arm-none-eabi/11.3.1/../../../../arm-none-eabi/lib/thumb/v7e-m+fp/hard\libc_nano.a(libc_a-impure.o)
                              C:/ST/STM32CubeIDE_1.14.0/STM32CubeIDE/plugins/com.st.stm32cube.ide.mcu.externaltools.gnu-tools-for-stm32.11.3.rel1.win32_1.1.100.202309141235/tools/bin/../lib/gcc/arm-none-eabi/11.3.1/../../../../arm-none-eabi/lib/thumb/v7e-m+fp/hard\libc_nano.a(libc_a-sprintf.o) (_impure_ptr)
[...]
Memory Configuration

Name             Origin             Length             Attributes
RAM              0x0000000020000000 0x0000000000018000 xrw
RAM2             0x0000000010000000 0x0000000000008000 xrw
FLASH            0x0000000008000000 0x0000000000100000 xr
*default*        0x0000000000000000 0xffffffffffffffff

Linker script and memory map

LOAD C:/ST/STM32CubeIDE_1.14.0/STM32CubeIDE/plugins/com.st.stm32cube.ide.mcu.externaltools.gnu-tools-for-stm32.11.3.rel1.win32_1.1.100.202309141235/tools/bin/../lib/gcc/arm-none-eabi/11.3.1/thumb/v7e-m+fp/hard/crti.o
LOAD C:/ST/STM32CubeIDE_1.14.0/STM32CubeIDE/plugins/com.st.stm32cube.ide.mcu.externaltools.gnu-tools-for-stm32.11.3.rel1.win32_1.1.100.202309141235/tools/bin/../lib/gcc/arm-none-eabi/11.3.1/thumb/v7e-m+fp/hard/crtbegin.o
LOAD C:/ST/STM32CubeIDE_1.14.0/STM32CubeIDE/plugins/com.st.stm32cube.ide.mcu.externaltools.gnu-tools-for-stm32.11.3.rel1.win32_1.1.100.202309141235/tools/bin/../lib/gcc/arm-none-eabi/11.3.1/../../../../arm-none-eabi/lib/thumb/v7e-m+fp/hard/crt0.o
LOAD ./Core/Src/main.o
LOAD ./Core/Src/stm32l4xx_hal_msp.o
LOAD ./Core/Src/stm32l4xx_it.o
LOAD ./Core/Src/syscalls.o
LOAD ./Core/Src/sysmem.o
LOAD ./Core/Src/system_stm32l4xx.o
LOAD ./Core/Src/timer.o
LOAD ./Core/Src/usart.o
LOAD ./Core/Startup/startup_stm32l476rgtx.o
LOAD ./Drivers/STM32L4xx_HAL_Driver/Src/stm32l4xx_hal.o
LOAD ./Drivers/STM32L4xx_HAL_Driver/Src/stm32l4xx_hal_cortex.o
LOAD ./Drivers/STM32L4xx_HAL_Driver/Src/stm32l4xx_hal_dma.o
LOAD ./Drivers/STM32L4xx_HAL_Driver/Src/stm32l4xx_hal_dma_ex.o
LOAD ./Drivers/STM32L4xx_HAL_Driver/Src/stm32l4xx_hal_exti.o
LOAD ./Drivers/STM32L4xx_HAL_Driver/Src/stm32l4xx_hal_flash.o
LOAD ./Drivers/STM32L4xx_HAL_Driver/Src/stm32l4xx_hal_flash_ex.o
LOAD ./Drivers/STM32L4xx_HAL_Driver/Src/stm32l4xx_hal_flash_ramfunc.o
LOAD ./Drivers/STM32L4xx_HAL_Driver/Src/stm32l4xx_hal_gpio.o
LOAD ./Drivers/STM32L4xx_HAL_Driver/Src/stm32l4xx_hal_i2c.o
LOAD ./Drivers/STM32L4xx_HAL_Driver/Src/stm32l4xx_hal_i2c_ex.o
LOAD ./Drivers/STM32L4xx_HAL_Driver/Src/stm32l4xx_hal_pwr.o
LOAD ./Drivers/STM32L4xx_HAL_Driver/Src/stm32l4xx_hal_pwr_ex.o
LOAD ./Drivers/STM32L4xx_HAL_Driver/Src/stm32l4xx_hal_rcc.o
LOAD ./Drivers/STM32L4xx_HAL_Driver/Src/stm32l4xx_hal_rcc_ex.o
START GROUP
LOAD C:/ST/STM32CubeIDE_1.14.0/STM32CubeIDE/plugins/com.st.stm32cube.ide.mcu.externaltools.gnu-tools-for-stm32.11.3.rel1.win32_1.1.100.202309141235/tools/bin/../lib/gcc/arm-none-eabi/11.3.1/../../../../arm-none-eabi/lib/thumb/v7e-m+fp/hard\libc_nano.a
LOAD C:/ST/STM32CubeIDE_1.14.0/STM32CubeIDE/plugins/com.st.stm32cube.ide.mcu.externaltools.gnu-tools-for-stm32.11.3.rel1.win32_1.1.100.202309141235/tools/bin/../lib/gcc/arm-none-eabi/11.3.1/../../../../arm-none-eabi/lib/thumb/v7e-m+fp/hard\libm.a
END GROUP
START GROUP
LOAD C:/ST/STM32CubeIDE_1.14.0/STM32CubeIDE/plugins/com.st.stm32cube.ide.mcu.externaltools.gnu-tools-for-stm32.11.3.rel1.win32_1.1.100.202309141235/tools/bin/../lib/gcc/arm-none-eabi/11.3.1/thumb/v7e-m+fp/hard\libgcc.a
LOAD C:/ST/STM32CubeIDE_1.14.0/STM32CubeIDE/plugins/com.st.stm32cube.ide.mcu.externaltools.gnu-tools-for-stm32.11.3.rel1.win32_1.1.100.202309141235/tools/bin/../lib/gcc/arm-none-eabi/11.3.1/../../../../arm-none-eabi/lib/thumb/v7e-m+fp/hard\libc_nano.a
END GROUP
START GROUP
LOAD C:/ST/STM32CubeIDE_1.14.0/STM32CubeIDE/plugins/com.st.stm32cube.ide.mcu.externaltools.gnu-tools-for-stm32.11.3.rel1.win32_1.1.100.202309141235/tools/bin/../lib/gcc/arm-none-eabi/11.3.1/thumb/v7e-m+fp/hard\libgcc.a
LOAD C:/ST/STM32CubeIDE_1.14.0/STM32CubeIDE/plugins/com.st.stm32cube.ide.mcu.externaltools.gnu-tools-for-stm32.11.3.rel1.win32_1.1.100.202309141235/tools/bin/../lib/gcc/arm-none-eabi/11.3.1/../../../../arm-none-eabi/lib/thumb/v7e-m+fp/hard\libc_nano.a
LOAD C:/ST/STM32CubeIDE_1.14.0/STM32CubeIDE/plugins/com.st.stm32cube.ide.mcu.externaltools.gnu-tools-for-stm32.11.3.rel1.win32_1.1.100.202309141235/tools/bin/../lib/gcc/arm-none-eabi/11.3.1/../../../../arm-none-eabi/lib/thumb/v7e-m+fp/hard\libnosys.a
END GROUP
START GROUP
LOAD C:/ST/STM32CubeIDE_1.14.0/STM32CubeIDE/plugins/com.st.stm32cube.ide.mcu.externaltools.gnu-tools-for-stm32.11.3.rel1.win32_1.1.100.202309141235/tools/bin/../lib/gcc/arm-none-eabi/11.3.1/thumb/v7e-m+fp/hard\libgcc.a
LOAD C:/ST/STM32CubeIDE_1.14.0/STM32CubeIDE/plugins/com.st.stm32cube.ide.mcu.externaltools.gnu-tools-for-stm32.11.3.rel1.win32_1.1.100.202309141235/tools/bin/../lib/gcc/arm-none-eabi/11.3.1/../../../../arm-none-eabi/lib/thumb/v7e-m+fp/hard\libc_nano.a
LOAD C:/ST/STM32CubeIDE_1.14.0/STM32CubeIDE/plugins/com.st.stm32cube.ide.mcu.externaltools.gnu-tools-for-stm32.11.3.rel1.win32_1.1.100.202309141235/tools/bin/../lib/gcc/arm-none-eabi/11.3.1/../../../../arm-none-eabi/lib/thumb/v7e-m+fp/hard\libnosys.a
END GROUP
LOAD C:/ST/STM32CubeIDE_1.14.0/STM32CubeIDE/plugins/com.st.stm32cube.ide.mcu.externaltools.gnu-tools-for-stm32.11.3.rel1.win32_1.1.100.202309141235/tools/bin/../lib/gcc/arm-none-eabi/11.3.1/thumb/v7e-m+fp/hard/crtend.o
LOAD C:/ST/STM32CubeIDE_1.14.0/STM32CubeIDE/plugins/com.st.stm32cube.ide.mcu.externaltools.gnu-tools-for-stm32.11.3.rel1.win32_1.1.100.202309141235/tools/bin/../lib/gcc/arm-none-eabi/11.3.1/thumb/v7e-m+fp/hard/crtn.o
                0x0000000020018000                _estack = (ORIGIN (RAM) + LENGTH (RAM))
                0x0000000000000200                _Min_Heap_Size = 0x200
                0x0000000000000400                _Min_Stack_Size = 0x400

.isr_vector     0x0000000008000000      0x188
                0x0000000008000000                . = ALIGN (0x4)
 *(.isr_vector)
 .isr_vector    0x0000000008000000      0x188 ./Core/Startup/startup_stm32l476rgtx.o
                0x0000000008000000                g_pfnVectors
                0x0000000008000188                . = ALIGN (0x4)

.text           0x0000000008000190     0x124c
                0x0000000008000190                . = ALIGN (0x4)
 *(.text)
 .text          0x0000000008000190       0x40 C:/ST/STM32CubeIDE_1.14.0/STM32CubeIDE/plugins/com.st.stm32cube.ide.mcu.externaltools.gnu-tools-for-stm32.11.3.rel1.win32_1.1.100.202309141235/tools/bin/../lib/gcc/arm-none-eabi/11.3.1/thumb/v7e-m+fp/hard/crtbegin.o
 .text          0x00000000080001d0       0xa0 C:/ST/STM32CubeIDE_1.14.0/STM32CubeIDE/plugins/com.st.stm32cube.ide.mcu.externaltools.gnu-tools-for-stm32.11.3.rel1.win32_1.1.100.202309141235/tools/bin/../lib/gcc/arm-none-eabi/11.3.1/../../../../arm-none-eabi/lib/thumb/v7e-m+fp/hard\libc_nano.a(libc_a-memchr.o)
                0x00000000080001d0                memchr
 *(.text*)
 .text.main     0x0000000008000270       0x84 ./Core/Src/main.o
                0x0000000008000270                main
 .text.USART2_IRQHandler
                0x00000000080002f4      0x134 ./Core/Src/main.o
                0x00000000080002f4                USART2_IRQHandler
 .text.HAL_MspInit
                0x0000000008000428       0x48 ./Core/Src/stm32l4xx_hal_msp.o
                0x0000000008000428                HAL_MspInit
 .text.NMI_Handler
                0x0000000008000470        0x6 ./Core/Src/stm32l4xx_it.o
                0x0000000008000470                NMI_Handler
 .text.HardFault_Handler
                0x0000000008000476        0x6 ./Core/Src/stm32l4xx_it.o
                0x0000000008000476                HardFault_Handler
 .text.MemManage_Handler
                0x000000000800047c        0x6 ./Core/Src/stm32l4xx_it.o
                0x000000000800047c                MemManage_Handler
 .text.BusFault_Handler
                0x0000000008000482        0x6 ./Core/Src/stm32l4xx_it.o
                0x0000000008000482                BusFault_Handler
 .text.UsageFault_Handler
                0x0000000008000488        0x6 ./Core/Src/stm32l4xx_it.o
                0x0000000008000488                UsageFault_Handler
 .text.SVC_Handler
                0x000000000800048e        0xe ./Core/Src/stm32l4xx_it.o
                0x000000000800048e                SVC_Handler
 .text.DebugMon_Handler
                0x000000000800049c        0xe ./Core/Src/stm32l4xx_it.o
                0x000000000800049c                DebugMon_Handler
 .text.PendSV_Handler
                0x00000000080004aa        0xe ./Core/Src/stm32l4xx_it.o
                0x00000000080004aa                PendSV_Handler
 .text.SysTick_Handler
                0x00000000080004b8        0xc ./Core/Src/stm32l4xx_it.o
                0x00000000080004b8                SysTick_Handler
 .text._sbrk    0x00000000080004c4       0x6c ./Core/Src/sysmem.o
                0x00000000080004c4                _sbrk
 .text.SystemInit
                0x0000000008000530       0x24 ./Core/Src/system_stm32l4xx.o
                0x0000000008000530                SystemInit
 .text.TimerSetup
                0x0000000008000554       0x6c ./Core/Src/timer.o
                0x0000000008000554                TimerSetup
 .text.TIM2_IRQHandler
                0x00000000080005c0       0x2e ./Core/Src/timer.o
                0x00000000080005c0                TIM2_IRQHandler
 *fill*         0x00000000080005ee        0x2 
 .text.USART_init
                0x00000000080005f0       0xf0 ./Core/Src/usart.o
                0x00000000080005f0                USART_init
 .text.USART_Print
                0x00000000080006e0       0x50 ./Core/Src/usart.o
                0x00000000080006e0                USART_Print
 .text.convertArrayToInt
                0x0000000008000730       0x6a ./Core/Src/usart.o
                0x0000000008000730                convertArrayToInt
 *fill*         0x000000000800079a        0x2 
 .text.Reset_Handler
                0x000000000800079c       0x50 ./Core/Startup/startup_stm32l476rgtx.o
                0x000000000800079c                Reset_Handler
 .text.Default_Handler
                0x00000000080007ec        0x2 ./Core/Startup/startup_stm32l476rgtx.o
                0x00000000080007ec                RTC_Alarm_IRQHandler
                0x00000000080007ec                EXTI2_IRQHandler
                0x00000000080007ec                TIM8_TRG_COM_IRQHandler
                0x00000000080007ec                TIM8_CC_IRQHandler
                0x00000000080007ec                TIM1_CC_IRQHandler
                0x00000000080007ec                TSC_IRQHandler
                0x00000000080007ec                TAMP_STAMP_IRQHandler
                0x00000000080007ec                EXTI3_IRQHandler
                0x00000000080007ec                LPTIM2_IRQHandler
                0x00000000080007ec                DFSDM1_FLT1_IRQHandler
                0x00000000080007ec                I2C3_ER_IRQHandler
                0x00000000080007ec                DFSDM1_FLT2_IRQHandler
                0x00000000080007ec                EXTI0_IRQHandler
                0x00000000080007ec                I2C2_EV_IRQHandler
                0x00000000080007ec                CAN1_RX0_IRQHandler
                0x00000000080007ec                FPU_IRQHandler
                0x00000000080007ec                TIM1_UP_TIM16_IRQHandler
                0x00000000080007ec                ADC1_2_IRQHandler
                0x00000000080007ec                SPI1_IRQHandler
                0x00000000080007ec                TIM6_DAC_IRQHandler
                0x00000000080007ec                TIM8_UP_IRQHandler
                0x00000000080007ec                DMA2_Channel2_IRQHandler
                0x00000000080007ec                DMA1_Channel4_IRQHandler
                0x00000000080007ec                SAI2_IRQHandler
                0x00000000080007ec                DFSDM1_FLT3_IRQHandler
                0x00000000080007ec                USART3_IRQHandler
                0x00000000080007ec                DMA1_Channel7_IRQHandler
                0x00000000080007ec                CAN1_RX1_IRQHandler
                0x00000000080007ec                LCD_IRQHandler
                0x00000000080007ec                UART5_IRQHandler
                0x00000000080007ec                ADC3_IRQHandler
                0x00000000080007ec                TIM4_IRQHandler
                0x00000000080007ec                DMA2_Channel1_IRQHandler
                0x00000000080007ec                QUADSPI_IRQHandler
                0x00000000080007ec                I2C1_EV_IRQHandler
                0x00000000080007ec                DMA1_Channel6_IRQHandler
                0x00000000080007ec                UART4_IRQHandler
                0x00000000080007ec                DMA2_Channel4_IRQHandler
                0x00000000080007ec                TIM3_IRQHandler
                0x00000000080007ec                RCC_IRQHandler
                0x00000000080007ec                DMA1_Channel1_IRQHandler
                0x00000000080007ec                Default_Handler
                0x00000000080007ec                DMA2_Channel7_IRQHandler
                0x00000000080007ec                EXTI15_10_IRQHandler
                0x00000000080007ec                TIM7_IRQHandler
                0x00000000080007ec                SDMMC1_IRQHandler
                0x00000000080007ec                TIM5_IRQHandler
                0x00000000080007ec                I2C3_EV_IRQHandler
                0x00000000080007ec                EXTI9_5_IRQHandler
                0x00000000080007ec                RTC_WKUP_IRQHandler
                0x00000000080007ec                PVD_PVM_IRQHandler
                0x00000000080007ec                SPI2_IRQHandler
                0x00000000080007ec                CAN1_TX_IRQHandler
                0x00000000080007ec                DMA2_Channel5_IRQHandler
                0x00000000080007ec                DMA1_Channel5_IRQHandler
                0x00000000080007ec                EXTI4_IRQHandler
                0x00000000080007ec                RNG_IRQHandler
                0x00000000080007ec                TIM1_TRG_COM_TIM17_IRQHandler
                0x00000000080007ec                DMA1_Channel3_IRQHandler
                0x00000000080007ec                COMP_IRQHandler
                0x00000000080007ec                WWDG_IRQHandler
                0x00000000080007ec                LPUART1_IRQHandler
                0x00000000080007ec                DMA2_Channel6_IRQHandler
                0x00000000080007ec                EXTI1_IRQHandler
                0x00000000080007ec                DFSDM1_FLT0_IRQHandler
                0x00000000080007ec                I2C2_ER_IRQHandler
                0x00000000080007ec                DMA1_Channel2_IRQHandler
                0x00000000080007ec                TIM8_BRK_IRQHandler
                0x00000000080007ec                CAN1_SCE_IRQHandler
                0x00000000080007ec                FLASH_IRQHandler
                0x00000000080007ec                USART1_IRQHandler
                0x00000000080007ec                OTG_FS_IRQHandler
                0x00000000080007ec                SPI3_IRQHandler
                0x00000000080007ec                I2C1_ER_IRQHandler
                0x00000000080007ec                FMC_IRQHandler
                0x00000000080007ec                SWPMI1_IRQHandler
                0x00000000080007ec                LPTIM1_IRQHandler
                0x00000000080007ec                SAI1_IRQHandler
                0x00000000080007ec                DMA2_Channel3_IRQHandler
                0x00000000080007ec                TIM1_BRK_TIM15_IRQHandler
 .text.HAL_Init
                0x00000000080007ee       0x30 ./Drivers/STM32L4xx_HAL_Driver/Src/stm32l4xx_hal.o
                0x00000000080007ee                HAL_Init
 *fill*         0x000000000800081e        0x2 
 .text.HAL_InitTick
                0x0000000008000820       0x78 ./Drivers/STM32L4xx_HAL_Driver/Src/stm32l4xx_hal.o
                0x0000000008000820                HAL_InitTick
 .text.HAL_IncTick
                0x0000000008000898       0x28 ./Drivers/STM32L4xx_HAL_Driver/Src/stm32l4xx_hal.o
                0x0000000008000898                HAL_IncTick
 .text.__NVIC_SetPriorityGrouping
                0x00000000080008c0       0x48 ./Drivers/STM32L4xx_HAL_Driver/Src/stm32l4xx_hal_cortex.o
 .text.__NVIC_GetPriorityGrouping
                0x0000000008000908       0x1c ./Drivers/STM32L4xx_HAL_Driver/Src/stm32l4xx_hal_cortex.o
 .text.__NVIC_SetPriority
                0x0000000008000924       0x54 ./Drivers/STM32L4xx_HAL_Driver/Src/stm32l4xx_hal_cortex.o
 .text.NVIC_EncodePriority
                0x0000000008000978       0x66 ./Drivers/STM32L4xx_HAL_Driver/Src/stm32l4xx_hal_cortex.o
 *fill*         0x00000000080009de        0x2 
 .text.SysTick_Config
                0x00000000080009e0       0x44 ./Drivers/STM32L4xx_HAL_Driver/Src/stm32l4xx_hal_cortex.o
 .text.HAL_NVIC_SetPriorityGrouping
                0x0000000008000a24       0x16 ./Drivers/STM32L4xx_HAL_Driver/Src/stm32l4xx_hal_cortex.o
                0x0000000008000a24                HAL_NVIC_SetPriorityGrouping
 .text.HAL_NVIC_SetPriority
                0x0000000008000a3a       0x38 ./Drivers/STM32L4xx_HAL_Driver/Src/stm32l4xx_hal_cortex.o
                0x0000000008000a3a                HAL_NVIC_SetPriority
 .text.HAL_SYSTICK_Config
                0x0000000008000a72       0x18 ./Drivers/STM32L4xx_HAL_Driver/Src/stm32l4xx_hal_cortex.o
                0x0000000008000a72                HAL_SYSTICK_Config
 *fill*         0x0000000008000a8a        0x2 
 .text.sprintf  0x0000000008000a8c       0x40 C:/ST/STM32CubeIDE_1.14.0/STM32CubeIDE/plugins/com.st.stm32cube.ide.mcu.externaltools.gnu-tools-for-stm32.11.3.rel1.win32_1.1.100.202309141235/tools/bin/../lib/gcc/arm-none-eabi/11.3.1/../../../../arm-none-eabi/lib/thumb/v7e-m+fp/hard\libc_nano.a(libc_a-sprintf.o)
                0x0000000008000a8c                siprintf
                0x0000000008000a8c                sprintf
 .text.__errno  0x0000000008000acc        0xc C:/ST/STM32CubeIDE_1.14.0/STM32CubeIDE/plugins/com.st.stm32cube.ide.mcu.externaltools.gnu-tools-for-stm32.11.3.rel1.win32_1.1.100.202309141235/tools/bin/../lib/gcc/arm-none-eabi/11.3.1/../../../../arm-none-eabi/lib/thumb/v7e-m+fp/hard\libc_nano.a(libc_a-errno.o)
                0x0000000008000acc                __errno
 .text.__libc_init_array
                0x0000000008000ad8       0x48 C:/ST/STM32CubeIDE_1.14.0/STM32CubeIDE/plugins/com.st.stm32cube.ide.mcu.externaltools.gnu-tools-for-stm32.11.3.rel1.win32_1.1.100.202309141235/tools/bin/../lib/gcc/arm-none-eabi/11.3.1/../../../../arm-none-eabi/lib/thumb/v7e-m+fp/hard\libc_nano.a(libc_a-init.o)
                0x0000000008000ad8                __libc_init_array
 .text.__retarget_lock_acquire_recursive
                0x0000000008000b20        0x2 C:/ST/STM32CubeIDE_1.14.0/STM32CubeIDE/plugins/com.st.stm32cube.ide.mcu.externaltools.gnu-tools-for-stm32.11.3.rel1.win32_1.1.100.202309141235/tools/bin/../lib/gcc/arm-none-eabi/11.3.1/../../../../arm-none-eabi/lib/thumb/v7e-m+fp/hard\libc_nano.a(libc_a-lock.o)
                0x0000000008000b20                __retarget_lock_acquire_recursive
 .text.__retarget_lock_release_recursive
                0x0000000008000b22        0x2 C:/ST/STM32CubeIDE_1.14.0/STM32CubeIDE/plugins/com.st.stm32cube.ide.mcu.externaltools.gnu-tools-for-stm32.11.3.rel1.win32_1.1.100.202309141235/tools/bin/../lib/gcc/arm-none-eabi/11.3.1/../../../../arm-none-eabi/lib/thumb/v7e-m+fp/hard\libc_nano.a(libc_a-lock.o)
                0x0000000008000b22                __retarget_lock_release_recursive
 .text._free_r  0x0000000008000b24       0x98 C:/ST/STM32CubeIDE_1.14.0/STM32CubeIDE/plugins/com.st.stm32cube.ide.mcu.externaltools.gnu-tools-for-stm32.11.3.rel1.win32_1.1.100.202309141235/tools/bin/../lib/gcc/arm-none-eabi/11.3.1/../../../../arm-none-eabi/lib/thumb/v7e-m+fp/hard\libc_nano.a(libc_a-freer.o)
                0x0000000008000b24                _free_r
 .text.sbrk_aligned
                0x0000000008000bbc       0x40 C:/ST/STM32CubeIDE_1.14.0/STM32CubeIDE/plugins/com.st.stm32cube.ide.mcu.externaltools.gnu-tools-for-stm32.11.3.rel1.win32_1.1.100.202309141235/tools/bin/../lib/gcc/arm-none-eabi/11.3.1/../../../../arm-none-eabi/lib/thumb/v7e-m+fp/hard\libc_nano.a(libc_a-mallocr.o)
 .text._malloc_r
                0x0000000008000bfc      0x100 C:/ST/STM32CubeIDE_1.14.0/STM32CubeIDE/plugins/com.st.stm32cube.ide.mcu.externaltools.gnu-tools-for-stm32.11.3.rel1.win32_1.1.100.202309141235/tools/bin/../lib/gcc/arm-none-eabi/11.3.1/../../../../arm-none-eabi/lib/thumb/v7e-m+fp/hard\libc_nano.a(libc_a-mallocr.o)
                0x0000000008000bfc                _malloc_r
 .text.__malloc_lock
                0x0000000008000cfc        0xc C:/ST/STM32CubeIDE_1.14.0/STM32CubeIDE/plugins/com.st.stm32cube.ide.mcu.externaltools.gnu-tools-for-stm32.11.3.rel1.win32_1.1.100.202309141235/tools/bin/../lib/gcc/arm-none-eabi/11.3.1/../../../../arm-none-eabi/lib/thumb/v7e-m+fp/hard\libc_nano.a(libc_a-mlock.o)
                0x0000000008000cfc                __malloc_lock
 .text.__malloc_unlock
                0x0000000008000d08        0xc C:/ST/STM32CubeIDE_1.14.0/STM32CubeIDE/plugins/com.st.stm32cube.ide.mcu.externaltools.gnu-tools-for-stm32.11.3.rel1.win32_1.1.100.202309141235/tools/bin/../lib/gcc/arm-none-eabi/11.3.1/../../../../arm-none-eabi/lib/thumb/v7e-m+fp/hard\libc_nano.a(libc_a-mlock.o)
                0x0000000008000d08                __malloc_unlock
 .text.__ssputs_r
                0x0000000008000d14       0xb4 C:/ST/STM32CubeIDE_1.14.0/STM32CubeIDE/plugins/com.st.stm32cube.ide.mcu.externaltools.gnu-tools-for-stm32.11.3.rel1.win32_1.1.100.202309141235/tools/bin/../lib/gcc/arm-none-eabi/11.3.1/../../../../arm-none-eabi/lib/thumb/v7e-m+fp/hard\libc_nano.a(libc_a-nano-svfprintf.o)
                0x0000000008000d14                __ssputs_r
 .text._svfprintf_r
                0x0000000008000dc8      0x1fc C:/ST/STM32CubeIDE_1.14.0/STM32CubeIDE/plugins/com.st.stm32cube.ide.mcu.externaltools.gnu-tools-for-stm32.11.3.rel1.win32_1.1.100.202309141235/tools/bin/../lib/gcc/arm-none-eabi/11.3.1/../../../../arm-none-eabi/lib/thumb/v7e-m+fp/hard\libc_nano.a(libc_a-nano-svfprintf.o)
                0x0000000008000dc8                _svfiprintf_r
                0x0000000008000dc8                _svfprintf_r
 .text._printf_common
                0x0000000008000fc4       0xda C:/ST/STM32CubeIDE_1.14.0/STM32CubeIDE/plugins/com.st.stm32cube.ide.mcu.externaltools.gnu-tools-for-stm32.11.3.rel1.win32_1.1.100.202309141235/tools/bin/../lib/gcc/arm-none-eabi/11.3.1/../../../../arm-none-eabi/lib/thumb/v7e-m+fp/hard\libc_nano.a(libc_a-nano-vfprintf_i.o)
                0x0000000008000fc4                _printf_common
 *fill*         0x000000000800109e        0x2 
 .text._printf_i
                0x00000000080010a0      0x244 C:/ST/STM32CubeIDE_1.14.0/STM32CubeIDE/plugins/com.st.stm32cube.ide.mcu.externaltools.gnu-tools-for-stm32.11.3.rel1.win32_1.1.100.202309141235/tools/bin/../lib/gcc/arm-none-eabi/11.3.1/../../../../arm-none-eabi/lib/thumb/v7e-m+fp/hard\libc_nano.a(libc_a-nano-vfprintf_i.o)
                0x00000000080010a0                _printf_i
 .text.memmove  0x00000000080012e4       0x34 C:/ST/STM32CubeIDE_1.14.0/STM32CubeIDE/plugins/com.st.stm32cube.ide.mcu.externaltools.gnu-tools-for-stm32.11.3.rel1.win32_1.1.100.202309141235/tools/bin/../lib/gcc/arm-none-eabi/11.3.1/../../../../arm-none-eabi/lib/thumb/v7e-m+fp/hard\libc_nano.a(libc_a-memmove.o)
                0x00000000080012e4                memmove
 .text._sbrk_r  0x0000000008001318       0x20 C:/ST/STM32CubeIDE_1.14.0/STM32CubeIDE/plugins/com.st.stm32cube.ide.mcu.externaltools.gnu-tools-for-stm32.11.3.rel1.win32_1.1.100.202309141235/tools/bin/../lib/gcc/arm-none-eabi/11.3.1/../../../../arm-none-eabi/lib/thumb/v7e-m+fp/hard\libc_nano.a(libc_a-sbrkr.o)
                0x0000000008001318                _sbrk_r
 .text.memcpy   0x0000000008001338       0x1c C:/ST/STM32CubeIDE_1.14.0/STM32CubeIDE/plugins/com.st.stm32cube.ide.mcu.externaltools.gnu-tools-for-stm32.11.3.rel1.win32_1.1.100.202309141235/tools/bin/../lib/gcc/arm-none-eabi/11.3.1/../../../../arm-none-eabi/lib/thumb/v7e-m+fp/hard\libc_nano.a(libc_a-memcpy-stub.o)
                0x0000000008001338                memcpy
 .text._realloc_r
                0x0000000008001354       0x5e C:/ST/STM32CubeIDE_1.14.0/STM32CubeIDE/plugins/com.st.stm32cube.ide.mcu.externaltools.gnu-tools-for-stm32.11.3.rel1.win32_1.1.100.202309141235/tools/bin/../lib/gcc/arm-none-eabi/11.3.1/../../../../arm-none-eabi/lib/thumb/v7e-m+fp/hard\libc_nano.a(libc_a-reallocr.o)
                0x0000000008001354                _realloc_r
 .text._malloc_usable_size_r
                0x00000000080013b2       0x10 C:/ST/STM32CubeIDE_1.14.0/STM32CubeIDE/plugins/com.st.stm32cube.ide.mcu.externaltools.gnu-tools-for-stm32.11.3.rel1.win32_1.1.100.202309141235/tools/bin/../lib/gcc/arm-none-eabi/11.3.1/../../../../arm-none-eabi/lib/thumb/v7e-m+fp/hard\libc_nano.a(libc_a-msizer.o)
                0x00000000080013b2                _malloc_usable_size_r
 *(.glue_7)
 .glue_7        0x00000000080013c2        0x0 linker stubs
 *(.glue_7t)
 .glue_7t       0x00000000080013c2        0x0 linker stubs
 *(.eh_frame)
 *fill*         0x00000000080013c2        0x2 
 .eh_frame      0x00000000080013c4        0x0 C:/ST/STM32CubeIDE_1.14.0/STM32CubeIDE/plugins/com.st.stm32cube.ide.mcu.externaltools.gnu-tools-for-stm32.11.3.rel1.win32_1.1.100.202309141235/tools/bin/../lib/gcc/arm-none-eabi/11.3.1/thumb/v7e-m+fp/hard/crtbegin.o
 *(.init)
 .init          0x00000000080013c4        0x4 C:/ST/STM32CubeIDE_1.14.0/STM32CubeIDE/plugins/com.st.stm32cube.ide.mcu.externaltools.gnu-tools-for-stm32.11.3.rel1.win32_1.1.100.202309141235/tools/bin/../lib/gcc/arm-none-eabi/11.3.1/thumb/v7e-m+fp/hard/crti.o
                0x00000000080013c4                _init
 .init          0x00000000080013c8        0x8 C:/ST/STM32CubeIDE_1.14.0/STM32CubeIDE/plugins/com.st.stm32cube.ide.mcu.externaltools.gnu-tools-for-stm32.11.3.rel1.win32_1.1.100.202309141235/tools/bin/../lib/gcc/arm-none-eabi/11.3.1/thumb/v7e-m+fp/hard/crtn.o
 *(.fini)
 .fini          0x00000000080013d0        0x4 C:/ST/STM32CubeIDE_1.14.0/STM32CubeIDE/plugins/com.st.stm32cube.ide.mcu.externaltools.gnu-tools-for-stm32.11.3.rel1.win32_1.1.100.202309141235/tools/bin/../lib/gcc/arm-none-eabi/11.3.1/thumb/v7e-m+fp/hard/crti.o
                0x00000000080013d0                _fini
 .fini          0x00000000080013d4        0x8 C:/ST/STM32CubeIDE_1.14.0/STM32CubeIDE/plugins/com.st.stm32cube.ide.mcu.externaltools.gnu-tools-for-stm32.11.3.rel1.win32_1.1.100.202309141235/tools/bin/../lib/gcc/arm-none-eabi/11.3.1/thumb/v7e-m+fp/hard/crtn.o
                0x00000000080013dc                . = ALIGN (0x4)
                0x00000000080013dc                _etext = .

.vfp11_veneer   0x00000000080013dc        0x0
 .vfp11_veneer  0x00000000080013dc        0x0 linker stubs

.v4_bx          0x00000000080013dc        0x0
 .v4_bx         0x00000000080013dc        0x0 linker stubs

.iplt           0x00000000080013dc        0x0
 .iplt          0x00000000080013dc        0x0 C:/ST/STM32CubeIDE_1.14.0/STM32CubeIDE/plugins/com.st.stm32cube.ide.mcu.externaltools.gnu-tools-for-stm32.11.3.rel1.win32_1.1.100.202309141235/tools/bin/../lib/gcc/arm-none-eabi/11.3.1/thumb/v7e-m+fp/hard/crtbegin.o

.rodata         0x00000000080013dc       0xb0
                0x00000000080013dc                . = ALIGN (0x4)
 *(.rodata)
 .rodata        0x00000000080013dc       0x7a ./Core/Src/main.o
 *(.rodata*)
 .rodata._svfprintf_r.str1.1
                0x0000000008001456       0x11 C:/ST/STM32CubeIDE_1.14.0/STM32CubeIDE/plugins/com.st.stm32cube.ide.mcu.externaltools.gnu-tools-for-stm32.11.3.rel1.win32_1.1.100.202309141235/tools/bin/../lib/gcc/arm-none-eabi/11.3.1/../../../../arm-none-eabi/lib/thumb/v7e-m+fp/hard\libc_nano.a(libc_a-nano-svfprintf.o)
 .rodata._printf_i.str1.1
                0x0000000008001467       0x22 C:/ST/STM32CubeIDE_1.14.0/STM32CubeIDE/plugins/com.st.stm32cube.ide.mcu.externaltools.gnu-tools-for-stm32.11.3.rel1.win32_1.1.100.202309141235/tools/bin/../lib/gcc/arm-none-eabi/11.3.1/../../../../arm-none-eabi/lib/thumb/v7e-m+fp/hard\libc_nano.a(libc_a-nano-vfprintf_i.o)
                0x000000000800148c                . = ALIGN (0x4)
 *fill*         0x0000000008001489        0x3 

.rel.dyn        0x000000000800148c        0x0
 .rel.iplt      0x000000000800148c        0x0 C:/ST/STM32CubeIDE_1.14.0/STM32CubeIDE/plugins/com.st.stm32cube.ide.mcu.externaltools.gnu-tools-for-stm32.11.3.rel1.win32_1.1.100.202309141235/tools/bin/../lib/gcc/arm-none-eabi/11.3.1/thumb/v7e-m+fp/hard/crtbegin.o

.ARM.extab      0x000000000800148c        0x0
                0x000000000800148c                . = ALIGN (0x4)
 *(.ARM.extab* .gnu.linkonce.armextab.*)
                0x000000000800148c                . = ALIGN (0x4)

.ARM            0x000000000800148c        0x0
                0x000000000800148c                . = ALIGN (0x4)
                0x000000000800148c                __exidx_start = .
 *(.ARM.exidx*)
                0x000000000800148c                __exidx_end = .
                0x000000000800148c                . = ALIGN (0x4)

.preinit_array  0x000000000800148c        0x0
                0x000000000800148c                . = ALIGN (0x4)
                0x000000000800148c                PROVIDE (__preinit_array_start = .)
 *(.preinit_array*)
                0x000000000800148c                PROVIDE (__preinit_array_end = .)
                0x000000000800148c                . = ALIGN (0x4)

.init_array     0x000000000800148c        0x4
                0x000000000800148c                . = ALIGN (0x4)
                0x000000000800148c                PROVIDE (__init_array_start = .)
 *(SORT_BY_NAME(.init_array.*))
 *(.init_array*)
 .init_array    0x000000000800148c        0x4 C:/ST/STM32CubeIDE_1.14.0/STM32CubeIDE/plugins/com.st.stm32cube.ide.mcu.externaltools.gnu-tools-for-stm32.11.3.rel1.win32_1.1.100.202309141235/tools/bin/../lib/gcc/arm-none-eabi/11.3.1/thumb/v7e-m+fp/hard/crtbegin.o
                0x0000000008001490                PROVIDE (__init_array_end = .)
                0x0000000008001490                . = ALIGN (0x4)

.fini_array     0x0000000008001490        0x4
                0x0000000008001490                . = ALIGN (0x4)
                [!provide]                        PROVIDE (__fini_array_start = .)
 *(SORT_BY_NAME(.fini_array.*))
 *(.fini_array*)
 .fini_array    0x0000000008001490        0x4 C:/ST/STM32CubeIDE_1.14.0/STM32CubeIDE/plugins/com.st.stm32cube.ide.mcu.externaltools.gnu-tools-for-stm32.11.3.rel1.win32_1.1.100.202309141235/tools/bin/../lib/gcc/arm-none-eabi/11.3.1/thumb/v7e-m+fp/hard/crtbegin.o
                [!provide]                        PROVIDE (__fini_array_end = .)
                0x0000000008001494                . = ALIGN (0x4)
                0x0000000008001494                _sidata = LOADADDR (.data)

.data           0x0000000020000000       0x64 load address 0x0000000008001494
                0x0000000020000000                . = ALIGN (0x4)
                0x0000000020000000                _sdata = .
 *(.data)
 *(.data*)
 .data.inputMessage
                0x0000000020000000        0x4 ./Core/Src/main.o
                0x0000000020000000                inputMessage
 .data.userNumberMS
                0x0000000020000004        0x4 ./Core/Src/main.o
                0x0000000020000004                userNumberMS
 .data.SystemCoreClock
                0x0000000020000008        0x4 ./Core/Src/system_stm32l4xx.o
                0x0000000020000008                SystemCoreClock
 .data.uwTickPrio
                0x000000002000000c        0x4 ./Drivers/STM32L4xx_HAL_Driver/Src/stm32l4xx_hal.o
                0x000000002000000c                uwTickPrio
 .data.uwTickFreq
                0x0000000020000010        0x1 ./Drivers/STM32L4xx_HAL_Driver/Src/stm32l4xx_hal.o
                0x0000000020000010                uwTickFreq
 *fill*         0x0000000020000011        0x3 
 .data._impure_data
                0x0000000020000014       0x4c C:/ST/STM32CubeIDE_1.14.0/STM32CubeIDE/plugins/com.st.stm32cube.ide.mcu.externaltools.gnu-tools-for-stm32.11.3.rel1.win32_1.1.100.202309141235/tools/bin/../lib/gcc/arm-none-eabi/11.3.1/../../../../arm-none-eabi/lib/thumb/v7e-m+fp/hard\libc_nano.a(libc_a-impure.o)
                0x0000000020000014                _impure_data
 .data._impure_ptr
                0x0000000020000060        0x4 C:/ST/STM32CubeIDE_1.14.0/STM32CubeIDE/plugins/com.st.stm32cube.ide.mcu.externaltools.gnu-tools-for-stm32.11.3.rel1.win32_1.1.100.202309141235/tools/bin/../lib/gcc/arm-none-eabi/11.3.1/../../../../arm-none-eabi/lib/thumb/v7e-m+fp/hard\libc_nano.a(libc_a-impure.o)
                0x0000000020000060                _impure_ptr
 *(.RamFunc)
 *(.RamFunc*)
                0x0000000020000064                . = ALIGN (0x4)
                0x0000000020000064                _edata = .

.igot.plt       0x0000000020000064        0x0 load address 0x00000000080014f8
 .igot.plt      0x0000000020000064        0x0 C:/ST/STM32CubeIDE_1.14.0/STM32CubeIDE/plugins/com.st.stm32cube.ide.mcu.externaltools.gnu-tools-for-stm32.11.3.rel1.win32_1.1.100.202309141235/tools/bin/../lib/gcc/arm-none-eabi/11.3.1/thumb/v7e-m+fp/hard/crtbegin.o
                0x0000000020000064                . = ALIGN (0x4)

.bss            0x0000000020000064      0x19c load address 0x00000000080014f8
                0x0000000020000064                _sbss = .
                0x0000000020000064                __bss_start__ = _sbss
 *(.bss)
 .bss           0x0000000020000064       0x1c C:/ST/STM32CubeIDE_1.14.0/STM32CubeIDE/plugins/com.st.stm32cube.ide.mcu.externaltools.gnu-tools-for-stm32.11.3.rel1.win32_1.1.100.202309141235/tools/bin/../lib/gcc/arm-none-eabi/11.3.1/thumb/v7e-m+fp/hard/crtbegin.o
 *(.bss*)
 .bss.buffer    0x0000000020000080        0xb ./Core/Src/main.o
 *fill*         0x000000002000008b        0x1 
 .bss.userNumberArr
                0x000000002000008c       0x20 ./Core/Src/main.o
                0x000000002000008c                userNumberArr
 .bss.userNumPos
                0x00000000200000ac        0x4 ./Core/Src/main.o
                0x00000000200000ac                userNumPos
 .bss.__sbrk_heap_end
                0x00000000200000b0        0x4 ./Core/Src/sysmem.o
 .bss.uwTick    0x00000000200000b4        0x4 ./Drivers/STM32L4xx_HAL_Driver/Src/stm32l4xx_hal.o
                0x00000000200000b4                uwTick
 .bss.__sf      0x00000000200000b8      0x138 C:/ST/STM32CubeIDE_1.14.0/STM32CubeIDE/plugins/com.st.stm32cube.ide.mcu.externaltools.gnu-tools-for-stm32.11.3.rel1.win32_1.1.100.202309141235/tools/bin/../lib/gcc/arm-none-eabi/11.3.1/../../../../arm-none-eabi/lib/thumb/v7e-m+fp/hard\libc_nano.a(libc_a-findfp.o)
                0x00000000200000b8                __sf
 .bss.errno     0x00000000200001f0        0x4 C:/ST/STM32CubeIDE_1.14.0/STM32CubeIDE/plugins/com.st.stm32cube.ide.mcu.externaltools.gnu-tools-for-stm32.11.3.rel1.win32_1.1.100.202309141235/tools/bin/../lib/gcc/arm-none-eabi/11.3.1/../../../../arm-none-eabi/lib/thumb/v7e-m+fp/hard\libc_nano.a(libc_a-reent.o)
                0x00000000200001f0                errno
 .bss.__lock___malloc_recursive_mutex
                0x00000000200001f4        0x1 C:/ST/STM32CubeIDE_1.14.0/STM32CubeIDE/plugins/com.st.stm32cube.ide.mcu.externaltools.gnu-tools-for-stm32.11.3.rel1.win32_1.1.100.202309141235/tools/bin/../lib/gcc/arm-none-eabi/11.3.1/../../../../arm-none-eabi/lib/thumb/v7e-m+fp/hard\libc_nano.a(libc_a-lock.o)
                0x00000000200001f4                __lock___malloc_recursive_mutex
 *fill*         0x00000000200001f5        0x3 
 .bss.__malloc_free_list
                0x00000000200001f8        0x4 C:/ST/STM32CubeIDE_1.14.0/STM32CubeIDE/plugins/com.st.stm32cube.ide.mcu.externaltools.gnu-tools-for-stm32.11.3.rel1.win32_1.1.100.202309141235/tools/bin/../lib/gcc/arm-none-eabi/11.3.1/../../../../arm-none-eabi/lib/thumb/v7e-m+fp/hard\libc_nano.a(libc_a-mallocr.o)
                0x00000000200001f8                __malloc_free_list
 .bss.__malloc_sbrk_start
                0x00000000200001fc        0x4 C:/ST/STM32CubeIDE_1.14.0/STM32CubeIDE/plugins/com.st.stm32cube.ide.mcu.externaltools.gnu-tools-for-stm32.11.3.rel1.win32_1.1.100.202309141235/tools/bin/../lib/gcc/arm-none-eabi/11.3.1/../../../../arm-none-eabi/lib/thumb/v7e-m+fp/hard\libc_nano.a(libc_a-mallocr.o)
                0x00000000200001fc                __malloc_sbrk_start
 *(COMMON)
                0x0000000020000200                . = ALIGN (0x4)
                0x0000000020000200                _ebss = .
                0x0000000020000200                __bss_end__ = _ebss

._user_heap_stack
                0x0000000020000200      0x600 load address 0x00000000080014f8
                0x0000000020000200                . = ALIGN (0x8)
                [!provide]                        PROVIDE (end = .)
                0x0000000020000200                PROVIDE (_end = .)
                0x0000000020000400                . = (. + _Min_Heap_Size)
 *fill*         0x0000000020000200      0x200 
                0x0000000020000800                . = (. + _Min_Stack_Size)
 *fill*         0x0000000020000400      0x400 
                0x0000000020000800                . = ALIGN (0x8)

/DISCARD/
 libc.a(*)
 libm.a(*)
 libgcc.a(*)

.ARM.attributes
                0x0000000000000000       0x30
 *(.ARM.attributes)
 .ARM.attributes
                0x0000000000000000       0x1e C:/ST/STM32CubeIDE_1.14.0/STM32CubeIDE/plugins/com.st.stm32cube.ide.mcu.externaltools.gnu-tools-for-stm32.11.3.rel1.win32_1.1.100.202309141235/tools/bin/../lib/gcc/arm-none-eabi/11.3.1/thumb/v7e-m+fp/hard/crti.o
 .ARM.attributes
                0x000000000000001e       0x34 C:/ST/STM32CubeIDE_1.14.0/STM32CubeIDE/plugins/com.st.stm32cube.ide.mcu.externaltools.gnu-tools-for-stm32.11.3.rel1.win32_1.1.100.202309141235/tools/bin/../lib/gcc/arm-none-eabi/11.3.1/thumb/v7e-m+fp/hard/crtbegin.o
 .ARM.attributes
                0x0000000000000052       0x34 ./Core/Src/main.o
 .ARM.attributes
                0x0000000000000086       0x34 ./Core/Src/stm32l4xx_hal_msp.o
 .ARM.attributes
                0x00000000000000ba       0x34 ./Core/Src/stm32l4xx_it.o
 .ARM.attributes
                0x00000000000000ee       0x34 ./Core/Src/sysmem.o
 .ARM.attributes
                0x0000000000000122       0x34 ./Core/Src/system_stm32l4xx.o
 .ARM.attributes
                0x0000000000000156       0x34 ./Core/Src/timer.o
 .ARM.attributes
                0x000000000000018a       0x34 ./Core/Src/usart.o
 .ARM.attributes
                0x00000000000001be       0x21 ./Core/Startup/startup_stm32l476rgtx.o
 .ARM.attributes
                0x00000000000001df       0x34 ./Drivers/STM32L4xx_HAL_Driver/Src/stm32l4xx_hal.o
 .ARM.attributes
                0x0000000000000213       0x34 ./Drivers/STM32L4xx_HAL_Driver/Src/stm32l4xx_hal_cortex.o
 .ARM.attributes
                0x0000000000000247       0x34 C:/ST/STM32CubeIDE_1.14.0/STM32CubeIDE/plugins/com.st.stm32cube.ide.mcu.externaltools.gnu-tools-for-stm32.11.3.rel1.win32_1.1.100.202309141235/tools/bin/../lib/gcc/arm-none-eabi/11.3.1/../../../../arm-none-eabi/lib/thumb/v7e-m+fp/hard\libc_nano.a(libc_a-findfp.o)
 .ARM.attributes
                0x000000000000027b       0x34 C:/ST/STM32CubeIDE_1.14.0/STM32CubeIDE/plugins/com.st.stm32cube.ide.mcu.externaltools.gnu-tools-for-stm32.11.3.rel1.win32_1.1.100.202309141235/tools/bin/../lib/gcc/arm-none-eabi/11.3.1/../../../../arm-none-eabi/lib/thumb/v7e-m+fp/hard\libc_nano.a(libc_a-sprintf.o)
 .ARM.attributes
                0x00000000000002af       0x34 C:/ST/STM32CubeIDE_1.14.0/STM32CubeIDE/plugins/com.st.stm32cube.ide.mcu.externaltools.gnu-tools-for-stm32.11.3.rel1.win32_1.1.100.202309141235/tools/bin/../lib/gcc/arm-none-eabi/11.3.1/../../../../arm-none-eabi/lib/thumb/v7e-m+fp/hard\libc_nano.a(libc_a-reent.o)
 .ARM.attributes
                0x00000000000002e3       0x34 C:/ST/STM32CubeIDE_1.14.0/STM32CubeIDE/plugins/com.st.stm32cube.ide.mcu.externaltools.gnu-tools-for-stm32.11.3.rel1.win32_1.1.100.202309141235/tools/bin/../lib/gcc/arm-none-eabi/11.3.1/../../../../arm-none-eabi/lib/thumb/v7e-m+fp/hard\libc_nano.a(libc_a-impure.o)
 .ARM.attributes
                0x0000000000000317       0x34 C:/ST/STM32CubeIDE_1.14.0/STM32CubeIDE/plugins/com.st.stm32cube.ide.mcu.externaltools.gnu-tools-for-stm32.11.3.rel1.win32_1.1.100.202309141235/tools/bin/../lib/gcc/arm-none-eabi/11.3.1/../../../../arm-none-eabi/lib/thumb/v7e-m+fp/hard\libc_nano.a(libc_a-errno.o)
 .ARM.attributes
                0x000000000000034b       0x34 C:/ST/STM32CubeIDE_1.14.0/STM32CubeIDE/plugins/com.st.stm32cube.ide.mcu.externaltools.gnu-tools-for-stm32.11.3.rel1.win32_1.1.100.202309141235/tools/bin/../lib/gcc/arm-none-eabi/11.3.1/../../../../arm-none-eabi/lib/thumb/v7e-m+fp/hard\libc_nano.a(libc_a-init.o)
 .ARM.attributes
                0x000000000000037f       0x34 C:/ST/STM32CubeIDE_1.14.0/STM32CubeIDE/plugins/com.st.stm32cube.ide.mcu.externaltools.gnu-tools-for-stm32.11.3.rel1.win32_1.1.100.202309141235/tools/bin/../lib/gcc/arm-none-eabi/11.3.1/../../../../arm-none-eabi/lib/thumb/v7e-m+fp/hard\libc_nano.a(libc_a-lock.o)
 .ARM.attributes
                0x00000000000003b3       0x34 C:/ST/STM32CubeIDE_1.14.0/STM32CubeIDE/plugins/com.st.stm32cube.ide.mcu.externaltools.gnu-tools-for-stm32.11.3.rel1.win32_1.1.100.202309141235/tools/bin/../lib/gcc/arm-none-eabi/11.3.1/../../../../arm-none-eabi/lib/thumb/v7e-m+fp/hard\libc_nano.a(libc_a-freer.o)
 .ARM.attributes
                0x00000000000003e7       0x34 C:/ST/STM32CubeIDE_1.14.0/STM32CubeIDE/plugins/com.st.stm32cube.ide.mcu.externaltools.gnu-tools-for-stm32.11.3.rel1.win32_1.1.100.202309141235/tools/bin/../lib/gcc/arm-none-eabi/11.3.1/../../../../arm-none-eabi/lib/thumb/v7e-m+fp/hard\libc_nano.a(libc_a-mallocr.o)
 .ARM.attributes
                0x000000000000041b       0x34 C:/ST/STM32CubeIDE_1.14.0/STM32CubeIDE/plugins/com.st.stm32cube.ide.mcu.externaltools.gnu-tools-for-stm32.11.3.rel1.win32_1.1.100.202309141235/tools/bin/../lib/gcc/arm-none-eabi/11.3.1/../../../../arm-none-eabi/lib/thumb/v7e-m+fp/hard\libc_nano.a(libc_a-mlock.o)
 .ARM.attributes
                0x000000000000044f       0x34 C:/ST/STM32CubeIDE_1.14.0/STM32CubeIDE/plugins/com.st.stm32cube.ide.mcu.externaltools.gnu-tools-for-stm32.11.3.rel1.win32_1.1.100.202309141235/tools/bin/../lib/gcc/arm-none-eabi/11.3.1/../../../../arm-none-eabi/lib/thumb/v7e-m+fp/hard\libc_nano.a(libc_a-nano-svfprintf.o)
 .ARM.attributes
                0x0000000000000483       0x34 C:/ST/STM32CubeIDE_1.14.0/STM32CubeIDE/plugins/com.st.stm32cube.ide.mcu.externaltools.gnu-tools-for-stm32.11.3.rel1.win32_1.1.100.202309141235/tools/bin/../lib/gcc/arm-none-eabi/11.3.1/../../../../arm-none-eabi/lib/thumb/v7e-m+fp/hard\libc_nano.a(libc_a-nano-vfprintf_i.o)
 .ARM.attributes
                0x00000000000004b7       0x34 C:/ST/STM32CubeIDE_1.14.0/STM32CubeIDE/plugins/com.st.stm32cube.ide.mcu.externaltools.gnu-tools-for-stm32.11.3.rel1.win32_1.1.100.202309141235/tools/bin/../lib/gcc/arm-none-eabi/11.3.1/../../../../arm-none-eabi/lib/thumb/v7e-m+fp/hard\libc_nano.a(libc_a-memmove.o)
 .ARM.attributes
                0x00000000000004eb       0x34 C:/ST/STM32CubeIDE_1.14.0/STM32CubeIDE/plugins/com.st.stm32cube.ide.mcu.externaltools.gnu-tools-for-stm32.11.3.rel1.win32_1.1.100.202309141235/tools/bin/../lib/gcc/arm-none-eabi/11.3.1/../../../../arm-none-eabi/lib/thumb/v7e-m+fp/hard\libc_nano.a(libc_a-sbrkr.o)
 .ARM.attributes
                0x000000000000051f       0x1c C:/ST/STM32CubeIDE_1.14.0/STM32CubeIDE/plugins/com.st.stm32cube.ide.mcu.externaltools.gnu-tools-for-stm32.11.3.rel1.win32_1.1.100.202309141235/tools/bin/../lib/gcc/arm-none-eabi/11.3.1/../../../../arm-none-eabi/lib/thumb/v7e-m+fp/hard\libc_nano.a(libc_a-memchr.o)
 .ARM.attributes
                0x000000000000053b       0x34 C:/ST/STM32CubeIDE_1.14.0/STM32CubeIDE/plugins/com.st.stm32cube.ide.mcu.externaltools.gnu-tools-for-stm32.11.3.rel1.win32_1.1.100.202309141235/tools/bin/../lib/gcc/arm-none-eabi/11.3.1/../../../../arm-none-eabi/lib/thumb/v7e-m+fp/hard\libc_nano.a(libc_a-memcpy-stub.o)
 .ARM.attributes
                0x000000000000056f       0x34 C:/ST/STM32CubeIDE_1.14.0/STM32CubeIDE/plugins/com.st.stm32cube.ide.mcu.externaltools.gnu-tools-for-stm32.11.3.rel1.win32_1.1.100.202309141235/tools/bin/../lib/gcc/arm-none-eabi/11.3.1/../../../../arm-none-eabi/lib/thumb/v7e-m+fp/hard\libc_nano.a(libc_a-reallocr.o)
 .ARM.attributes
                0x00000000000005a3       0x34 C:/ST/STM32CubeIDE_1.14.0/STM32CubeIDE/plugins/com.st.stm32cube.ide.mcu.externaltools.gnu-tools-for-stm32.11.3.rel1.win32_1.1.100.202309141235/tools/bin/../lib/gcc/arm-none-eabi/11.3.1/../../../../arm-none-eabi/lib/thumb/v7e-m+fp/hard\libc_nano.a(libc_a-msizer.o)
 .ARM.attributes
                0x00000000000005d7       0x1e C:/ST/STM32CubeIDE_1.14.0/STM32CubeIDE/plugins/com.st.stm32cube.ide.mcu.externaltools.gnu-tools-for-stm32.11.3.rel1.win32_1.1.100.202309141235/tools/bin/../lib/gcc/arm-none-eabi/11.3.1/thumb/v7e-m+fp/hard/crtn.o
OUTPUT(A1_Blinky.elf elf32-littlearm)
LOAD linker stubs
LOAD C:/ST/STM32CubeIDE_1.14.0/STM32CubeIDE/plugins/com.st.stm32cube.ide.mcu.externaltools.gnu-tools-for-stm32.11.3.rel1.win32_1.1.100.202309141235/tools/bin/../lib/gcc/arm-none-eabi/11.3.1/../../../../arm-none-eabi/lib/thumb/v7e-m+fp/hard\libc.a
LOAD C:/ST/STM32CubeIDE_1.14.0/STM32CubeIDE/plugins/com.st.stm32cube.ide.mcu.externaltools.gnu-tools-for-stm32.11.3.rel1.win32_1.1.100.202309141235/tools/bin/../lib/gcc/arm-none-eabi/11.3.1/../../../../arm-none-eabi/lib/thumb/v7e-m+fp/hard\libm.a
LOAD C:/ST/STM32CubeIDE_1.14.0/STM32CubeIDE/plugins/com.st.stm32cube.ide.mcu.externaltools.gnu-tools-for-stm32.11.3.rel1.win32_1.1.100.202309141235/tools/bin/../lib/gcc/arm-none-eabi/11.3.1/thumb/v7e-m+fp/hard\libgcc.a

.comment        0x0000000000000000       0x43
 .comment       0x0000000000000000       0x43 C:/ST/STM32CubeIDE_1.14.0/STM32CubeIDE/plugins/com.st.stm32cube.ide.mcu.externaltools.gnu-tools-for-stm32.11.3.rel1.win32_1.1.100.202309141235/tools/bin/../lib/gcc/arm-none-eabi/11.3.1/thumb/v7e-m+fp/hard/crtbegin.o
                                         0x44 (size before relaxing)
 .comment       0x0000000000000043       0x44 ./Core/Src/main.o
 .comment       0x0000000000000043       0x44 ./Core/Src/stm32l4xx_hal_msp.o
 .comment       0x0000000000000043       0x44 ./Core/Src/stm32l4xx_it.o
 .comment       0x0000000000000043       0x44 ./Core/Src/sysmem.o
 .comment       0x0000000000000043       0x44 ./Core/Src/system_stm32l4xx.o
 .comment       0x0000000000000043       0x44 ./Core/Src/timer.o
 .comment       0x0000000000000043       0x44 ./Core/Src/usart.o
 .comment       0x0000000000000043       0x44 ./Drivers/STM32L4xx_HAL_Driver/Src/stm32l4xx_hal.o
 .comment       0x0000000000000043       0x44 ./Drivers/STM32L4xx_HAL_Driver/Src/stm32l4xx_hal_cortex.o

.debug_info     0x0000000000000000     0x3d1b
 .debug_info    0x0000000000000000      0x8d0 ./Core/Src/main.o
 .debug_info    0x00000000000008d0      0x2b9 ./Core/Src/stm32l4xx_hal_msp.o
 .debug_info    0x0000000000000b89      0x113 ./Core/Src/stm32l4xx_it.o
 .debug_info    0x0000000000000c9c      0x168 ./Core/Src/sysmem.o
 .debug_info    0x0000000000000e04      0x5b1 ./Core/Src/system_stm32l4xx.o
 .debug_info    0x00000000000013b5      0x881 ./Core/Src/timer.o
 .debug_info    0x0000000000001c36      0x88b ./Core/Src/usart.o
 .debug_info    0x00000000000024c1       0x23 ./Core/Startup/startup_stm32l476rgtx.o
 .debug_info    0x00000000000024e4      0xaeb ./Drivers/STM32L4xx_HAL_Driver/Src/stm32l4xx_hal.o
 .debug_info    0x0000000000002fcf      0xd4c ./Drivers/STM32L4xx_HAL_Driver/Src/stm32l4xx_hal_cortex.o

.debug_abbrev   0x0000000000000000      0xd75
 .debug_abbrev  0x0000000000000000      0x222 ./Core/Src/main.o
 .debug_abbrev  0x0000000000000222       0xc6 ./Core/Src/stm32l4xx_hal_msp.o
 .debug_abbrev  0x00000000000002e8       0x73 ./Core/Src/stm32l4xx_it.o
 .debug_abbrev  0x000000000000035b       0xbc ./Core/Src/sysmem.o
 .debug_abbrev  0x0000000000000417      0x11a ./Core/Src/system_stm32l4xx.o
 .debug_abbrev  0x0000000000000531      0x12e ./Core/Src/timer.o
 .debug_abbrev  0x000000000000065f      0x19b ./Core/Src/usart.o
 .debug_abbrev  0x00000000000007fa       0x12 ./Core/Startup/startup_stm32l476rgtx.o
 .debug_abbrev  0x000000000000080c      0x242 ./Drivers/STM32L4xx_HAL_Driver/Src/stm32l4xx_hal.o
 .debug_abbrev  0x0000000000000a4e      0x327 ./Drivers/STM32L4xx_HAL_Driver/Src/stm32l4xx_hal_cortex.o

.debug_aranges  0x0000000000000000      0x3c8
 .debug_aranges
                0x0000000000000000       0x38 ./Core/Src/main.o
 .debug_aranges
                0x0000000000000038       0x20 ./Core/Src/stm32l4xx_hal_msp.o
 .debug_aranges
                0x0000000000000058       0x60 ./Core/Src/stm32l4xx_it.o
 .debug_aranges
                0x00000000000000b8       0x20 ./Core/Src/sysmem.o
 .debug_aranges
                0x00000000000000d8       0x28 ./Core/Src/system_stm32l4xx.o
 .debug_aranges
                0x0000000000000100       0x28 ./Core/Src/timer.o
 .debug_aranges
                0x0000000000000128       0x30 ./Core/Src/usart.o
 .debug_aranges
                0x0000000000000158       0x28 ./Core/Startup/startup_stm32l476rgtx.o
 .debug_aranges
                0x0000000000000180      0x130 ./Drivers/STM32L4xx_HAL_Driver/Src/stm32l4xx_hal.o
 .debug_aranges
                0x00000000000002b0      0x118 ./Drivers/STM32L4xx_HAL_Driver/Src/stm32l4xx_hal_cortex.o

.debug_rnglists
                0x0000000000000000      0x2aa
 .debug_rnglists
                0x0000000000000000       0x28 ./Core/Src/main.o
 .debug_rnglists
                0x0000000000000028       0x13 ./Core/Src/stm32l4xx_hal_msp.o
 .debug_rnglists
                0x000000000000003b       0x43 ./Core/Src/stm32l4xx_it.o
 .debug_rnglists
                0x000000000000007e       0x13 ./Core/Src/sysmem.o
 .debug_rnglists
                0x0000000000000091       0x1a ./Core/Src/system_stm32l4xx.o
 .debug_rnglists
                0x00000000000000ab       0x19 ./Core/Src/timer.o
 .debug_rnglists
                0x00000000000000c4       0x20 ./Core/Src/usart.o
 .debug_rnglists
                0x00000000000000e4       0x19 ./Core/Startup/startup_stm32l476rgtx.o
 .debug_rnglists
                0x00000000000000fd       0xdf ./Drivers/STM32L4xx_HAL_Driver/Src/stm32l4xx_hal.o
 .debug_rnglists
                0x00000000000001dc       0xce ./Drivers/STM32L4xx_HAL_Driver/Src/stm32l4xx_hal_cortex.o

.debug_macro    0x0000000000000000    0x24d33
 .debug_macro   0x0000000000000000      0x2bd ./Core/Src/main.o
 .debug_macro   0x00000000000002bd      0xaa8 ./Core/Src/main.o
 .debug_macro   0x0000000000000d65      0x19b ./Core/Src/main.o
 .debug_macro   0x0000000000000f00       0x2e ./Core/Src/main.o
 .debug_macro   0x0000000000000f2e       0x28 ./Core/Src/main.o
 .debug_macro   0x0000000000000f56       0x22 ./Core/Src/main.o
 .debug_macro   0x0000000000000f78       0x8e ./Core/Src/main.o
 .debug_macro   0x0000000000001006       0x51 ./Core/Src/main.o
 .debug_macro   0x0000000000001057      0x103 ./Core/Src/main.o
 .debug_macro   0x000000000000115a       0x6a ./Core/Src/main.o
 .debug_macro   0x00000000000011c4      0x1df ./Core/Src/main.o
 .debug_macro   0x00000000000013a3       0x1c ./Core/Src/main.o
 .debug_macro   0x00000000000013bf       0x22 ./Core/Src/main.o
 .debug_macro   0x00000000000013e1       0xfb ./Core/Src/main.o
 .debug_macro   0x00000000000014dc     0x1011 ./Core/Src/main.o
 .debug_macro   0x00000000000024ed      0x11f ./Core/Src/main.o
 .debug_macro   0x000000000000260c    0x1a17a ./Core/Src/main.o
 .debug_macro   0x000000000001c786       0x6d ./Core/Src/main.o
 .debug_macro   0x000000000001c7f3     0x38e6 ./Core/Src/main.o
 .debug_macro   0x00000000000200d9      0x174 ./Core/Src/main.o
 .debug_macro   0x000000000002024d       0x5c ./Core/Src/main.o
 .debug_macro   0x00000000000202a9     0x159e ./Core/Src/main.o
 .debug_macro   0x0000000000021847      0x5a5 ./Core/Src/main.o
 .debug_macro   0x0000000000021dec      0x1b9 ./Core/Src/main.o
 .debug_macro   0x0000000000021fa5      0x18b ./Core/Src/main.o
 .debug_macro   0x0000000000022130      0x26b ./Core/Src/main.o
 .debug_macro   0x000000000002239b      0x23d ./Core/Src/main.o
 .debug_macro   0x00000000000225d8      0x241 ./Core/Src/main.o
 .debug_macro   0x0000000000022819      0x37c ./Core/Src/main.o
 .debug_macro   0x0000000000022b95       0xd6 ./Core/Src/main.o
 .debug_macro   0x0000000000022c6b      0x122 ./Core/Src/main.o
 .debug_macro   0x0000000000022d8d      0x3ef ./Core/Src/main.o
 .debug_macro   0x000000000002317c      0x330 ./Core/Src/main.o
 .debug_macro   0x00000000000234ac       0x61 ./Core/Src/main.o
 .debug_macro   0x000000000002350d       0x2a ./Core/Src/main.o
 .debug_macro   0x0000000000023537       0x43 ./Core/Src/main.o
 .debug_macro   0x000000000002357a       0x34 ./Core/Src/main.o
 .debug_macro   0x00000000000235ae       0x16 ./Core/Src/main.o
 .debug_macro   0x00000000000235c4       0x35 ./Core/Src/main.o
 .debug_macro   0x00000000000235f9      0x369 ./Core/Src/main.o
 .debug_macro   0x0000000000023962       0x10 ./Core/Src/main.o
 .debug_macro   0x0000000000023972       0x16 ./Core/Src/main.o
 .debug_macro   0x0000000000023988       0x43 ./Core/Src/main.o
 .debug_macro   0x00000000000239cb       0x34 ./Core/Src/main.o
 .debug_macro   0x00000000000239ff       0x10 ./Core/Src/main.o
 .debug_macro   0x0000000000023a0f       0x58 ./Core/Src/main.o
 .debug_macro   0x0000000000023a67       0x8e ./Core/Src/main.o
 .debug_macro   0x0000000000023af5       0x1c ./Core/Src/main.o
 .debug_macro   0x0000000000023b11      0x177 ./Core/Src/main.o
 .debug_macro   0x0000000000023c88       0x16 ./Core/Src/main.o
 .debug_macro   0x0000000000023c9e       0x16 ./Core/Src/main.o
 .debug_macro   0x0000000000023cb4      0x147 ./Core/Src/main.o
 .debug_macro   0x0000000000023dfb       0x16 ./Core/Src/main.o
 .debug_macro   0x0000000000023e11       0x20 ./Core/Src/main.o
 .debug_macro   0x0000000000023e31       0x10 ./Core/Src/main.o
 .debug_macro   0x0000000000023e41      0x1a2 ./Core/Src/stm32l4xx_hal_msp.o
 .debug_macro   0x0000000000023fe3      0x1ac ./Core/Src/stm32l4xx_it.o
 .debug_macro   0x000000000002418f       0xff ./Core/Src/sysmem.o
 .debug_macro   0x000000000002428e      0x23c ./Core/Src/sysmem.o
 .debug_macro   0x00000000000244ca      0x198 ./Core/Src/system_stm32l4xx.o
 .debug_macro   0x0000000000024662      0x1ab ./Core/Src/timer.o
 .debug_macro   0x000000000002480d      0x1a8 ./Core/Src/usart.o
 .debug_macro   0x00000000000249b5      0x1e6 ./Drivers/STM32L4xx_HAL_Driver/Src/stm32l4xx_hal.o
 .debug_macro   0x0000000000024b9b      0x198 ./Drivers/STM32L4xx_HAL_Driver/Src/stm32l4xx_hal_cortex.o

.debug_line     0x0000000000000000     0x4bdd
 .debug_line    0x0000000000000000      0x987 ./Core/Src/main.o
 .debug_line    0x0000000000000987      0x6ec ./Core/Src/stm32l4xx_hal_msp.o
 .debug_line    0x0000000000001073      0x7ae ./Core/Src/stm32l4xx_it.o
 .debug_line    0x0000000000001821      0x583 ./Core/Src/sysmem.o
 .debug_line    0x0000000000001da4      0x783 ./Core/Src/system_stm32l4xx.o
 .debug_line    0x0000000000002527      0x71f ./Core/Src/timer.o
 .debug_line    0x0000000000002c46      0x7c0 ./Core/Src/usart.o
 .debug_line    0x0000000000003406       0x7a ./Core/Startup/startup_stm32l476rgtx.o
 .debug_line    0x0000000000003480      0xadb ./Drivers/STM32L4xx_HAL_Driver/Src/stm32l4xx_hal.o
 .debug_line    0x0000000000003f5b      0xc82 ./Drivers/STM32L4xx_HAL_Driver/Src/stm32l4xx_hal_cortex.o

.debug_str      0x0000000000000000    0xe131b
 .debug_str     0x0000000000000000    0xdfd9d ./Core/Src/main.o
                                      0xe009b (size before relaxing)
 .debug_str     0x00000000000dfd9d       0x33 ./Core/Src/stm32l4xx_hal_msp.o
                                      0xdc59f (size before relaxing)
 .debug_str     0x00000000000dfdd0       0xc9 ./Core/Src/stm32l4xx_it.o
                                      0xdc4d8 (size before relaxing)
 .debug_str     0x00000000000dfe99      0x4e6 ./Core/Src/sysmem.o
                                       0x6058 (size before relaxing)
 .debug_str     0x00000000000e037f       0xf2 ./Core/Src/system_stm32l4xx.o
                                      0xdc666 (size before relaxing)
 .debug_str     0x00000000000e0471      0x494 ./Core/Src/timer.o
                                      0xdcb6a (size before relaxing)
 .debug_str     0x00000000000e0905       0x43 ./Core/Src/usart.o
                                      0xdcb56 (size before relaxing)
 .debug_str     0x00000000000e0948       0x34 ./Core/Startup/startup_stm32l476rgtx.o
                                         0x6a (size before relaxing)
 .debug_str     0x00000000000e097c      0x670 ./Drivers/STM32L4xx_HAL_Driver/Src/stm32l4xx_hal.o
                                      0xdd1f9 (size before relaxing)
 .debug_str     0x00000000000e0fec      0x32f ./Drivers/STM32L4xx_HAL_Driver/Src/stm32l4xx_hal_cortex.o
                                      0xdcead (size before relaxing)

.debug_frame    0x0000000000000000     0x11b8
 .debug_frame   0x0000000000000000       0x8c ./Core/Src/main.o
 .debug_frame   0x000000000000008c       0x38 ./Core/Src/stm32l4xx_hal_msp.o
 .debug_frame   0x00000000000000c4      0x104 ./Core/Src/stm32l4xx_it.o
 .debug_frame   0x00000000000001c8       0x34 ./Core/Src/sysmem.o
 .debug_frame   0x00000000000001fc       0x58 ./Core/Src/system_stm32l4xx.o
 .debug_frame   0x0000000000000254       0x50 ./Core/Src/timer.o
 .debug_frame   0x00000000000002a4       0x80 ./Core/Src/usart.o
 .debug_frame   0x0000000000000324      0x498 ./Drivers/STM32L4xx_HAL_Driver/Src/stm32l4xx_hal.o
 .debug_frame   0x00000000000007bc      0x498 ./Drivers/STM32L4xx_HAL_Driver/Src/stm32l4xx_hal_cortex.o
 .debug_frame   0x0000000000000c54      0x144 C:/ST/STM32CubeIDE_1.14.0/STM32CubeIDE/plugins/com.st.stm32cube.ide.mcu.externaltools.gnu-tools-for-stm32.11.3.rel1.win32_1.1.100.202309141235/tools/bin/../lib/gcc/arm-none-eabi/11.3.1/../../../../arm-none-eabi/lib/thumb/v7e-m+fp/hard\libc_nano.a(libc_a-findfp.o)
 .debug_frame   0x0000000000000d98       0x6c C:/ST/STM32CubeIDE_1.14.0/STM32CubeIDE/plugins/com.st.stm32cube.ide.mcu.externaltools.gnu-tools-for-stm32.11.3.rel1.win32_1.1.100.202309141235/tools/bin/../lib/gcc/arm-none-eabi/11.3.1/../../../../arm-none-eabi/lib/thumb/v7e-m+fp/hard\libc_nano.a(libc_a-sprintf.o)
 .debug_frame   0x0000000000000e04       0x38 C:/ST/STM32CubeIDE_1.14.0/STM32CubeIDE/plugins/com.st.stm32cube.ide.mcu.externaltools.gnu-tools-for-stm32.11.3.rel1.win32_1.1.100.202309141235/tools/bin/../lib/gcc/arm-none-eabi/11.3.1/../../../../arm-none-eabi/lib/thumb/v7e-m+fp/hard\libc_nano.a(libc_a-reent.o)
 .debug_frame   0x0000000000000e3c       0x20 C:/ST/STM32CubeIDE_1.14.0/STM32CubeIDE/plugins/com.st.stm32cube.ide.mcu.externaltools.gnu-tools-for-stm32.11.3.rel1.win32_1.1.100.202309141235/tools/bin/../lib/gcc/arm-none-eabi/11.3.1/../../../../arm-none-eabi/lib/thumb/v7e-m+fp/hard\libc_nano.a(libc_a-errno.o)
 .debug_frame   0x0000000000000e5c       0x2c C:/ST/STM32CubeIDE_1.14.0/STM32CubeIDE/plugins/com.st.stm32cube.ide.mcu.externaltools.gnu-tools-for-stm32.11.3.rel1.win32_1.1.100.202309141235/tools/bin/../lib/gcc/arm-none-eabi/11.3.1/../../../../arm-none-eabi/lib/thumb/v7e-m+fp/hard\libc_nano.a(libc_a-init.o)
 .debug_frame   0x0000000000000e88       0xb0 C:/ST/STM32CubeIDE_1.14.0/STM32CubeIDE/plugins/com.st.stm32cube.ide.mcu.externaltools.gnu-tools-for-stm32.11.3.rel1.win32_1.1.100.202309141235/tools/bin/../lib/gcc/arm-none-eabi/11.3.1/../../../../arm-none-eabi/lib/thumb/v7e-m+fp/hard\libc_nano.a(libc_a-lock.o)
 .debug_frame   0x0000000000000f38       0x38 C:/ST/STM32CubeIDE_1.14.0/STM32CubeIDE/plugins/com.st.stm32cube.ide.mcu.externaltools.gnu-tools-for-stm32.11.3.rel1.win32_1.1.100.202309141235/tools/bin/../lib/gcc/arm-none-eabi/11.3.1/../../../../arm-none-eabi/lib/thumb/v7e-m+fp/hard\libc_nano.a(libc_a-freer.o)
 .debug_frame   0x0000000000000f70       0x50 C:/ST/STM32CubeIDE_1.14.0/STM32CubeIDE/plugins/com.st.stm32cube.ide.mcu.externaltools.gnu-tools-for-stm32.11.3.rel1.win32_1.1.100.202309141235/tools/bin/../lib/gcc/arm-none-eabi/11.3.1/../../../../arm-none-eabi/lib/thumb/v7e-m+fp/hard\libc_nano.a(libc_a-mallocr.o)
 .debug_frame   0x0000000000000fc0       0x30 C:/ST/STM32CubeIDE_1.14.0/STM32CubeIDE/plugins/com.st.stm32cube.ide.mcu.externaltools.gnu-tools-for-stm32.11.3.rel1.win32_1.1.100.202309141235/tools/bin/../lib/gcc/arm-none-eabi/11.3.1/../../../../arm-none-eabi/lib/thumb/v7e-m+fp/hard\libc_nano.a(libc_a-mlock.o)
 .debug_frame   0x0000000000000ff0       0x90 C:/ST/STM32CubeIDE_1.14.0/STM32CubeIDE/plugins/com.st.stm32cube.ide.mcu.externaltools.gnu-tools-for-stm32.11.3.rel1.win32_1.1.100.202309141235/tools/bin/../lib/gcc/arm-none-eabi/11.3.1/../../../../arm-none-eabi/lib/thumb/v7e-m+fp/hard\libc_nano.a(libc_a-nano-svfprintf.o)
 .debug_frame   0x0000000000001080       0x60 C:/ST/STM32CubeIDE_1.14.0/STM32CubeIDE/plugins/com.st.stm32cube.ide.mcu.externaltools.gnu-tools-for-stm32.11.3.rel1.win32_1.1.100.202309141235/tools/bin/../lib/gcc/arm-none-eabi/11.3.1/../../../../arm-none-eabi/lib/thumb/v7e-m+fp/hard\libc_nano.a(libc_a-nano-vfprintf_i.o)
 .debug_frame   0x00000000000010e0       0x28 C:/ST/STM32CubeIDE_1.14.0/STM32CubeIDE/plugins/com.st.stm32cube.ide.mcu.externaltools.gnu-tools-for-stm32.11.3.rel1.win32_1.1.100.202309141235/tools/bin/../lib/gcc/arm-none-eabi/11.3.1/../../../../arm-none-eabi/lib/thumb/v7e-m+fp/hard\libc_nano.a(libc_a-memmove.o)
 .debug_frame   0x0000000000001108       0x2c C:/ST/STM32CubeIDE_1.14.0/STM32CubeIDE/plugins/com.st.stm32cube.ide.mcu.externaltools.gnu-tools-for-stm32.11.3.rel1.win32_1.1.100.202309141235/tools/bin/../lib/gcc/arm-none-eabi/11.3.1/../../../../arm-none-eabi/lib/thumb/v7e-m+fp/hard\libc_nano.a(libc_a-sbrkr.o)
 .debug_frame   0x0000000000001134       0x28 C:/ST/STM32CubeIDE_1.14.0/STM32CubeIDE/plugins/com.st.stm32cube.ide.mcu.externaltools.gnu-tools-for-stm32.11.3.rel1.win32_1.1.100.202309141235/tools/bin/../lib/gcc/arm-none-eabi/11.3.1/../../../../arm-none-eabi/lib/thumb/v7e-m+fp/hard\libc_nano.a(libc_a-memcpy-stub.o)
 .debug_frame   0x000000000000115c       0x3c C:/ST/STM32CubeIDE_1.14.0/STM32CubeIDE/plugins/com.st.stm32cube.ide.mcu.externaltools.gnu-tools-for-stm32.11.3.rel1.win32_1.1.100.202309141235/tools/bin/../lib/gcc/arm-none-eabi/11.3.1/../../../../arm-none-eabi/lib/thumb/v7e-m+fp/hard\libc_nano.a(libc_a-reallocr.o)
 .debug_frame   0x0000000000001198       0x20 C:/ST/STM32CubeIDE_1.14.0/STM32CubeIDE/plugins/com.st.stm32cube.ide.mcu.externaltools.gnu-tools-for-stm32.11.3.rel1.win32_1.1.100.202309141235/tools/bin/../lib/gcc/arm-none-eabi/11.3.1/../../../../arm-none-eabi/lib/thumb/v7e-m+fp/hard\libc_nano.a(libc_a-msizer.o)

.debug_line_str
                0x0000000000000000       0x5e
 .debug_line_str
                0x0000000000000000       0x5e ./Core/Startup/startup_stm32l476rgtx.o
                                         0x76 (size before relaxing)
