Archive member included to satisfy reference by file (symbol)

C:/ST/STM32CubeIDE_1.14.0/STM32CubeIDE/plugins/com.st.stm32cube.ide.mcu.externaltools.gnu-tools-for-stm32.11.3.rel1.win32_1.1.100.202309141235/tools/bin/../lib/gcc/arm-none-eabi/11.3.1/../../../../arm-none-eabi/lib/thumb/v7e-m+fp/hard\libc_nano.a(libc_a-exit.o)
                              C:/ST/STM32CubeIDE_1.14.0/STM32CubeIDE/plugins/com.st.stm32cube.ide.mcu.externaltools.gnu-tools-for-stm32.11.3.rel1.win32_1.1.100.202309141235/tools/bin/../lib/gcc/arm-none-eabi/11.3.1/../../../../arm-none-eabi/lib/thumb/v7e-m+fp/hard/crt0.o (exit)
C:/ST/STM32CubeIDE_1.14.0/STM32CubeIDE/plugins/com.st.stm32cube.ide.mcu.externaltools.gnu-tools-for-stm32.11.3.rel1.win32_1.1.100.202309141235/tools/bin/../lib/gcc/arm-none-eabi/11.3.1/../../../../arm-none-eabi/lib/thumb/v7e-m+fp/hard\libc_nano.a(libc_a-findfp.o)
                              C:/ST/STM32CubeIDE_1.14.0/STM32CubeIDE/plugins/com.st.stm32cube.ide.mcu.externaltools.gnu-tools-for-stm32.11.3.rel1.win32_1.1.100.202309141235/tools/bin/../lib/gcc/arm-none-eabi/11.3.1/../../../../arm-none-eabi/lib/thumb/v7e-m+fp/hard\libc_nano.a(libc_a-exit.o) (__stdio_exit_handler)
C:/ST/STM32CubeIDE_1.14.0/STM32CubeIDE/plugins/com.st.stm32cube.ide.mcu.externaltools.gnu-tools-for-stm32.11.3.rel1.win32_1.1.100.202309141235/tools/bin/../lib/gcc/arm-none-eabi/11.3.1/../../../../arm-none-eabi/lib/thumb/v7e-m+fp/hard\libc_nano.a(libc_a-fwalk.o)
                              C:/ST/STM32CubeIDE_1.14.0/STM32CubeIDE/plugins/com.st.stm32cube.ide.mcu.externaltools.gnu-tools-for-stm32.11.3.rel1.win32_1.1.100.202309141235/tools/bin/../lib/gcc/arm-none-eabi/11.3.1/../../../../arm-none-eabi/lib/thumb/v7e-m+fp/hard\libc_nano.a(libc_a-findfp.o) (_fwalk_sglue)
C:/ST/STM32CubeIDE_1.14.0/STM32CubeIDE/plugins/com.st.stm32cube.ide.mcu.externaltools.gnu-tools-for-stm32.11.3.rel1.win32_1.1.100.202309141235/tools/bin/../lib/gcc/arm-none-eabi/11.3.1/../../../../arm-none-eabi/lib/thumb/v7e-m+fp/hard\libc_nano.a(libc_a-stdio.o)
                              C:/ST/STM32CubeIDE_1.14.0/STM32CubeIDE/plugins/com.st.stm32cube.ide.mcu.externaltools.gnu-tools-for-stm32.11.3.rel1.win32_1.1.100.202309141235/tools/bin/../lib/gcc/arm-none-eabi/11.3.1/../../../../arm-none-eabi/lib/thumb/v7e-m+fp/hard\libc_nano.a(libc_a-findfp.o) (__sread)
C:/ST/STM32CubeIDE_1.14.0/STM32CubeIDE/plugins/com.st.stm32cube.ide.mcu.externaltools.gnu-tools-for-stm32.11.3.rel1.win32_1.1.100.202309141235/tools/bin/../lib/gcc/arm-none-eabi/11.3.1/../../../../arm-none-eabi/lib/thumb/v7e-m+fp/hard\libc_nano.a(libc_a-memset.o)
                              C:/ST/STM32CubeIDE_1.14.0/STM32CubeIDE/plugins/com.st.stm32cube.ide.mcu.externaltools.gnu-tools-for-stm32.11.3.rel1.win32_1.1.100.202309141235/tools/bin/../lib/gcc/arm-none-eabi/11.3.1/../../../../arm-none-eabi/lib/thumb/v7e-m+fp/hard/crt0.o (memset)
C:/ST/STM32CubeIDE_1.14.0/STM32CubeIDE/plugins/com.st.stm32cube.ide.mcu.externaltools.gnu-tools-for-stm32.11.3.rel1.win32_1.1.100.202309141235/tools/bin/../lib/gcc/arm-none-eabi/11.3.1/../../../../arm-none-eabi/lib/thumb/v7e-m+fp/hard\libc_nano.a(libc_a-closer.o)
                              C:/ST/STM32CubeIDE_1.14.0/STM32CubeIDE/plugins/com.st.stm32cube.ide.mcu.externaltools.gnu-tools-for-stm32.11.3.rel1.win32_1.1.100.202309141235/tools/bin/../lib/gcc/arm-none-eabi/11.3.1/../../../../arm-none-eabi/lib/thumb/v7e-m+fp/hard\libc_nano.a(libc_a-stdio.o) (_close_r)
C:/ST/STM32CubeIDE_1.14.0/STM32CubeIDE/plugins/com.st.stm32cube.ide.mcu.externaltools.gnu-tools-for-stm32.11.3.rel1.win32_1.1.100.202309141235/tools/bin/../lib/gcc/arm-none-eabi/11.3.1/../../../../arm-none-eabi/lib/thumb/v7e-m+fp/hard\libc_nano.a(libc_a-reent.o)
                              C:/ST/STM32CubeIDE_1.14.0/STM32CubeIDE/plugins/com.st.stm32cube.ide.mcu.externaltools.gnu-tools-for-stm32.11.3.rel1.win32_1.1.100.202309141235/tools/bin/../lib/gcc/arm-none-eabi/11.3.1/../../../../arm-none-eabi/lib/thumb/v7e-m+fp/hard\libc_nano.a(libc_a-closer.o) (errno)
C:/ST/STM32CubeIDE_1.14.0/STM32CubeIDE/plugins/com.st.stm32cube.ide.mcu.externaltools.gnu-tools-for-stm32.11.3.rel1.win32_1.1.100.202309141235/tools/bin/../lib/gcc/arm-none-eabi/11.3.1/../../../../arm-none-eabi/lib/thumb/v7e-m+fp/hard\libc_nano.a(libc_a-impure.o)
                              C:/ST/STM32CubeIDE_1.14.0/STM32CubeIDE/plugins/com.st.stm32cube.ide.mcu.externaltools.gnu-tools-for-stm32.11.3.rel1.win32_1.1.100.202309141235/tools/bin/../lib/gcc/arm-none-eabi/11.3.1/../../../../arm-none-eabi/lib/thumb/v7e-m+fp/hard\libc_nano.a(libc_a-reent.o) (_impure_ptr)
C:/ST/STM32CubeIDE_1.14.0/STM32CubeIDE/plugins/com.st.stm32cube.ide.mcu.externaltools.gnu-tools-for-stm32.11.3.rel1.win32_1.1.100.202309141235/tools/bin/../lib/gcc/arm-none-eabi/11.3.1/../../../../arm-none-eabi/lib/thumb/v7e-m+fp/hard\libc_nano.a(libc_a-lseekr.o)
[...]
Memory Configuration

Name             Origin             Length             Attributes
RAM              0x0000000020000000 0x0000000000018000 xrw
RAM2             0x0000000010000000 0x0000000000008000 xrw
FLASH            0x0000000008000000 0x0000000000100000 xr
*default*        0x0000000000000000 0xffffffffffffffff

Linker script and memory map

LOAD C:/ST/STM32CubeIDE_1.14.0/STM32CubeIDE/plugins/com.st.stm32cube.ide.mcu.externaltools.gnu-tools-for-stm32.11.3.rel1.win32_1.1.100.202309141235/tools/bin/../lib/gcc/arm-none-eabi/11.3.1/thumb/v7e-m+fp/hard/crti.o
LOAD C:/ST/STM32CubeIDE_1.14.0/STM32CubeIDE/plugins/com.st.stm32cube.ide.mcu.externaltools.gnu-tools-for-stm32.11.3.rel1.win32_1.1.100.202309141235/tools/bin/../lib/gcc/arm-none-eabi/11.3.1/thumb/v7e-m+fp/hard/crtbegin.o
LOAD C:/ST/STM32CubeIDE_1.14.0/STM32CubeIDE/plugins/com.st.stm32cube.ide.mcu.externaltools.gnu-tools-for-stm32.11.3.rel1.win32_1.1.100.202309141235/tools/bin/../lib/gcc/arm-none-eabi/11.3.1/../../../../arm-none-eabi/lib/thumb/v7e-m+fp/hard/crt0.o
LOAD ./Core/Src/gpio.o
LOAD ./Core/Src/main.o
LOAD ./Core/Src/spi.o
LOAD ./Core/Src/spsgrf.o
LOAD ./Core/Src/stm32l4xx_hal_msp.o
LOAD ./Core/Src/stm32l4xx_it.o
LOAD ./Core/Src/syscalls.o
LOAD ./Core/Src/sysmem.o
LOAD ./Core/Src/system_stm32l4xx.o
LOAD ./Core/Src/usart.o
LOAD ./Core/Startup/startup_stm32l476rgtx.o
LOAD ./Drivers/Drivers/BSP/Components/spirit1/SPIRIT1_Library/Src/SPIRIT_Aes.o
LOAD ./Drivers/Drivers/BSP/Components/spirit1/SPIRIT1_Library/Src/SPIRIT_Calibration.o
LOAD ./Drivers/Drivers/BSP/Components/spirit1/SPIRIT1_Library/Src/SPIRIT_Commands.o
LOAD ./Drivers/Drivers/BSP/Components/spirit1/SPIRIT1_Library/Src/SPIRIT_Csma.o
LOAD ./Drivers/Drivers/BSP/Components/spirit1/SPIRIT1_Library/Src/SPIRIT_DirectRF.o
LOAD ./Drivers/Drivers/BSP/Components/spirit1/SPIRIT1_Library/Src/SPIRIT_General.o
LOAD ./Drivers/Drivers/BSP/Components/spirit1/SPIRIT1_Library/Src/SPIRIT_Gpio.o
LOAD ./Drivers/Drivers/BSP/Components/spirit1/SPIRIT1_Library/Src/SPIRIT_Irq.o
LOAD ./Drivers/Drivers/BSP/Components/spirit1/SPIRIT1_Library/Src/SPIRIT_LinearFifo.o
LOAD ./Drivers/Drivers/BSP/Components/spirit1/SPIRIT1_Library/Src/SPIRIT_Management.o
LOAD ./Drivers/Drivers/BSP/Components/spirit1/SPIRIT1_Library/Src/SPIRIT_PktBasic.o
LOAD ./Drivers/Drivers/BSP/Components/spirit1/SPIRIT1_Library/Src/SPIRIT_PktCommon.o
LOAD ./Drivers/Drivers/BSP/Components/spirit1/SPIRIT1_Library/Src/SPIRIT_PktMbus.o
LOAD ./Drivers/Drivers/BSP/Components/spirit1/SPIRIT1_Library/Src/SPIRIT_PktStack.o
LOAD ./Drivers/Drivers/BSP/Components/spirit1/SPIRIT1_Library/Src/SPIRIT_Qi.o
LOAD ./Drivers/Drivers/BSP/Components/spirit1/SPIRIT1_Library/Src/SPIRIT_Radio.o
LOAD ./Drivers/Drivers/BSP/Components/spirit1/SPIRIT1_Library/Src/SPIRIT_Timer.o
LOAD ./Drivers/Drivers/BSP/Components/spirit1/SPIRIT1_Library/Src/SPIRIT_Types.o
LOAD ./Drivers/Drivers/BSP/Components/spirit1/radio_target.o
LOAD ./Drivers/STM32L4xx_HAL_Driver/Src/stm32l4xx_hal.o
LOAD ./Drivers/STM32L4xx_HAL_Driver/Src/stm32l4xx_hal_cortex.o
LOAD ./Drivers/STM32L4xx_HAL_Driver/Src/stm32l4xx_hal_dma.o
LOAD ./Drivers/STM32L4xx_HAL_Driver/Src/stm32l4xx_hal_dma_ex.o
LOAD ./Drivers/STM32L4xx_HAL_Driver/Src/stm32l4xx_hal_exti.o
LOAD ./Drivers/STM32L4xx_HAL_Driver/Src/stm32l4xx_hal_flash.o
LOAD ./Drivers/STM32L4xx_HAL_Driver/Src/stm32l4xx_hal_flash_ex.o
LOAD ./Drivers/STM32L4xx_HAL_Driver/Src/stm32l4xx_hal_flash_ramfunc.o
LOAD ./Drivers/STM32L4xx_HAL_Driver/Src/stm32l4xx_hal_gpio.o
LOAD ./Drivers/STM32L4xx_HAL_Driver/Src/stm32l4xx_hal_i2c.o
LOAD ./Drivers/STM32L4xx_HAL_Driver/Src/stm32l4xx_hal_i2c_ex.o
LOAD ./Drivers/STM32L4xx_HAL_Driver/Src/stm32l4xx_hal_pwr.o
LOAD ./Drivers/STM32L4xx_HAL_Driver/Src/stm32l4xx_hal_pwr_ex.o
LOAD ./Drivers/STM32L4xx_HAL_Driver/Src/stm32l4xx_hal_rcc.o
LOAD ./Drivers/STM32L4xx_HAL_Driver/Src/stm32l4xx_hal_rcc_ex.o
LOAD ./Drivers/STM32L4xx_HAL_Driver/Src/stm32l4xx_hal_spi.o
LOAD ./Drivers/STM32L4xx_HAL_Driver/Src/stm32l4xx_hal_spi_ex.o
LOAD ./Drivers/STM32L4xx_HAL_Driver/Src/stm32l4xx_hal_tim.o
LOAD ./Drivers/STM32L4xx_HAL_Driver/Src/stm32l4xx_hal_tim_ex.o
LOAD ./Drivers/STM32L4xx_HAL_Driver/Src/stm32l4xx_hal_uart.o
LOAD ./Drivers/STM32L4xx_HAL_Driver/Src/stm32l4xx_hal_uart_ex.o
START GROUP
LOAD C:/ST/STM32CubeIDE_1.14.0/STM32CubeIDE/plugins/com.st.stm32cube.ide.mcu.externaltools.gnu-tools-for-stm32.11.3.rel1.win32_1.1.100.202309141235/tools/bin/../lib/gcc/arm-none-eabi/11.3.1/../../../../arm-none-eabi/lib/thumb/v7e-m+fp/hard\libc_nano.a
LOAD C:/ST/STM32CubeIDE_1.14.0/STM32CubeIDE/plugins/com.st.stm32cube.ide.mcu.externaltools.gnu-tools-for-stm32.11.3.rel1.win32_1.1.100.202309141235/tools/bin/../lib/gcc/arm-none-eabi/11.3.1/../../../../arm-none-eabi/lib/thumb/v7e-m+fp/hard\libm.a
END GROUP
START GROUP
LOAD C:/ST/STM32CubeIDE_1.14.0/STM32CubeIDE/plugins/com.st.stm32cube.ide.mcu.externaltools.gnu-tools-for-stm32.11.3.rel1.win32_1.1.100.202309141235/tools/bin/../lib/gcc/arm-none-eabi/11.3.1/thumb/v7e-m+fp/hard\libgcc.a
LOAD C:/ST/STM32CubeIDE_1.14.0/STM32CubeIDE/plugins/com.st.stm32cube.ide.mcu.externaltools.gnu-tools-for-stm32.11.3.rel1.win32_1.1.100.202309141235/tools/bin/../lib/gcc/arm-none-eabi/11.3.1/../../../../arm-none-eabi/lib/thumb/v7e-m+fp/hard\libc_nano.a
END GROUP
START GROUP
LOAD C:/ST/STM32CubeIDE_1.14.0/STM32CubeIDE/plugins/com.st.stm32cube.ide.mcu.externaltools.gnu-tools-for-stm32.11.3.rel1.win32_1.1.100.202309141235/tools/bin/../lib/gcc/arm-none-eabi/11.3.1/thumb/v7e-m+fp/hard\libgcc.a
LOAD C:/ST/STM32CubeIDE_1.14.0/STM32CubeIDE/plugins/com.st.stm32cube.ide.mcu.externaltools.gnu-tools-for-stm32.11.3.rel1.win32_1.1.100.202309141235/tools/bin/../lib/gcc/arm-none-eabi/11.3.1/../../../../arm-none-eabi/lib/thumb/v7e-m+fp/hard\libc_nano.a
LOAD C:/ST/STM32CubeIDE_1.14.0/STM32CubeIDE/plugins/com.st.stm32cube.ide.mcu.externaltools.gnu-tools-for-stm32.11.3.rel1.win32_1.1.100.202309141235/tools/bin/../lib/gcc/arm-none-eabi/11.3.1/../../../../arm-none-eabi/lib/thumb/v7e-m+fp/hard\libnosys.a
END GROUP
START GROUP
LOAD C:/ST/STM32CubeIDE_1.14.0/STM32CubeIDE/plugins/com.st.stm32cube.ide.mcu.externaltools.gnu-tools-for-stm32.11.3.rel1.win32_1.1.100.202309141235/tools/bin/../lib/gcc/arm-none-eabi/11.3.1/thumb/v7e-m+fp/hard\libgcc.a
LOAD C:/ST/STM32CubeIDE_1.14.0/STM32CubeIDE/plugins/com.st.stm32cube.ide.mcu.externaltools.gnu-tools-for-stm32.11.3.rel1.win32_1.1.100.202309141235/tools/bin/../lib/gcc/arm-none-eabi/11.3.1/../../../../arm-none-eabi/lib/thumb/v7e-m+fp/hard\libc_nano.a
LOAD C:/ST/STM32CubeIDE_1.14.0/STM32CubeIDE/plugins/com.st.stm32cube.ide.mcu.externaltools.gnu-tools-for-stm32.11.3.rel1.win32_1.1.100.202309141235/tools/bin/../lib/gcc/arm-none-eabi/11.3.1/../../../../arm-none-eabi/lib/thumb/v7e-m+fp/hard\libnosys.a
END GROUP
LOAD C:/ST/STM32CubeIDE_1.14.0/STM32CubeIDE/plugins/com.st.stm32cube.ide.mcu.externaltools.gnu-tools-for-stm32.11.3.rel1.win32_1.1.100.202309141235/tools/bin/../lib/gcc/arm-none-eabi/11.3.1/thumb/v7e-m+fp/hard/crtend.o
LOAD C:/ST/STM32CubeIDE_1.14.0/STM32CubeIDE/plugins/com.st.stm32cube.ide.mcu.externaltools.gnu-tools-for-stm32.11.3.rel1.win32_1.1.100.202309141235/tools/bin/../lib/gcc/arm-none-eabi/11.3.1/thumb/v7e-m+fp/hard/crtn.o
                0x0000000020018000                _estack = (ORIGIN (RAM) + LENGTH (RAM))
                0x0000000000000200                _Min_Heap_Size = 0x200
                0x0000000000000400                _Min_Stack_Size = 0x400

.isr_vector     0x0000000008000000      0x188
                0x0000000008000000                . = ALIGN (0x4)
 *(.isr_vector)
 .isr_vector    0x0000000008000000      0x188 ./Core/Startup/startup_stm32l476rgtx.o
                0x0000000008000000                g_pfnVectors
                0x0000000008000188                . = ALIGN (0x4)

.text           0x0000000008000188     0x711c
                0x0000000008000188                . = ALIGN (0x4)
 *(.text)
 .text          0x0000000008000188       0x40 C:/ST/STM32CubeIDE_1.14.0/STM32CubeIDE/plugins/com.st.stm32cube.ide.mcu.externaltools.gnu-tools-for-stm32.11.3.rel1.win32_1.1.100.202309141235/tools/bin/../lib/gcc/arm-none-eabi/11.3.1/thumb/v7e-m+fp/hard/crtbegin.o
 .text          0x00000000080001c8       0x10 C:/ST/STM32CubeIDE_1.14.0/STM32CubeIDE/plugins/com.st.stm32cube.ide.mcu.externaltools.gnu-tools-for-stm32.11.3.rel1.win32_1.1.100.202309141235/tools/bin/../lib/gcc/arm-none-eabi/11.3.1/../../../../arm-none-eabi/lib/thumb/v7e-m+fp/hard\libc_nano.a(libc_a-strlen.o)
                0x00000000080001c8                strlen
 .text          0x00000000080001d8      0x378 C:/ST/STM32CubeIDE_1.14.0/STM32CubeIDE/plugins/com.st.stm32cube.ide.mcu.externaltools.gnu-tools-for-stm32.11.3.rel1.win32_1.1.100.202309141235/tools/bin/../lib/gcc/arm-none-eabi/11.3.1/thumb/v7e-m+fp/hard\libgcc.a(_arm_addsubdf3.o)
                0x00000000080001d8                __aeabi_drsub
                0x00000000080001e0                __aeabi_dsub
                0x00000000080001e0                __subdf3
                0x00000000080001e4                __aeabi_dadd
                0x00000000080001e4                __adddf3
                0x000000000800045c                __floatunsidf
                0x000000000800045c                __aeabi_ui2d
                0x000000000800047c                __floatsidf
                0x000000000800047c                __aeabi_i2d
                0x00000000080004a0                __aeabi_f2d
                0x00000000080004a0                __extendsfdf2
                0x00000000080004e4                __floatundidf
                0x00000000080004e4                __aeabi_ul2d
                0x00000000080004f4                __floatdidf
                0x00000000080004f4                __aeabi_l2d
 .text          0x0000000008000550      0x424 C:/ST/STM32CubeIDE_1.14.0/STM32CubeIDE/plugins/com.st.stm32cube.ide.mcu.externaltools.gnu-tools-for-stm32.11.3.rel1.win32_1.1.100.202309141235/tools/bin/../lib/gcc/arm-none-eabi/11.3.1/thumb/v7e-m+fp/hard\libgcc.a(_arm_muldivdf3.o)
                0x0000000008000550                __aeabi_dmul
                0x0000000008000550                __muldf3
                0x00000000080007a4                __divdf3
                0x00000000080007a4                __aeabi_ddiv
 .text          0x0000000008000974       0x40 C:/ST/STM32CubeIDE_1.14.0/STM32CubeIDE/plugins/com.st.stm32cube.ide.mcu.externaltools.gnu-tools-for-stm32.11.3.rel1.win32_1.1.100.202309141235/tools/bin/../lib/gcc/arm-none-eabi/11.3.1/thumb/v7e-m+fp/hard\libgcc.a(_arm_fixunsdfsi.o)
                0x0000000008000974                __aeabi_d2uiz
                0x0000000008000974                __fixunsdfsi
 .text          0x00000000080009b4       0x30 C:/ST/STM32CubeIDE_1.14.0/STM32CubeIDE/plugins/com.st.stm32cube.ide.mcu.externaltools.gnu-tools-for-stm32.11.3.rel1.win32_1.1.100.202309141235/tools/bin/../lib/gcc/arm-none-eabi/11.3.1/thumb/v7e-m+fp/hard\libgcc.a(_aeabi_uldivmod.o)
                0x00000000080009b4                __aeabi_uldivmod
 .text          0x00000000080009e4      0x2c8 C:/ST/STM32CubeIDE_1.14.0/STM32CubeIDE/plugins/com.st.stm32cube.ide.mcu.externaltools.gnu-tools-for-stm32.11.3.rel1.win32_1.1.100.202309141235/tools/bin/../lib/gcc/arm-none-eabi/11.3.1/thumb/v7e-m+fp/hard\libgcc.a(_udivmoddi4.o)
                0x00000000080009e4                __udivmoddi4
 .text          0x0000000008000cac        0x4 C:/ST/STM32CubeIDE_1.14.0/STM32CubeIDE/plugins/com.st.stm32cube.ide.mcu.externaltools.gnu-tools-for-stm32.11.3.rel1.win32_1.1.100.202309141235/tools/bin/../lib/gcc/arm-none-eabi/11.3.1/thumb/v7e-m+fp/hard\libgcc.a(_dvmd_tls.o)
                0x0000000008000cac                __aeabi_idiv0
                0x0000000008000cac                __aeabi_ldiv0
 *(.text*)
 .text.MX_GPIO_Init
                0x0000000008000cb0      0x11c ./Core/Src/gpio.o
                0x0000000008000cb0                MX_GPIO_Init
 .text.HAL_GPIO_EXTI_Callback
                0x0000000008000dcc       0x78 ./Core/Src/main.o
                0x0000000008000dcc                HAL_GPIO_EXTI_Callback
 .text.transmit
                0x0000000008000e44       0x7c ./Core/Src/main.o
                0x0000000008000e44                transmit
 .text.main     0x0000000008000ec0       0x28 ./Core/Src/main.o
                0x0000000008000ec0                main
 .text.SystemClock_Config
                0x0000000008000ee8       0xa4 ./Core/Src/main.o
                0x0000000008000ee8                SystemClock_Config
 .text.Error_Handler
                0x0000000008000f8c        0xa ./Core/Src/main.o
                0x0000000008000f8c                Error_Handler
 *fill*         0x0000000008000f96        0x2 
 .text.MX_SPI1_Init
                0x0000000008000f98       0x7c ./Core/Src/spi.o
                0x0000000008000f98                MX_SPI1_Init
 .text.HAL_SPI_MspInit
                0x0000000008001014       0xc0 ./Core/Src/spi.o
                0x0000000008001014                HAL_SPI_MspInit
 .text.SPSGRF_Init
                0x00000000080010d4      0x174 ./Core/Src/spsgrf.o
                0x00000000080010d4                SPSGRF_Init
 .text.SPSGRF_StartTx
                0x0000000008001248       0x42 ./Core/Src/spsgrf.o
                0x0000000008001248                SPSGRF_StartTx
 *fill*         0x000000000800128a        0x2 
 .text.HAL_MspInit
                0x000000000800128c       0x48 ./Core/Src/stm32l4xx_hal_msp.o
                0x000000000800128c                HAL_MspInit
 .text.NMI_Handler
                0x00000000080012d4        0x6 ./Core/Src/stm32l4xx_it.o
                0x00000000080012d4                NMI_Handler
 .text.HardFault_Handler
                0x00000000080012da        0x6 ./Core/Src/stm32l4xx_it.o
                0x00000000080012da                HardFault_Handler
 .text.MemManage_Handler
                0x00000000080012e0        0x6 ./Core/Src/stm32l4xx_it.o
                0x00000000080012e0                MemManage_Handler
 .text.BusFault_Handler
                0x00000000080012e6        0x6 ./Core/Src/stm32l4xx_it.o
                0x00000000080012e6                BusFault_Handler
 .text.UsageFault_Handler
                0x00000000080012ec        0x6 ./Core/Src/stm32l4xx_it.o
                0x00000000080012ec                UsageFault_Handler
 .text.SVC_Handler
                0x00000000080012f2        0xe ./Core/Src/stm32l4xx_it.o
                0x00000000080012f2                SVC_Handler
 .text.DebugMon_Handler
                0x0000000008001300        0xe ./Core/Src/stm32l4xx_it.o
                0x0000000008001300                DebugMon_Handler
 .text.PendSV_Handler
                0x000000000800130e        0xe ./Core/Src/stm32l4xx_it.o
                0x000000000800130e                PendSV_Handler
 .text.SysTick_Handler
                0x000000000800131c        0xc ./Core/Src/stm32l4xx_it.o
                0x000000000800131c                SysTick_Handler
 .text.EXTI9_5_IRQHandler
                0x0000000008001328        0xe ./Core/Src/stm32l4xx_it.o
                0x0000000008001328                EXTI9_5_IRQHandler
 .text.EXTI15_10_IRQHandler
                0x0000000008001336       0x10 ./Core/Src/stm32l4xx_it.o
                0x0000000008001336                EXTI15_10_IRQHandler
 *fill*         0x0000000008001346        0x2 
 .text.SystemInit
                0x0000000008001348       0x24 ./Core/Src/system_stm32l4xx.o
                0x0000000008001348                SystemInit
 .text.MX_USART2_UART_Init
                0x000000000800136c       0x60 ./Core/Src/usart.o
                0x000000000800136c                MX_USART2_UART_Init
 .text.HAL_UART_MspInit
                0x00000000080013cc       0xb8 ./Core/Src/usart.o
                0x00000000080013cc                HAL_UART_MspInit
 .text.Reset_Handler
                0x0000000008001484       0x50 ./Core/Startup/startup_stm32l476rgtx.o
                0x0000000008001484                Reset_Handler
 .text.Default_Handler
                0x00000000080014d4        0x2 ./Core/Startup/startup_stm32l476rgtx.o
                0x00000000080014d4                RTC_Alarm_IRQHandler
                0x00000000080014d4                EXTI2_IRQHandler
                0x00000000080014d4                TIM8_TRG_COM_IRQHandler
                0x00000000080014d4                TIM8_CC_IRQHandler
                0x00000000080014d4                TIM1_CC_IRQHandler
                0x00000000080014d4                TSC_IRQHandler
                0x00000000080014d4                TAMP_STAMP_IRQHandler
                0x00000000080014d4                EXTI3_IRQHandler
                0x00000000080014d4                LPTIM2_IRQHandler
                0x00000000080014d4                DFSDM1_FLT1_IRQHandler
                0x00000000080014d4                I2C3_ER_IRQHandler
                0x00000000080014d4                DFSDM1_FLT2_IRQHandler
                0x00000000080014d4                EXTI0_IRQHandler
                0x00000000080014d4                I2C2_EV_IRQHandler
                0x00000000080014d4                CAN1_RX0_IRQHandler
                0x00000000080014d4                FPU_IRQHandler
                0x00000000080014d4                TIM1_UP_TIM16_IRQHandler
                0x00000000080014d4                ADC1_2_IRQHandler
                0x00000000080014d4                SPI1_IRQHandler
                0x00000000080014d4                TIM6_DAC_IRQHandler
                0x00000000080014d4                TIM8_UP_IRQHandler
                0x00000000080014d4                DMA2_Channel2_IRQHandler
                0x00000000080014d4                DMA1_Channel4_IRQHandler
                0x00000000080014d4                SAI2_IRQHandler
                0x00000000080014d4                DFSDM1_FLT3_IRQHandler
                0x00000000080014d4                USART3_IRQHandler
                0x00000000080014d4                DMA1_Channel7_IRQHandler
                0x00000000080014d4                CAN1_RX1_IRQHandler
                0x00000000080014d4                LCD_IRQHandler
                0x00000000080014d4                UART5_IRQHandler
                0x00000000080014d4                ADC3_IRQHandler
                0x00000000080014d4                TIM4_IRQHandler
                0x00000000080014d4                DMA2_Channel1_IRQHandler
                0x00000000080014d4                QUADSPI_IRQHandler
                0x00000000080014d4                I2C1_EV_IRQHandler
                0x00000000080014d4                DMA1_Channel6_IRQHandler
                0x00000000080014d4                UART4_IRQHandler
                0x00000000080014d4                DMA2_Channel4_IRQHandler
                0x00000000080014d4                TIM3_IRQHandler
                0x00000000080014d4                RCC_IRQHandler
                0x00000000080014d4                DMA1_Channel1_IRQHandler
                0x00000000080014d4                Default_Handler
                0x00000000080014d4                DMA2_Channel7_IRQHandler
                0x00000000080014d4                TIM7_IRQHandler
                0x00000000080014d4                SDMMC1_IRQHandler
                0x00000000080014d4                TIM5_IRQHandler
                0x00000000080014d4                I2C3_EV_IRQHandler
                0x00000000080014d4                RTC_WKUP_IRQHandler
                0x00000000080014d4                PVD_PVM_IRQHandler
                0x00000000080014d4                SPI2_IRQHandler
                0x00000000080014d4                CAN1_TX_IRQHandler
                0x00000000080014d4                DMA2_Channel5_IRQHandler
                0x00000000080014d4                DMA1_Channel5_IRQHandler
                0x00000000080014d4                EXTI4_IRQHandler
                0x00000000080014d4                RNG_IRQHandler
                0x00000000080014d4                TIM1_TRG_COM_TIM17_IRQHandler
                0x00000000080014d4                DMA1_Channel3_IRQHandler
                0x00000000080014d4                COMP_IRQHandler
                0x00000000080014d4                WWDG_IRQHandler
                0x00000000080014d4                LPUART1_IRQHandler
                0x00000000080014d4                DMA2_Channel6_IRQHandler
                0x00000000080014d4                TIM2_IRQHandler
                0x00000000080014d4                EXTI1_IRQHandler
                0x00000000080014d4                USART2_IRQHandler
                0x00000000080014d4                DFSDM1_FLT0_IRQHandler
                0x00000000080014d4                I2C2_ER_IRQHandler
                0x00000000080014d4                DMA1_Channel2_IRQHandler
                0x00000000080014d4                TIM8_BRK_IRQHandler
                0x00000000080014d4                CAN1_SCE_IRQHandler
                0x00000000080014d4                FLASH_IRQHandler
                0x00000000080014d4                USART1_IRQHandler
                0x00000000080014d4                OTG_FS_IRQHandler
                0x00000000080014d4                SPI3_IRQHandler
                0x00000000080014d4                I2C1_ER_IRQHandler
                0x00000000080014d4                FMC_IRQHandler
                0x00000000080014d4                SWPMI1_IRQHandler
                0x00000000080014d4                LPTIM1_IRQHandler
                0x00000000080014d4                SAI1_IRQHandler
                0x00000000080014d4                DMA2_Channel3_IRQHandler
                0x00000000080014d4                TIM1_BRK_TIM15_IRQHandler
 *fill*         0x00000000080014d6        0x2 
 .text.SpiritCalibrationVco
                0x00000000080014d8       0x70 ./Drivers/Drivers/BSP/Components/spirit1/SPIRIT1_Library/Src/SPIRIT_Calibration.o
                0x00000000080014d8                SpiritCalibrationVco
 .text.SpiritCalibrationGetVcoCalData
                0x0000000008001548       0x38 ./Drivers/Drivers/BSP/Components/spirit1/SPIRIT1_Library/Src/SPIRIT_Calibration.o
                0x0000000008001548                SpiritCalibrationGetVcoCalData
 .text.SpiritCalibrationSetVcoCalDataTx
                0x0000000008001580       0x68 ./Drivers/Drivers/BSP/Components/spirit1/SPIRIT1_Library/Src/SPIRIT_Calibration.o
                0x0000000008001580                SpiritCalibrationSetVcoCalDataTx
 .text.SpiritCalibrationSetVcoCalDataRx
                0x00000000080015e8       0x68 ./Drivers/Drivers/BSP/Components/spirit1/SPIRIT1_Library/Src/SPIRIT_Calibration.o
                0x00000000080015e8                SpiritCalibrationSetVcoCalDataRx
 .text.SpiritCalibrationSelectVco
                0x0000000008001650       0x54 ./Drivers/Drivers/BSP/Components/spirit1/SPIRIT1_Library/Src/SPIRIT_Calibration.o
                0x0000000008001650                SpiritCalibrationSelectVco
 .text.SpiritCmdStrobeCommand
                0x00000000080016a4       0x30 ./Drivers/Drivers/BSP/Components/spirit1/SPIRIT1_Library/Src/SPIRIT_Commands.o
                0x00000000080016a4                SpiritCmdStrobeCommand
 .text.SpiritGpioInit
                0x00000000080016d4       0x48 ./Drivers/Drivers/BSP/Components/spirit1/SPIRIT1_Library/Src/SPIRIT_Gpio.o
                0x00000000080016d4                SpiritGpioInit
 .text.SpiritIrqDeInit
                0x000000000800171c       0x58 ./Drivers/Drivers/BSP/Components/spirit1/SPIRIT1_Library/Src/SPIRIT_Irq.o
                0x000000000800171c                SpiritIrqDeInit
 .text.SpiritIrq
                0x0000000008001774       0xcc ./Drivers/Drivers/BSP/Components/spirit1/SPIRIT1_Library/Src/SPIRIT_Irq.o
                0x0000000008001774                SpiritIrq
 .text.SpiritIrqGetStatus
                0x0000000008001840       0x64 ./Drivers/Drivers/BSP/Components/spirit1/SPIRIT1_Library/Src/SPIRIT_Irq.o
                0x0000000008001840                SpiritIrqGetStatus
 .text.SpiritIrqClearStatus
                0x00000000080018a4       0x30 ./Drivers/Drivers/BSP/Components/spirit1/SPIRIT1_Library/Src/SPIRIT_Irq.o
                0x00000000080018a4                SpiritIrqClearStatus
 .text.SpiritManagementSetFrequencyBase
                0x00000000080018d4      0x204 ./Drivers/Drivers/BSP/Components/spirit1/SPIRIT1_Library/Src/SPIRIT_Management.o
                0x00000000080018d4                SpiritManagementSetFrequencyBase
 .text.SpiritManagementWaVcoCalibration
                0x0000000008001ad8      0x180 ./Drivers/Drivers/BSP/Components/spirit1/SPIRIT1_Library/Src/SPIRIT_Management.o
                0x0000000008001ad8                SpiritManagementWaVcoCalibration
 .text.SpiritManagementWaCmdStrobeTx
                0x0000000008001c58       0x70 ./Drivers/Drivers/BSP/Components/spirit1/SPIRIT1_Library/Src/SPIRIT_Management.o
                0x0000000008001c58                SpiritManagementWaCmdStrobeTx
 .text.SpiritManagementWaCmdStrobeRx
                0x0000000008001cc8       0x38 ./Drivers/Drivers/BSP/Components/spirit1/SPIRIT1_Library/Src/SPIRIT_Management.o
                0x0000000008001cc8                SpiritManagementWaCmdStrobeRx
 .text.SpiritManagementWaTRxFcMem
                0x0000000008001d00       0x28 ./Drivers/Drivers/BSP/Components/spirit1/SPIRIT1_Library/Src/SPIRIT_Management.o
                0x0000000008001d00                SpiritManagementWaTRxFcMem
 .text.SpiritManagementWaExtraCurrent
                0x0000000008001d28       0x4a ./Drivers/Drivers/BSP/Components/spirit1/SPIRIT1_Library/Src/SPIRIT_Management.o
                0x0000000008001d28                SpiritManagementWaExtraCurrent
 *fill*         0x0000000008001d72        0x2 
 .text.SpiritPktBasicGetAddressField
                0x0000000008001d74       0x40 ./Drivers/Drivers/BSP/Components/spirit1/SPIRIT1_Library/Src/SPIRIT_PktBasic.o
                0x0000000008001d74                SpiritPktBasicGetAddressField
 .text.SpiritPktBasicSetPayloadLength
                0x0000000008001db4       0x70 ./Drivers/Drivers/BSP/Components/spirit1/SPIRIT1_Library/Src/SPIRIT_PktBasic.o
                0x0000000008001db4                SpiritPktBasicSetPayloadLength
 .text.SpiritPktCommonGetControlLength
                0x0000000008001e24       0x38 ./Drivers/Drivers/BSP/Components/spirit1/SPIRIT1_Library/Src/SPIRIT_PktCommon.o
                0x0000000008001e24                SpiritPktCommonGetControlLength
 .text.SpiritPktCommonFilterOnCrc
                0x0000000008001e5c       0x70 ./Drivers/Drivers/BSP/Components/spirit1/SPIRIT1_Library/Src/SPIRIT_PktCommon.o
                0x0000000008001e5c                SpiritPktCommonFilterOnCrc
 .text.SpiritPktCommonSetDestinationAddress
                0x0000000008001ecc       0x34 ./Drivers/Drivers/BSP/Components/spirit1/SPIRIT1_Library/Src/SPIRIT_PktCommon.o
                0x0000000008001ecc                SpiritPktCommonSetDestinationAddress
 .text.SpiritPktStackInit
                0x0000000008001f00      0x1a0 ./Drivers/Drivers/BSP/Components/spirit1/SPIRIT1_Library/Src/SPIRIT_PktStack.o
                0x0000000008001f00                SpiritPktStackInit
 .text.SpiritPktStackAddressesInit
                0x00000000080020a0       0xdc ./Drivers/Drivers/BSP/Components/spirit1/SPIRIT1_Library/Src/SPIRIT_PktStack.o
                0x00000000080020a0                SpiritPktStackAddressesInit
 .text.SpiritPktStackLlpInit
                0x000000000800217c       0xa4 ./Drivers/Drivers/BSP/Components/spirit1/SPIRIT1_Library/Src/SPIRIT_PktStack.o
                0x000000000800217c                SpiritPktStackLlpInit
 .text.SpiritQiSqiCheck
                0x0000000008002220       0x70 ./Drivers/Drivers/BSP/Components/spirit1/SPIRIT1_Library/Src/SPIRIT_Qi.o
                0x0000000008002220                SpiritQiSqiCheck
 .text.SpiritQiSetSqiThreshold
                0x0000000008002290       0x68 ./Drivers/Drivers/BSP/Components/spirit1/SPIRIT1_Library/Src/SPIRIT_Qi.o
                0x0000000008002290                SpiritQiSetSqiThreshold
 .text.SpiritQiSetRssiThresholddBm
                0x00000000080022f8       0x40 ./Drivers/Drivers/BSP/Components/spirit1/SPIRIT1_Library/Src/SPIRIT_Qi.o
                0x00000000080022f8                SpiritQiSetRssiThresholddBm
 .text.SpiritRadioInit
                0x0000000008002338      0x3c8 ./Drivers/Drivers/BSP/Components/spirit1/SPIRIT1_Library/Src/SPIRIT_Radio.o
                0x0000000008002338                SpiritRadioInit
 .text.SpiritRadioSetXtalFlag
                0x0000000008002700       0x74 ./Drivers/Drivers/BSP/Components/spirit1/SPIRIT1_Library/Src/SPIRIT_Radio.o
                0x0000000008002700                SpiritRadioSetXtalFlag
 .text.SpiritRadioSearchWCP
                0x0000000008002774      0x128 ./Drivers/Drivers/BSP/Components/spirit1/SPIRIT1_Library/Src/SPIRIT_Radio.o
                0x0000000008002774                SpiritRadioSearchWCP
 .text.SpiritRadioGetSynthWord
                0x000000000800289c       0x4c ./Drivers/Drivers/BSP/Components/spirit1/SPIRIT1_Library/Src/SPIRIT_Radio.o
                0x000000000800289c                SpiritRadioGetSynthWord
 .text.SpiritRadioGetBand
                0x00000000080028e8       0x5c ./Drivers/Drivers/BSP/Components/spirit1/SPIRIT1_Library/Src/SPIRIT_Radio.o
                0x00000000080028e8                SpiritRadioGetBand
 .text.SpiritRadioGetChannel
                0x0000000008002944       0x30 ./Drivers/Drivers/BSP/Components/spirit1/SPIRIT1_Library/Src/SPIRIT_Radio.o
                0x0000000008002944                SpiritRadioGetChannel
 .text.SpiritRadioGetChannelSpace
                0x0000000008002974       0x40 ./Drivers/Drivers/BSP/Components/spirit1/SPIRIT1_Library/Src/SPIRIT_Radio.o
                0x0000000008002974                SpiritRadioGetChannelSpace
 .text.SpiritRadioGetFrequencyOffset
                0x00000000080029b4       0x88 ./Drivers/Drivers/BSP/Components/spirit1/SPIRIT1_Library/Src/SPIRIT_Radio.o
                0x00000000080029b4                SpiritRadioGetFrequencyOffset
 .text.SpiritRadioSetFrequencyBase
                0x0000000008002a3c      0x23c ./Drivers/Drivers/BSP/Components/spirit1/SPIRIT1_Library/Src/SPIRIT_Radio.o
                0x0000000008002a3c                SpiritRadioSetFrequencyBase
 .text.SpiritRadioGetFrequencyBase
                0x0000000008002c78       0x98 ./Drivers/Drivers/BSP/Components/spirit1/SPIRIT1_Library/Src/SPIRIT_Radio.o
                0x0000000008002c78                SpiritRadioGetFrequencyBase
 .text.SpiritRadioSearchDatarateME
                0x0000000008002d10      0x164 ./Drivers/Drivers/BSP/Components/spirit1/SPIRIT1_Library/Src/SPIRIT_Radio.o
                0x0000000008002d10                SpiritRadioSearchDatarateME
 .text.SpiritRadioSearchChannelBwME
                0x0000000008002e74      0x1cc ./Drivers/Drivers/BSP/Components/spirit1/SPIRIT1_Library/Src/SPIRIT_Radio.o
                0x0000000008002e74                SpiritRadioSearchChannelBwME
 .text.SpiritRadioSearchFreqDevME
                0x0000000008003040      0x170 ./Drivers/Drivers/BSP/Components/spirit1/SPIRIT1_Library/Src/SPIRIT_Radio.o
                0x0000000008003040                SpiritRadioSearchFreqDevME
 .text.SpiritRadioGetdBm2Reg
                0x00000000080031b0      0x21c ./Drivers/Drivers/BSP/Components/spirit1/SPIRIT1_Library/Src/SPIRIT_Radio.o
                0x00000000080031b0                SpiritRadioGetdBm2Reg
 .text.SpiritRadioSetPALeveldBm
                0x00000000080033cc       0x54 ./Drivers/Drivers/BSP/Components/spirit1/SPIRIT1_Library/Src/SPIRIT_Radio.o
                0x00000000080033cc                SpiritRadioSetPALeveldBm
 .text.SpiritRadioSetPACwc
                0x0000000008003420       0x58 ./Drivers/Drivers/BSP/Components/spirit1/SPIRIT1_Library/Src/SPIRIT_Radio.o
                0x0000000008003420                SpiritRadioSetPACwc
 .text.SpiritRadioSetPALevelMaxIndex
                0x0000000008003478       0x58 ./Drivers/Drivers/BSP/Components/spirit1/SPIRIT1_Library/Src/SPIRIT_Radio.o
                0x0000000008003478                SpiritRadioSetPALevelMaxIndex
 .text.SpiritRadioAFCFreezeOnSync
                0x00000000080034d0       0x64 ./Drivers/Drivers/BSP/Components/spirit1/SPIRIT1_Library/Src/SPIRIT_Radio.o
                0x00000000080034d0                SpiritRadioAFCFreezeOnSync
 .text.SpiritRadioSetRefDiv
                0x0000000008003534       0x60 ./Drivers/Drivers/BSP/Components/spirit1/SPIRIT1_Library/Src/SPIRIT_Radio.o
                0x0000000008003534                SpiritRadioSetRefDiv
 .text.SpiritRadioGetRefDiv
                0x0000000008003594       0x44 ./Drivers/Drivers/BSP/Components/spirit1/SPIRIT1_Library/Src/SPIRIT_Radio.o
                0x0000000008003594                SpiritRadioGetRefDiv
 .text.SpiritRadioSetDigDiv
                0x00000000080035d8       0x60 ./Drivers/Drivers/BSP/Components/spirit1/SPIRIT1_Library/Src/SPIRIT_Radio.o
                0x00000000080035d8                SpiritRadioSetDigDiv
 .text.SpiritRadioGetDigDiv
                0x0000000008003638       0x44 ./Drivers/Drivers/BSP/Components/spirit1/SPIRIT1_Library/Src/SPIRIT_Radio.o
                0x0000000008003638                SpiritRadioGetDigDiv
 .text.SpiritRadioGetXtalFrequency
                0x000000000800367c       0x18 ./Drivers/Drivers/BSP/Components/spirit1/SPIRIT1_Library/Src/SPIRIT_Radio.o
                0x000000000800367c                SpiritRadioGetXtalFrequency
 .text.SpiritRadioSetXtalFrequency
                0x0000000008003694       0x20 ./Drivers/Drivers/BSP/Components/spirit1/SPIRIT1_Library/Src/SPIRIT_Radio.o
                0x0000000008003694                SpiritRadioSetXtalFrequency
 .text.SpiritTimerSetRxTimeoutCounter
                0x00000000080036b4       0x34 ./Drivers/Drivers/BSP/Components/spirit1/SPIRIT1_Library/Src/SPIRIT_Timer.o
                0x00000000080036b4                SpiritTimerSetRxTimeoutCounter
 .text.SpiritTimerSetRxTimeoutStopCondition
                0x00000000080036e8       0x90 ./Drivers/Drivers/BSP/Components/spirit1/SPIRIT1_Library/Src/SPIRIT_Timer.o
                0x00000000080036e8                SpiritTimerSetRxTimeoutStopCondition
 .text.SpiritRefreshStatus
                0x0000000008003778       0x44 ./Drivers/Drivers/BSP/Components/spirit1/SPIRIT1_Library/Src/SPIRIT_Types.o
                0x0000000008003778                SpiritRefreshStatus
 .text.RadioSpiInit
                0x00000000080037bc       0x20 ./Drivers/Drivers/BSP/Components/spirit1/radio_target.o
                0x00000000080037bc                RadioSpiInit
 .text.RadioSpiWriteRegisters
                0x00000000080037dc       0x98 ./Drivers/Drivers/BSP/Components/spirit1/radio_target.o
                0x00000000080037dc                RadioSpiWriteRegisters
 .text.RadioSpiReadRegisters
                0x0000000008003874       0x98 ./Drivers/Drivers/BSP/Components/spirit1/radio_target.o
                0x0000000008003874                RadioSpiReadRegisters
 .text.RadioSpiCommandStrobes
                0x000000000800390c       0x80 ./Drivers/Drivers/BSP/Components/spirit1/radio_target.o
                0x000000000800390c                RadioSpiCommandStrobes
 .text.RadioSpiWriteFifo
                0x000000000800398c       0x90 ./Drivers/Drivers/BSP/Components/spirit1/radio_target.o
                0x000000000800398c                RadioSpiWriteFifo
 .text.RadioEnterShutdown
                0x0000000008003a1c       0x16 ./Drivers/Drivers/BSP/Components/spirit1/radio_target.o
                0x0000000008003a1c                RadioEnterShutdown
 .text.RadioExitShutdown
                0x0000000008003a32       0x1c ./Drivers/Drivers/BSP/Components/spirit1/radio_target.o
                0x0000000008003a32                RadioExitShutdown
 .text.HAL_Init
                0x0000000008003a4e       0x30 ./Drivers/STM32L4xx_HAL_Driver/Src/stm32l4xx_hal.o
                0x0000000008003a4e                HAL_Init
 *fill*         0x0000000008003a7e        0x2 
 .text.HAL_InitTick
                0x0000000008003a80       0x78 ./Drivers/STM32L4xx_HAL_Driver/Src/stm32l4xx_hal.o
                0x0000000008003a80                HAL_InitTick
 .text.HAL_IncTick
                0x0000000008003af8       0x28 ./Drivers/STM32L4xx_HAL_Driver/Src/stm32l4xx_hal.o
                0x0000000008003af8                HAL_IncTick
 .text.HAL_GetTick
                0x0000000008003b20       0x18 ./Drivers/STM32L4xx_HAL_Driver/Src/stm32l4xx_hal.o
                0x0000000008003b20                HAL_GetTick
 .text.HAL_Delay
                0x0000000008003b38       0x48 ./Drivers/STM32L4xx_HAL_Driver/Src/stm32l4xx_hal.o
                0x0000000008003b38                HAL_Delay
 .text.__NVIC_SetPriorityGrouping
                0x0000000008003b80       0x48 ./Drivers/STM32L4xx_HAL_Driver/Src/stm32l4xx_hal_cortex.o
 .text.__NVIC_GetPriorityGrouping
                0x0000000008003bc8       0x1c ./Drivers/STM32L4xx_HAL_Driver/Src/stm32l4xx_hal_cortex.o
 .text.__NVIC_EnableIRQ
                0x0000000008003be4       0x3c ./Drivers/STM32L4xx_HAL_Driver/Src/stm32l4xx_hal_cortex.o
 .text.__NVIC_DisableIRQ
                0x0000000008003c20       0x48 ./Drivers/STM32L4xx_HAL_Driver/Src/stm32l4xx_hal_cortex.o
 .text.__NVIC_SetPriority
                0x0000000008003c68       0x54 ./Drivers/STM32L4xx_HAL_Driver/Src/stm32l4xx_hal_cortex.o
 .text.NVIC_EncodePriority
                0x0000000008003cbc       0x66 ./Drivers/STM32L4xx_HAL_Driver/Src/stm32l4xx_hal_cortex.o
 *fill*         0x0000000008003d22        0x2 
 .text.SysTick_Config
                0x0000000008003d24       0x44 ./Drivers/STM32L4xx_HAL_Driver/Src/stm32l4xx_hal_cortex.o
 .text.HAL_NVIC_SetPriorityGrouping
                0x0000000008003d68       0x16 ./Drivers/STM32L4xx_HAL_Driver/Src/stm32l4xx_hal_cortex.o
                0x0000000008003d68                HAL_NVIC_SetPriorityGrouping
 .text.HAL_NVIC_SetPriority
                0x0000000008003d7e       0x38 ./Drivers/STM32L4xx_HAL_Driver/Src/stm32l4xx_hal_cortex.o
                0x0000000008003d7e                HAL_NVIC_SetPriority
 .text.HAL_NVIC_EnableIRQ
                0x0000000008003db6       0x1c ./Drivers/STM32L4xx_HAL_Driver/Src/stm32l4xx_hal_cortex.o
                0x0000000008003db6                HAL_NVIC_EnableIRQ
 .text.HAL_NVIC_DisableIRQ
                0x0000000008003dd2       0x1c ./Drivers/STM32L4xx_HAL_Driver/Src/stm32l4xx_hal_cortex.o
                0x0000000008003dd2                HAL_NVIC_DisableIRQ
 .text.HAL_SYSTICK_Config
                0x0000000008003dee       0x18 ./Drivers/STM32L4xx_HAL_Driver/Src/stm32l4xx_hal_cortex.o
                0x0000000008003dee                HAL_SYSTICK_Config
 *fill*         0x0000000008003e06        0x2 
 .text.HAL_GPIO_Init
                0x0000000008003e08      0x354 ./Drivers/STM32L4xx_HAL_Driver/Src/stm32l4xx_hal_gpio.o
                0x0000000008003e08                HAL_GPIO_Init
 .text.HAL_GPIO_WritePin
                0x000000000800415c       0x30 ./Drivers/STM32L4xx_HAL_Driver/Src/stm32l4xx_hal_gpio.o
                0x000000000800415c                HAL_GPIO_WritePin
 .text.HAL_GPIO_EXTI_IRQHandler
                0x000000000800418c       0x30 ./Drivers/STM32L4xx_HAL_Driver/Src/stm32l4xx_hal_gpio.o
                0x000000000800418c                HAL_GPIO_EXTI_IRQHandler
 .text.HAL_PWREx_GetVoltageRange
                0x00000000080041bc       0x1c ./Drivers/STM32L4xx_HAL_Driver/Src/stm32l4xx_hal_pwr_ex.o
                0x00000000080041bc                HAL_PWREx_GetVoltageRange
 .text.HAL_PWREx_ControlVoltageScaling
                0x00000000080041d8       0xac ./Drivers/STM32L4xx_HAL_Driver/Src/stm32l4xx_hal_pwr_ex.o
                0x00000000080041d8                HAL_PWREx_ControlVoltageScaling
 .text.HAL_RCC_OscConfig
                0x0000000008004284      0x7b8 ./Drivers/STM32L4xx_HAL_Driver/Src/stm32l4xx_hal_rcc.o
                0x0000000008004284                HAL_RCC_OscConfig
 .text.HAL_RCC_ClockConfig
                0x0000000008004a3c      0x200 ./Drivers/STM32L4xx_HAL_Driver/Src/stm32l4xx_hal_rcc.o
                0x0000000008004a3c                HAL_RCC_ClockConfig
 .text.HAL_RCC_GetSysClockFreq
                0x0000000008004c3c      0x118 ./Drivers/STM32L4xx_HAL_Driver/Src/stm32l4xx_hal_rcc.o
                0x0000000008004c3c                HAL_RCC_GetSysClockFreq
 .text.HAL_RCC_GetHCLKFreq
                0x0000000008004d54       0x18 ./Drivers/STM32L4xx_HAL_Driver/Src/stm32l4xx_hal_rcc.o
                0x0000000008004d54                HAL_RCC_GetHCLKFreq
 .text.HAL_RCC_GetPCLK1Freq
                0x0000000008004d6c       0x2c ./Drivers/STM32L4xx_HAL_Driver/Src/stm32l4xx_hal_rcc.o
                0x0000000008004d6c                HAL_RCC_GetPCLK1Freq
 .text.HAL_RCC_GetPCLK2Freq
                0x0000000008004d98       0x2c ./Drivers/STM32L4xx_HAL_Driver/Src/stm32l4xx_hal_rcc.o
                0x0000000008004d98                HAL_RCC_GetPCLK2Freq
 .text.RCC_SetFlashLatencyFromMSIRange
                0x0000000008004dc4       0xc0 ./Drivers/STM32L4xx_HAL_Driver/Src/stm32l4xx_hal_rcc.o
 .text.HAL_RCCEx_PeriphCLKConfig
                0x0000000008004e84      0x5d4 ./Drivers/STM32L4xx_HAL_Driver/Src/stm32l4xx_hal_rcc_ex.o
                0x0000000008004e84                HAL_RCCEx_PeriphCLKConfig
 .text.RCCEx_PLLSAI1_Config
                0x0000000008005458      0x1e8 ./Drivers/STM32L4xx_HAL_Driver/Src/stm32l4xx_hal_rcc_ex.o
 .text.RCCEx_PLLSAI2_Config
                0x0000000008005640      0x1bc ./Drivers/STM32L4xx_HAL_Driver/Src/stm32l4xx_hal_rcc_ex.o
 .text.HAL_SPI_Init
                0x00000000080057fc      0x146 ./Drivers/STM32L4xx_HAL_Driver/Src/stm32l4xx_hal_spi.o
                0x00000000080057fc                HAL_SPI_Init
 .text.HAL_SPI_Transmit
                0x0000000008005942      0x2ea ./Drivers/STM32L4xx_HAL_Driver/Src/stm32l4xx_hal_spi.o
                0x0000000008005942                HAL_SPI_Transmit
 .text.HAL_SPI_Receive
                0x0000000008005c2c      0x26e ./Drivers/STM32L4xx_HAL_Driver/Src/stm32l4xx_hal_spi.o
                0x0000000008005c2c                HAL_SPI_Receive
 .text.HAL_SPI_TransmitReceive
                0x0000000008005e9a      0x444 ./Drivers/STM32L4xx_HAL_Driver/Src/stm32l4xx_hal_spi.o
                0x0000000008005e9a                HAL_SPI_TransmitReceive
 *fill*         0x00000000080062de        0x2 
 .text.SPI_WaitFlagStateUntilTimeout
                0x00000000080062e0      0x110 ./Drivers/STM32L4xx_HAL_Driver/Src/stm32l4xx_hal_spi.o
 .text.SPI_WaitFifoStateUntilTimeout
                0x00000000080063f0      0x12c ./Drivers/STM32L4xx_HAL_Driver/Src/stm32l4xx_hal_spi.o
 .text.SPI_EndRxTransaction
                0x000000000800651c       0xb0 ./Drivers/STM32L4xx_HAL_Driver/Src/stm32l4xx_hal_spi.o
 .text.SPI_EndRxTxTransaction
                0x00000000080065cc       0x8c ./Drivers/STM32L4xx_HAL_Driver/Src/stm32l4xx_hal_spi.o
 .text.HAL_UART_Init
                0x0000000008006658       0x9c ./Drivers/STM32L4xx_HAL_Driver/Src/stm32l4xx_hal_uart.o
                0x0000000008006658                HAL_UART_Init
 .text.HAL_UART_Transmit
                0x00000000080066f4      0x114 ./Drivers/STM32L4xx_HAL_Driver/Src/stm32l4xx_hal_uart.o
                0x00000000080066f4                HAL_UART_Transmit
 .text.UART_SetConfig
                0x0000000008006808      0x570 ./Drivers/STM32L4xx_HAL_Driver/Src/stm32l4xx_hal_uart.o
                0x0000000008006808                UART_SetConfig
 .text.UART_AdvFeatureConfig
                0x0000000008006d78      0x144 ./Drivers/STM32L4xx_HAL_Driver/Src/stm32l4xx_hal_uart.o
                0x0000000008006d78                UART_AdvFeatureConfig
 .text.UART_CheckIdleState
                0x0000000008006ebc      0x150 ./Drivers/STM32L4xx_HAL_Driver/Src/stm32l4xx_hal_uart.o
                0x0000000008006ebc                UART_CheckIdleState
 .text.UART_WaitOnFlagUntilTimeout
                0x000000000800700c       0xce ./Drivers/STM32L4xx_HAL_Driver/Src/stm32l4xx_hal_uart.o
                0x000000000800700c                UART_WaitOnFlagUntilTimeout
 .text.UART_EndRxTransfer
                0x00000000080070da       0xc8 ./Drivers/STM32L4xx_HAL_Driver/Src/stm32l4xx_hal_uart.o
 .text.memset   0x00000000080071a2       0x10 C:/ST/STM32CubeIDE_1.14.0/STM32CubeIDE/plugins/com.st.stm32cube.ide.mcu.externaltools.gnu-tools-for-stm32.11.3.rel1.win32_1.1.100.202309141235/tools/bin/../lib/gcc/arm-none-eabi/11.3.1/../../../../arm-none-eabi/lib/thumb/v7e-m+fp/hard\libc_nano.a(libc_a-memset.o)
                0x00000000080071a2                memset
 *fill*         0x00000000080071b2        0x2 
 .text.__libc_init_array
                0x00000000080071b4       0x48 C:/ST/STM32CubeIDE_1.14.0/STM32CubeIDE/plugins/com.st.stm32cube.ide.mcu.externaltools.gnu-tools-for-stm32.11.3.rel1.win32_1.1.100.202309141235/tools/bin/../lib/gcc/arm-none-eabi/11.3.1/../../../../arm-none-eabi/lib/thumb/v7e-m+fp/hard\libc_nano.a(libc_a-init.o)
                0x00000000080071b4                __libc_init_array
 .text.round    0x00000000080071fc       0x90 C:/ST/STM32CubeIDE_1.14.0/STM32CubeIDE/plugins/com.st.stm32cube.ide.mcu.externaltools.gnu-tools-for-stm32.11.3.rel1.win32_1.1.100.202309141235/tools/bin/../lib/gcc/arm-none-eabi/11.3.1/../../../../arm-none-eabi/lib/thumb/v7e-m+fp/hard\libm.a(libm_a-s_round.o)
                0x00000000080071fc                round
 *(.glue_7)
 .glue_7        0x000000000800728c        0x0 linker stubs
 *(.glue_7t)
 .glue_7t       0x000000000800728c        0x0 linker stubs
 *(.eh_frame)
 .eh_frame      0x000000000800728c        0x0 C:/ST/STM32CubeIDE_1.14.0/STM32CubeIDE/plugins/com.st.stm32cube.ide.mcu.externaltools.gnu-tools-for-stm32.11.3.rel1.win32_1.1.100.202309141235/tools/bin/../lib/gcc/arm-none-eabi/11.3.1/thumb/v7e-m+fp/hard/crtbegin.o
 *(.init)
 .init          0x000000000800728c        0x4 C:/ST/STM32CubeIDE_1.14.0/STM32CubeIDE/plugins/com.st.stm32cube.ide.mcu.externaltools.gnu-tools-for-stm32.11.3.rel1.win32_1.1.100.202309141235/tools/bin/../lib/gcc/arm-none-eabi/11.3.1/thumb/v7e-m+fp/hard/crti.o
                0x000000000800728c                _init
 .init          0x0000000008007290        0x8 C:/ST/STM32CubeIDE_1.14.0/STM32CubeIDE/plugins/com.st.stm32cube.ide.mcu.externaltools.gnu-tools-for-stm32.11.3.rel1.win32_1.1.100.202309141235/tools/bin/../lib/gcc/arm-none-eabi/11.3.1/thumb/v7e-m+fp/hard/crtn.o
 *(.fini)
 .fini          0x0000000008007298        0x4 C:/ST/STM32CubeIDE_1.14.0/STM32CubeIDE/plugins/com.st.stm32cube.ide.mcu.externaltools.gnu-tools-for-stm32.11.3.rel1.win32_1.1.100.202309141235/tools/bin/../lib/gcc/arm-none-eabi/11.3.1/thumb/v7e-m+fp/hard/crti.o
                0x0000000008007298                _fini
 .fini          0x000000000800729c        0x8 C:/ST/STM32CubeIDE_1.14.0/STM32CubeIDE/plugins/com.st.stm32cube.ide.mcu.externaltools.gnu-tools-for-stm32.11.3.rel1.win32_1.1.100.202309141235/tools/bin/../lib/gcc/arm-none-eabi/11.3.1/thumb/v7e-m+fp/hard/crtn.o
                0x00000000080072a4                . = ALIGN (0x4)
                0x00000000080072a4                _etext = .

.vfp11_veneer   0x00000000080072a4        0x0
 .vfp11_veneer  0x00000000080072a4        0x0 linker stubs

.v4_bx          0x00000000080072a4        0x0
 .v4_bx         0x00000000080072a4        0x0 linker stubs

.iplt           0x00000000080072a4        0x0
 .iplt          0x00000000080072a4        0x0 C:/ST/STM32CubeIDE_1.14.0/STM32CubeIDE/plugins/com.st.stm32cube.ide.mcu.externaltools.gnu-tools-for-stm32.11.3.rel1.win32_1.1.100.202309141235/tools/bin/../lib/gcc/arm-none-eabi/11.3.1/thumb/v7e-m+fp/hard/crtbegin.o

.rodata         0x00000000080072a4      0x1ec
                0x00000000080072a4                . = ALIGN (0x4)
 *(.rodata)
 .rodata        0x00000000080072a4       0x48 ./Core/Src/main.o
 *(.rodata*)
 .rodata.AHBPrescTable
                0x00000000080072ec       0x10 ./Core/Src/system_stm32l4xx.o
                0x00000000080072ec                AHBPrescTable
 .rodata.APBPrescTable
                0x00000000080072fc        0x8 ./Core/Src/system_stm32l4xx.o
                0x00000000080072fc                APBPrescTable
 .rodata.MSIRangeTable
                0x0000000008007304       0x30 ./Core/Src/system_stm32l4xx.o
                0x0000000008007304                MSIRangeTable
 .rodata.s_vectcBandRegValue
                0x0000000008007334        0x4 ./Drivers/Drivers/BSP/Components/spirit1/SPIRIT1_Library/Src/SPIRIT_Management.o
 .rodata.s_vectcBHalfFactor
                0x0000000008007338        0x4 ./Drivers/Drivers/BSP/Components/spirit1/SPIRIT1_Library/Src/SPIRIT_Management.o
 .rodata.s_vectcBHalfFactor
                0x000000000800733c        0x4 ./Drivers/Drivers/BSP/Components/spirit1/SPIRIT1_Library/Src/SPIRIT_Radio.o
 .rodata.s_vectcBandRegValue
                0x0000000008007340        0x4 ./Drivers/Drivers/BSP/Components/spirit1/SPIRIT1_Library/Src/SPIRIT_Radio.o
 .rodata.s_vectnBandwidth26M
                0x0000000008007344       0xb4 ./Drivers/Drivers/BSP/Components/spirit1/SPIRIT1_Library/Src/SPIRIT_Radio.o
 .rodata.s_vectnVCOFreq
                0x00000000080073f8       0x20 ./Drivers/Drivers/BSP/Components/spirit1/SPIRIT1_Library/Src/SPIRIT_Radio.o
 .rodata.fPowerFactors
                0x0000000008007418       0x78 ./Drivers/Drivers/BSP/Components/spirit1/SPIRIT1_Library/Src/SPIRIT_Radio.o
                0x0000000008007490                . = ALIGN (0x4)

.ARM.extab      0x0000000008007490        0x0
                0x0000000008007490                . = ALIGN (0x4)
 *(.ARM.extab* .gnu.linkonce.armextab.*)
                0x0000000008007490                . = ALIGN (0x4)

.ARM            0x0000000008007490        0x8
                0x0000000008007490                . = ALIGN (0x4)
                0x0000000008007490                __exidx_start = .
 *(.ARM.exidx*)
 .ARM.exidx     0x0000000008007490        0x8 C:/ST/STM32CubeIDE_1.14.0/STM32CubeIDE/plugins/com.st.stm32cube.ide.mcu.externaltools.gnu-tools-for-stm32.11.3.rel1.win32_1.1.100.202309141235/tools/bin/../lib/gcc/arm-none-eabi/11.3.1/thumb/v7e-m+fp/hard\libgcc.a(_udivmoddi4.o)
                0x0000000008007498                __exidx_end = .
                0x0000000008007498                . = ALIGN (0x4)

.rel.dyn        0x0000000008007498        0x0
 .rel.iplt      0x0000000008007498        0x0 C:/ST/STM32CubeIDE_1.14.0/STM32CubeIDE/plugins/com.st.stm32cube.ide.mcu.externaltools.gnu-tools-for-stm32.11.3.rel1.win32_1.1.100.202309141235/tools/bin/../lib/gcc/arm-none-eabi/11.3.1/thumb/v7e-m+fp/hard/crtbegin.o

.preinit_array  0x0000000008007498        0x0
                0x0000000008007498                . = ALIGN (0x4)
                0x0000000008007498                PROVIDE (__preinit_array_start = .)
 *(.preinit_array*)
                0x0000000008007498                PROVIDE (__preinit_array_end = .)
                0x0000000008007498                . = ALIGN (0x4)

.init_array     0x0000000008007498        0x4
                0x0000000008007498                . = ALIGN (0x4)
                0x0000000008007498                PROVIDE (__init_array_start = .)
 *(SORT_BY_NAME(.init_array.*))
 *(.init_array*)
 .init_array    0x0000000008007498        0x4 C:/ST/STM32CubeIDE_1.14.0/STM32CubeIDE/plugins/com.st.stm32cube.ide.mcu.externaltools.gnu-tools-for-stm32.11.3.rel1.win32_1.1.100.202309141235/tools/bin/../lib/gcc/arm-none-eabi/11.3.1/thumb/v7e-m+fp/hard/crtbegin.o
                0x000000000800749c                PROVIDE (__init_array_end = .)
                0x000000000800749c                . = ALIGN (0x4)

.fini_array     0x000000000800749c        0x4
                0x000000000800749c                . = ALIGN (0x4)
                [!provide]                        PROVIDE (__fini_array_start = .)
 *(SORT_BY_NAME(.fini_array.*))
 *(.fini_array*)
 .fini_array    0x000000000800749c        0x4 C:/ST/STM32CubeIDE_1.14.0/STM32CubeIDE/plugins/com.st.stm32cube.ide.mcu.externaltools.gnu-tools-for-stm32.11.3.rel1.win32_1.1.100.202309141235/tools/bin/../lib/gcc/arm-none-eabi/11.3.1/thumb/v7e-m+fp/hard/crtbegin.o
                [!provide]                        PROVIDE (__fini_array_end = .)
                0x00000000080074a0                . = ALIGN (0x4)
                0x00000000080074a0                _sidata = LOADADDR (.data)

.data           0x0000000020000000       0x14 load address 0x00000000080074a0
                0x0000000020000000                . = ALIGN (0x4)
                0x0000000020000000                _sdata = .
 *(.data)
 *(.data*)
 .data.SystemCoreClock
                0x0000000020000000        0x4 ./Core/Src/system_stm32l4xx.o
                0x0000000020000000                SystemCoreClock
 .data.s_cCommunicationState
                0x0000000020000004        0x1 ./Drivers/Drivers/BSP/Components/spirit1/SPIRIT1_Library/Src/SPIRIT_Management.o
 .data.xDoVcoCalibrationWA
                0x0000000020000005        0x1 ./Drivers/Drivers/BSP/Components/spirit1/SPIRIT1_Library/Src/SPIRIT_Radio.o
 *fill*         0x0000000020000006        0x2 
 .data.radioSpi
                0x0000000020000008        0x4 ./Drivers/Drivers/BSP/Components/spirit1/radio_target.o
                0x0000000020000008                radioSpi
 .data.uwTickPrio
                0x000000002000000c        0x4 ./Drivers/STM32L4xx_HAL_Driver/Src/stm32l4xx_hal.o
                0x000000002000000c                uwTickPrio
 .data.uwTickFreq
                0x0000000020000010        0x1 ./Drivers/STM32L4xx_HAL_Driver/Src/stm32l4xx_hal.o
                0x0000000020000010                uwTickFreq
 *(.RamFunc)
 *(.RamFunc*)
                0x0000000020000014                . = ALIGN (0x4)
 *fill*         0x0000000020000011        0x3 
                0x0000000020000014                _edata = .

.igot.plt       0x0000000020000014        0x0 load address 0x00000000080074b4
 .igot.plt      0x0000000020000014        0x0 C:/ST/STM32CubeIDE_1.14.0/STM32CubeIDE/plugins/com.st.stm32cube.ide.mcu.externaltools.gnu-tools-for-stm32.11.3.rel1.win32_1.1.100.202309141235/tools/bin/../lib/gcc/arm-none-eabi/11.3.1/thumb/v7e-m+fp/hard/crtbegin.o
                0x0000000020000014                . = ALIGN (0x4)

.bss            0x0000000020000014      0x11c load address 0x00000000080074b4
                0x0000000020000014                _sbss = .
                0x0000000020000014                __bss_start__ = _sbss
 *(.bss)
 .bss           0x0000000020000014       0x1c C:/ST/STM32CubeIDE_1.14.0/STM32CubeIDE/plugins/com.st.stm32cube.ide.mcu.externaltools.gnu-tools-for-stm32.11.3.rel1.win32_1.1.100.202309141235/tools/bin/../lib/gcc/arm-none-eabi/11.3.1/thumb/v7e-m+fp/hard/crtbegin.o
 *(.bss*)
 .bss.xTxDoneFlag
                0x0000000020000030        0x1 ./Core/Src/main.o
                0x0000000020000030                xTxDoneFlag
 .bss.xRxDoneFlag
                0x0000000020000031        0x1 ./Core/Src/main.o
                0x0000000020000031                xRxDoneFlag
 *fill*         0x0000000020000032        0x2 
 .bss.hspi1     0x0000000020000034       0x64 ./Core/Src/spi.o
                0x0000000020000034                hspi1
 .bss.huart2    0x0000000020000098       0x88 ./Core/Src/usart.o
                0x0000000020000098                huart2
 .bss.s_nDesiredFrequency
                0x0000000020000120        0x4 ./Drivers/Drivers/BSP/Components/spirit1/SPIRIT1_Library/Src/SPIRIT_Management.o
 .bss.s_lXtalFrequency
                0x0000000020000124        0x4 ./Drivers/Drivers/BSP/Components/spirit1/SPIRIT1_Library/Src/SPIRIT_Radio.o
 .bss.g_xStatus
                0x0000000020000128        0x2 ./Drivers/Drivers/BSP/Components/spirit1/SPIRIT1_Library/Src/SPIRIT_Types.o
                0x0000000020000128                g_xStatus
 *fill*         0x000000002000012a        0x2 
 .bss.uwTick    0x000000002000012c        0x4 ./Drivers/STM32L4xx_HAL_Driver/Src/stm32l4xx_hal.o
                0x000000002000012c                uwTick
 *(COMMON)
                0x0000000020000130                . = ALIGN (0x4)
                0x0000000020000130                _ebss = .
                0x0000000020000130                __bss_end__ = _ebss

._user_heap_stack
                0x0000000020000130      0x600 load address 0x00000000080074b4
                0x0000000020000130                . = ALIGN (0x8)
                [!provide]                        PROVIDE (end = .)
                0x0000000020000130                PROVIDE (_end = .)
                0x0000000020000330                . = (. + _Min_Heap_Size)
 *fill*         0x0000000020000130      0x200 
                0x0000000020000730                . = (. + _Min_Stack_Size)
 *fill*         0x0000000020000330      0x400 
                0x0000000020000730                . = ALIGN (0x8)

/DISCARD/
 libc.a(*)
 libm.a(*)
 libgcc.a(*)

.ARM.attributes
                0x0000000000000000       0x30
 *(.ARM.attributes)
 .ARM.attributes
                0x0000000000000000       0x1e C:/ST/STM32CubeIDE_1.14.0/STM32CubeIDE/plugins/com.st.stm32cube.ide.mcu.externaltools.gnu-tools-for-stm32.11.3.rel1.win32_1.1.100.202309141235/tools/bin/../lib/gcc/arm-none-eabi/11.3.1/thumb/v7e-m+fp/hard/crti.o
 .ARM.attributes
                0x000000000000001e       0x34 C:/ST/STM32CubeIDE_1.14.0/STM32CubeIDE/plugins/com.st.stm32cube.ide.mcu.externaltools.gnu-tools-for-stm32.11.3.rel1.win32_1.1.100.202309141235/tools/bin/../lib/gcc/arm-none-eabi/11.3.1/thumb/v7e-m+fp/hard/crtbegin.o
 .ARM.attributes
                0x0000000000000052       0x34 ./Core/Src/gpio.o
 .ARM.attributes
                0x0000000000000086       0x34 ./Core/Src/main.o
 .ARM.attributes
                0x00000000000000ba       0x34 ./Core/Src/spi.o
 .ARM.attributes
                0x00000000000000ee       0x34 ./Core/Src/spsgrf.o
 .ARM.attributes
                0x0000000000000122       0x34 ./Core/Src/stm32l4xx_hal_msp.o
 .ARM.attributes
                0x0000000000000156       0x34 ./Core/Src/stm32l4xx_it.o
 .ARM.attributes
                0x000000000000018a       0x34 ./Core/Src/system_stm32l4xx.o
 .ARM.attributes
                0x00000000000001be       0x34 ./Core/Src/usart.o
 .ARM.attributes
                0x00000000000001f2       0x21 ./Core/Startup/startup_stm32l476rgtx.o
 .ARM.attributes
                0x0000000000000213       0x34 ./Drivers/Drivers/BSP/Components/spirit1/SPIRIT1_Library/Src/SPIRIT_Calibration.o
 .ARM.attributes
                0x0000000000000247       0x34 ./Drivers/Drivers/BSP/Components/spirit1/SPIRIT1_Library/Src/SPIRIT_Commands.o
 .ARM.attributes
                0x000000000000027b       0x34 ./Drivers/Drivers/BSP/Components/spirit1/SPIRIT1_Library/Src/SPIRIT_Gpio.o
 .ARM.attributes
                0x00000000000002af       0x34 ./Drivers/Drivers/BSP/Components/spirit1/SPIRIT1_Library/Src/SPIRIT_Irq.o
 .ARM.attributes
                0x00000000000002e3       0x34 ./Drivers/Drivers/BSP/Components/spirit1/SPIRIT1_Library/Src/SPIRIT_Management.o
 .ARM.attributes
                0x0000000000000317       0x34 ./Drivers/Drivers/BSP/Components/spirit1/SPIRIT1_Library/Src/SPIRIT_PktBasic.o
 .ARM.attributes
                0x000000000000034b       0x34 ./Drivers/Drivers/BSP/Components/spirit1/SPIRIT1_Library/Src/SPIRIT_PktCommon.o
 .ARM.attributes
                0x000000000000037f       0x34 ./Drivers/Drivers/BSP/Components/spirit1/SPIRIT1_Library/Src/SPIRIT_PktStack.o
 .ARM.attributes
                0x00000000000003b3       0x34 ./Drivers/Drivers/BSP/Components/spirit1/SPIRIT1_Library/Src/SPIRIT_Qi.o
 .ARM.attributes
                0x00000000000003e7       0x34 ./Drivers/Drivers/BSP/Components/spirit1/SPIRIT1_Library/Src/SPIRIT_Radio.o
 .ARM.attributes
                0x000000000000041b       0x34 ./Drivers/Drivers/BSP/Components/spirit1/SPIRIT1_Library/Src/SPIRIT_Timer.o
 .ARM.attributes
                0x000000000000044f       0x34 ./Drivers/Drivers/BSP/Components/spirit1/SPIRIT1_Library/Src/SPIRIT_Types.o
 .ARM.attributes
                0x0000000000000483       0x34 ./Drivers/Drivers/BSP/Components/spirit1/radio_target.o
 .ARM.attributes
                0x00000000000004b7       0x34 ./Drivers/STM32L4xx_HAL_Driver/Src/stm32l4xx_hal.o
 .ARM.attributes
                0x00000000000004eb       0x34 ./Drivers/STM32L4xx_HAL_Driver/Src/stm32l4xx_hal_cortex.o
 .ARM.attributes
                0x000000000000051f       0x34 ./Drivers/STM32L4xx_HAL_Driver/Src/stm32l4xx_hal_gpio.o
 .ARM.attributes
                0x0000000000000553       0x34 ./Drivers/STM32L4xx_HAL_Driver/Src/stm32l4xx_hal_pwr_ex.o
 .ARM.attributes
                0x0000000000000587       0x34 ./Drivers/STM32L4xx_HAL_Driver/Src/stm32l4xx_hal_rcc.o
 .ARM.attributes
                0x00000000000005bb       0x34 ./Drivers/STM32L4xx_HAL_Driver/Src/stm32l4xx_hal_rcc_ex.o
 .ARM.attributes
                0x00000000000005ef       0x34 ./Drivers/STM32L4xx_HAL_Driver/Src/stm32l4xx_hal_spi.o
 .ARM.attributes
                0x0000000000000623       0x34 ./Drivers/STM32L4xx_HAL_Driver/Src/stm32l4xx_hal_uart.o
 .ARM.attributes
                0x0000000000000657       0x34 C:/ST/STM32CubeIDE_1.14.0/STM32CubeIDE/plugins/com.st.stm32cube.ide.mcu.externaltools.gnu-tools-for-stm32.11.3.rel1.win32_1.1.100.202309141235/tools/bin/../lib/gcc/arm-none-eabi/11.3.1/../../../../arm-none-eabi/lib/thumb/v7e-m+fp/hard\libc_nano.a(libc_a-memset.o)
 .ARM.attributes
                0x000000000000068b       0x34 C:/ST/STM32CubeIDE_1.14.0/STM32CubeIDE/plugins/com.st.stm32cube.ide.mcu.externaltools.gnu-tools-for-stm32.11.3.rel1.win32_1.1.100.202309141235/tools/bin/../lib/gcc/arm-none-eabi/11.3.1/../../../../arm-none-eabi/lib/thumb/v7e-m+fp/hard\libc_nano.a(libc_a-init.o)
 .ARM.attributes
                0x00000000000006bf       0x17 C:/ST/STM32CubeIDE_1.14.0/STM32CubeIDE/plugins/com.st.stm32cube.ide.mcu.externaltools.gnu-tools-for-stm32.11.3.rel1.win32_1.1.100.202309141235/tools/bin/../lib/gcc/arm-none-eabi/11.3.1/../../../../arm-none-eabi/lib/thumb/v7e-m+fp/hard\libc_nano.a(libc_a-strlen.o)
 .ARM.attributes
                0x00000000000006d6       0x34 C:/ST/STM32CubeIDE_1.14.0/STM32CubeIDE/plugins/com.st.stm32cube.ide.mcu.externaltools.gnu-tools-for-stm32.11.3.rel1.win32_1.1.100.202309141235/tools/bin/../lib/gcc/arm-none-eabi/11.3.1/../../../../arm-none-eabi/lib/thumb/v7e-m+fp/hard\libm.a(libm_a-s_round.o)
 .ARM.attributes
                0x000000000000070a       0x1e C:/ST/STM32CubeIDE_1.14.0/STM32CubeIDE/plugins/com.st.stm32cube.ide.mcu.externaltools.gnu-tools-for-stm32.11.3.rel1.win32_1.1.100.202309141235/tools/bin/../lib/gcc/arm-none-eabi/11.3.1/thumb/v7e-m+fp/hard\libgcc.a(_arm_addsubdf3.o)
 .ARM.attributes
                0x0000000000000728       0x1e C:/ST/STM32CubeIDE_1.14.0/STM32CubeIDE/plugins/com.st.stm32cube.ide.mcu.externaltools.gnu-tools-for-stm32.11.3.rel1.win32_1.1.100.202309141235/tools/bin/../lib/gcc/arm-none-eabi/11.3.1/thumb/v7e-m+fp/hard\libgcc.a(_arm_muldivdf3.o)
 .ARM.attributes
                0x0000000000000746       0x1e C:/ST/STM32CubeIDE_1.14.0/STM32CubeIDE/plugins/com.st.stm32cube.ide.mcu.externaltools.gnu-tools-for-stm32.11.3.rel1.win32_1.1.100.202309141235/tools/bin/../lib/gcc/arm-none-eabi/11.3.1/thumb/v7e-m+fp/hard\libgcc.a(_arm_fixunsdfsi.o)
 .ARM.attributes
                0x0000000000000764       0x1e C:/ST/STM32CubeIDE_1.14.0/STM32CubeIDE/plugins/com.st.stm32cube.ide.mcu.externaltools.gnu-tools-for-stm32.11.3.rel1.win32_1.1.100.202309141235/tools/bin/../lib/gcc/arm-none-eabi/11.3.1/thumb/v7e-m+fp/hard\libgcc.a(_aeabi_uldivmod.o)
 .ARM.attributes
                0x0000000000000782       0x34 C:/ST/STM32CubeIDE_1.14.0/STM32CubeIDE/plugins/com.st.stm32cube.ide.mcu.externaltools.gnu-tools-for-stm32.11.3.rel1.win32_1.1.100.202309141235/tools/bin/../lib/gcc/arm-none-eabi/11.3.1/thumb/v7e-m+fp/hard\libgcc.a(_udivmoddi4.o)
 .ARM.attributes
                0x00000000000007b6       0x1e C:/ST/STM32CubeIDE_1.14.0/STM32CubeIDE/plugins/com.st.stm32cube.ide.mcu.externaltools.gnu-tools-for-stm32.11.3.rel1.win32_1.1.100.202309141235/tools/bin/../lib/gcc/arm-none-eabi/11.3.1/thumb/v7e-m+fp/hard\libgcc.a(_dvmd_tls.o)
 .ARM.attributes
                0x00000000000007d4       0x1e C:/ST/STM32CubeIDE_1.14.0/STM32CubeIDE/plugins/com.st.stm32cube.ide.mcu.externaltools.gnu-tools-for-stm32.11.3.rel1.win32_1.1.100.202309141235/tools/bin/../lib/gcc/arm-none-eabi/11.3.1/thumb/v7e-m+fp/hard/crtn.o
OUTPUT(A7_spirit1_library.elf elf32-littlearm)
LOAD linker stubs
LOAD C:/ST/STM32CubeIDE_1.14.0/STM32CubeIDE/plugins/com.st.stm32cube.ide.mcu.externaltools.gnu-tools-for-stm32.11.3.rel1.win32_1.1.100.202309141235/tools/bin/../lib/gcc/arm-none-eabi/11.3.1/../../../../arm-none-eabi/lib/thumb/v7e-m+fp/hard\libc.a
LOAD C:/ST/STM32CubeIDE_1.14.0/STM32CubeIDE/plugins/com.st.stm32cube.ide.mcu.externaltools.gnu-tools-for-stm32.11.3.rel1.win32_1.1.100.202309141235/tools/bin/../lib/gcc/arm-none-eabi/11.3.1/../../../../arm-none-eabi/lib/thumb/v7e-m+fp/hard\libm.a
LOAD C:/ST/STM32CubeIDE_1.14.0/STM32CubeIDE/plugins/com.st.stm32cube.ide.mcu.externaltools.gnu-tools-for-stm32.11.3.rel1.win32_1.1.100.202309141235/tools/bin/../lib/gcc/arm-none-eabi/11.3.1/thumb/v7e-m+fp/hard\libgcc.a

.comment        0x0000000000000000       0x43
 .comment       0x0000000000000000       0x43 C:/ST/STM32CubeIDE_1.14.0/STM32CubeIDE/plugins/com.st.stm32cube.ide.mcu.externaltools.gnu-tools-for-stm32.11.3.rel1.win32_1.1.100.202309141235/tools/bin/../lib/gcc/arm-none-eabi/11.3.1/thumb/v7e-m+fp/hard/crtbegin.o
                                         0x44 (size before relaxing)
 .comment       0x0000000000000043       0x44 ./Core/Src/gpio.o
 .comment       0x0000000000000043       0x44 ./Core/Src/main.o
 .comment       0x0000000000000043       0x44 ./Core/Src/spi.o
 .comment       0x0000000000000043       0x44 ./Core/Src/spsgrf.o
 .comment       0x0000000000000043       0x44 ./Core/Src/stm32l4xx_hal_msp.o
 .comment       0x0000000000000043       0x44 ./Core/Src/stm32l4xx_it.o
 .comment       0x0000000000000043       0x44 ./Core/Src/system_stm32l4xx.o
 .comment       0x0000000000000043       0x44 ./Core/Src/usart.o
 .comment       0x0000000000000043       0x44 ./Drivers/Drivers/BSP/Components/spirit1/SPIRIT1_Library/Src/SPIRIT_Calibration.o
 .comment       0x0000000000000043       0x44 ./Drivers/Drivers/BSP/Components/spirit1/SPIRIT1_Library/Src/SPIRIT_Commands.o
 .comment       0x0000000000000043       0x44 ./Drivers/Drivers/BSP/Components/spirit1/SPIRIT1_Library/Src/SPIRIT_Gpio.o
 .comment       0x0000000000000043       0x44 ./Drivers/Drivers/BSP/Components/spirit1/SPIRIT1_Library/Src/SPIRIT_Irq.o
 .comment       0x0000000000000043       0x44 ./Drivers/Drivers/BSP/Components/spirit1/SPIRIT1_Library/Src/SPIRIT_Management.o
 .comment       0x0000000000000043       0x44 ./Drivers/Drivers/BSP/Components/spirit1/SPIRIT1_Library/Src/SPIRIT_PktBasic.o
 .comment       0x0000000000000043       0x44 ./Drivers/Drivers/BSP/Components/spirit1/SPIRIT1_Library/Src/SPIRIT_PktCommon.o
 .comment       0x0000000000000043       0x44 ./Drivers/Drivers/BSP/Components/spirit1/SPIRIT1_Library/Src/SPIRIT_PktStack.o
 .comment       0x0000000000000043       0x44 ./Drivers/Drivers/BSP/Components/spirit1/SPIRIT1_Library/Src/SPIRIT_Qi.o
 .comment       0x0000000000000043       0x44 ./Drivers/Drivers/BSP/Components/spirit1/SPIRIT1_Library/Src/SPIRIT_Radio.o
 .comment       0x0000000000000043       0x44 ./Drivers/Drivers/BSP/Components/spirit1/SPIRIT1_Library/Src/SPIRIT_Timer.o
 .comment       0x0000000000000043       0x44 ./Drivers/Drivers/BSP/Components/spirit1/SPIRIT1_Library/Src/SPIRIT_Types.o
 .comment       0x0000000000000043       0x44 ./Drivers/Drivers/BSP/Components/spirit1/radio_target.o
 .comment       0x0000000000000043       0x44 ./Drivers/STM32L4xx_HAL_Driver/Src/stm32l4xx_hal.o
 .comment       0x0000000000000043       0x44 ./Drivers/STM32L4xx_HAL_Driver/Src/stm32l4xx_hal_cortex.o
 .comment       0x0000000000000043       0x44 ./Drivers/STM32L4xx_HAL_Driver/Src/stm32l4xx_hal_gpio.o
 .comment       0x0000000000000043       0x44 ./Drivers/STM32L4xx_HAL_Driver/Src/stm32l4xx_hal_pwr_ex.o
 .comment       0x0000000000000043       0x44 ./Drivers/STM32L4xx_HAL_Driver/Src/stm32l4xx_hal_rcc.o
 .comment       0x0000000000000043       0x44 ./Drivers/STM32L4xx_HAL_Driver/Src/stm32l4xx_hal_rcc_ex.o
 .comment       0x0000000000000043       0x44 ./Drivers/STM32L4xx_HAL_Driver/Src/stm32l4xx_hal_spi.o
 .comment       0x0000000000000043       0x44 ./Drivers/STM32L4xx_HAL_Driver/Src/stm32l4xx_hal_uart.o

.debug_info     0x0000000000000000    0x1514a
 .debug_info    0x0000000000000000      0x6be ./Core/Src/gpio.o
 .debug_info    0x00000000000006be      0xd13 ./Core/Src/main.o
 .debug_info    0x00000000000013d1      0x997 ./Core/Src/spi.o
 .debug_info    0x0000000000001d68     0x1013 ./Core/Src/spsgrf.o
 .debug_info    0x0000000000002d7b      0x2b9 ./Core/Src/stm32l4xx_hal_msp.o
 .debug_info    0x0000000000003034      0x15c ./Core/Src/stm32l4xx_it.o
 .debug_info    0x0000000000003190      0x5b1 ./Core/Src/system_stm32l4xx.o
 .debug_info    0x0000000000003741      0xd1b ./Core/Src/usart.o
 .debug_info    0x000000000000445c       0x23 ./Core/Startup/startup_stm32l476rgtx.o
 .debug_info    0x000000000000447f      0x425 ./Drivers/Drivers/BSP/Components/spirit1/SPIRIT1_Library/Src/SPIRIT_Calibration.o
 .debug_info    0x00000000000048a4      0x22e ./Drivers/Drivers/BSP/Components/spirit1/SPIRIT1_Library/Src/SPIRIT_Commands.o
 .debug_info    0x0000000000004ad2      0x702 ./Drivers/Drivers/BSP/Components/spirit1/SPIRIT1_Library/Src/SPIRIT_Gpio.o
 .debug_info    0x00000000000051d4      0x7bf ./Drivers/Drivers/BSP/Components/spirit1/SPIRIT1_Library/Src/SPIRIT_Irq.o
 .debug_info    0x0000000000005993      0x633 ./Drivers/Drivers/BSP/Components/spirit1/SPIRIT1_Library/Src/SPIRIT_Management.o
 .debug_info    0x0000000000005fc6      0x7c1 ./Drivers/Drivers/BSP/Components/spirit1/SPIRIT1_Library/Src/SPIRIT_PktBasic.o
 .debug_info    0x0000000000006787      0xf4e ./Drivers/Drivers/BSP/Components/spirit1/SPIRIT1_Library/Src/SPIRIT_PktCommon.o
 .debug_info    0x00000000000076d5      0x91f ./Drivers/Drivers/BSP/Components/spirit1/SPIRIT1_Library/Src/SPIRIT_PktStack.o
 .debug_info    0x0000000000007ff4      0x743 ./Drivers/Drivers/BSP/Components/spirit1/SPIRIT1_Library/Src/SPIRIT_Qi.o
 .debug_info    0x0000000000008737     0x1e69 ./Drivers/Drivers/BSP/Components/spirit1/SPIRIT1_Library/Src/SPIRIT_Radio.o
 .debug_info    0x000000000000a5a0      0x808 ./Drivers/Drivers/BSP/Components/spirit1/SPIRIT1_Library/Src/SPIRIT_Timer.o
 .debug_info    0x000000000000ada8      0x1e1 ./Drivers/Drivers/BSP/Components/spirit1/SPIRIT1_Library/Src/SPIRIT_Types.o
 .debug_info    0x000000000000af89      0xced ./Drivers/Drivers/BSP/Components/spirit1/radio_target.o
 .debug_info    0x000000000000bc76      0xaeb ./Drivers/STM32L4xx_HAL_Driver/Src/stm32l4xx_hal.o
 .debug_info    0x000000000000c761      0xd4c ./Drivers/STM32L4xx_HAL_Driver/Src/stm32l4xx_hal_cortex.o
 .debug_info    0x000000000000d4ad      0x757 ./Drivers/STM32L4xx_HAL_Driver/Src/stm32l4xx_hal_gpio.o
 .debug_info    0x000000000000dc04      0x99e ./Drivers/STM32L4xx_HAL_Driver/Src/stm32l4xx_hal_pwr_ex.o
 .debug_info    0x000000000000e5a2      0xc14 ./Drivers/STM32L4xx_HAL_Driver/Src/stm32l4xx_hal_rcc.o
 .debug_info    0x000000000000f1b6      0xe11 ./Drivers/STM32L4xx_HAL_Driver/Src/stm32l4xx_hal_rcc_ex.o
 .debug_info    0x000000000000ffc7     0x161a ./Drivers/STM32L4xx_HAL_Driver/Src/stm32l4xx_hal_spi.o
 .debug_info    0x00000000000115e1     0x3b69 ./Drivers/STM32L4xx_HAL_Driver/Src/stm32l4xx_hal_uart.o

.debug_abbrev   0x0000000000000000     0x38aa
 .debug_abbrev  0x0000000000000000      0x15b ./Core/Src/gpio.o
 .debug_abbrev  0x000000000000015b      0x2ba ./Core/Src/main.o
 .debug_abbrev  0x0000000000000415      0x1f3 ./Core/Src/spi.o
 .debug_abbrev  0x0000000000000608      0x262 ./Core/Src/spsgrf.o
 .debug_abbrev  0x000000000000086a       0xc6 ./Core/Src/stm32l4xx_hal_msp.o
 .debug_abbrev  0x0000000000000930       0xa0 ./Core/Src/stm32l4xx_it.o
 .debug_abbrev  0x00000000000009d0      0x11a ./Core/Src/system_stm32l4xx.o
 .debug_abbrev  0x0000000000000aea      0x1f5 ./Core/Src/usart.o
 .debug_abbrev  0x0000000000000cdf       0x12 ./Core/Startup/startup_stm32l476rgtx.o
 .debug_abbrev  0x0000000000000cf1      0x1aa ./Drivers/Drivers/BSP/Components/spirit1/SPIRIT1_Library/Src/SPIRIT_Calibration.o
 .debug_abbrev  0x0000000000000e9b       0xdf ./Drivers/Drivers/BSP/Components/spirit1/SPIRIT1_Library/Src/SPIRIT_Commands.o
 .debug_abbrev  0x0000000000000f7a      0x1e5 ./Drivers/Drivers/BSP/Components/spirit1/SPIRIT1_Library/Src/SPIRIT_Gpio.o
 .debug_abbrev  0x000000000000115f      0x1e3 ./Drivers/Drivers/BSP/Components/spirit1/SPIRIT1_Library/Src/SPIRIT_Irq.o
 .debug_abbrev  0x0000000000001342      0x234 ./Drivers/Drivers/BSP/Components/spirit1/SPIRIT1_Library/Src/SPIRIT_Management.o
 .debug_abbrev  0x0000000000001576      0x1e5 ./Drivers/Drivers/BSP/Components/spirit1/SPIRIT1_Library/Src/SPIRIT_PktBasic.o
 .debug_abbrev  0x000000000000175b      0x1e9 ./Drivers/Drivers/BSP/Components/spirit1/SPIRIT1_Library/Src/SPIRIT_PktCommon.o
 .debug_abbrev  0x0000000000001944      0x206 ./Drivers/Drivers/BSP/Components/spirit1/SPIRIT1_Library/Src/SPIRIT_PktStack.o
 .debug_abbrev  0x0000000000001b4a      0x1b5 ./Drivers/Drivers/BSP/Components/spirit1/SPIRIT1_Library/Src/SPIRIT_Qi.o
 .debug_abbrev  0x0000000000001cff      0x2c0 ./Drivers/Drivers/BSP/Components/spirit1/SPIRIT1_Library/Src/SPIRIT_Radio.o
 .debug_abbrev  0x0000000000001fbf      0x1f1 ./Drivers/Drivers/BSP/Components/spirit1/SPIRIT1_Library/Src/SPIRIT_Timer.o
 .debug_abbrev  0x00000000000021b0      0x106 ./Drivers/Drivers/BSP/Components/spirit1/SPIRIT1_Library/Src/SPIRIT_Types.o
 .debug_abbrev  0x00000000000022b6      0x21c ./Drivers/Drivers/BSP/Components/spirit1/radio_target.o
 .debug_abbrev  0x00000000000024d2      0x242 ./Drivers/STM32L4xx_HAL_Driver/Src/stm32l4xx_hal.o
 .debug_abbrev  0x0000000000002714      0x327 ./Drivers/STM32L4xx_HAL_Driver/Src/stm32l4xx_hal_cortex.o
 .debug_abbrev  0x0000000000002a3b      0x1cb ./Drivers/STM32L4xx_HAL_Driver/Src/stm32l4xx_hal_gpio.o
 .debug_abbrev  0x0000000000002c06      0x1f9 ./Drivers/STM32L4xx_HAL_Driver/Src/stm32l4xx_hal_pwr_ex.o
 .debug_abbrev  0x0000000000002dff      0x2cb ./Drivers/STM32L4xx_HAL_Driver/Src/stm32l4xx_hal_rcc.o
 .debug_abbrev  0x00000000000030ca      0x2a6 ./Drivers/STM32L4xx_HAL_Driver/Src/stm32l4xx_hal_rcc_ex.o
 .debug_abbrev  0x0000000000003370      0x26a ./Drivers/STM32L4xx_HAL_Driver/Src/stm32l4xx_hal_spi.o
 .debug_abbrev  0x00000000000035da      0x2d0 ./Drivers/STM32L4xx_HAL_Driver/Src/stm32l4xx_hal_uart.o

.debug_aranges  0x0000000000000000     0x14a0
 .debug_aranges
                0x0000000000000000       0x20 ./Core/Src/gpio.o
 .debug_aranges
                0x0000000000000020       0x48 ./Core/Src/main.o
 .debug_aranges
                0x0000000000000068       0x30 ./Core/Src/spi.o
 .debug_aranges
                0x0000000000000098       0x38 ./Core/Src/spsgrf.o
 .debug_aranges
                0x00000000000000d0       0x20 ./Core/Src/stm32l4xx_hal_msp.o
 .debug_aranges
                0x00000000000000f0       0x70 ./Core/Src/stm32l4xx_it.o
 .debug_aranges
                0x0000000000000160       0x28 ./Core/Src/system_stm32l4xx.o
 .debug_aranges
                0x0000000000000188       0x30 ./Core/Src/usart.o
 .debug_aranges
                0x00000000000001b8       0x28 ./Core/Startup/startup_stm32l476rgtx.o
 .debug_aranges
                0x00000000000001e0       0x70 ./Drivers/Drivers/BSP/Components/spirit1/SPIRIT1_Library/Src/SPIRIT_Calibration.o
 .debug_aranges
                0x0000000000000250       0x20 ./Drivers/Drivers/BSP/Components/spirit1/SPIRIT1_Library/Src/SPIRIT_Commands.o
 .debug_aranges
                0x0000000000000270       0x78 ./Drivers/Drivers/BSP/Components/spirit1/SPIRIT1_Library/Src/SPIRIT_Gpio.o
 .debug_aranges
                0x00000000000002e8       0x50 ./Drivers/Drivers/BSP/Components/spirit1/SPIRIT1_Library/Src/SPIRIT_Irq.o
 .debug_aranges
                0x0000000000000338       0x48 ./Drivers/Drivers/BSP/Components/spirit1/SPIRIT1_Library/Src/SPIRIT_Management.o
 .debug_aranges
                0x0000000000000380       0x70 ./Drivers/Drivers/BSP/Components/spirit1/SPIRIT1_Library/Src/SPIRIT_PktBasic.o
 .debug_aranges
                0x00000000000003f0      0x1c8 ./Drivers/Drivers/BSP/Components/spirit1/SPIRIT1_Library/Src/SPIRIT_PktCommon.o
 .debug_aranges
                0x00000000000005b8       0x90 ./Drivers/Drivers/BSP/Components/spirit1/SPIRIT1_Library/Src/SPIRIT_PktStack.o
 .debug_aranges
                0x0000000000000648       0xc8 ./Drivers/Drivers/BSP/Components/spirit1/SPIRIT1_Library/Src/SPIRIT_Qi.o
 .debug_aranges
                0x0000000000000710      0x2f0 ./Drivers/Drivers/BSP/Components/spirit1/SPIRIT1_Library/Src/SPIRIT_Radio.o
 .debug_aranges
                0x0000000000000a00       0xd0 ./Drivers/Drivers/BSP/Components/spirit1/SPIRIT1_Library/Src/SPIRIT_Timer.o
 .debug_aranges
                0x0000000000000ad0       0x20 ./Drivers/Drivers/BSP/Components/spirit1/SPIRIT1_Library/Src/SPIRIT_Types.o
 .debug_aranges
                0x0000000000000af0       0x60 ./Drivers/Drivers/BSP/Components/spirit1/radio_target.o
 .debug_aranges
                0x0000000000000b50      0x130 ./Drivers/STM32L4xx_HAL_Driver/Src/stm32l4xx_hal.o
 .debug_aranges
                0x0000000000000c80      0x118 ./Drivers/STM32L4xx_HAL_Driver/Src/stm32l4xx_hal_cortex.o
 .debug_aranges
                0x0000000000000d98       0x58 ./Drivers/STM32L4xx_HAL_Driver/Src/stm32l4xx_hal_gpio.o
 .debug_aranges
                0x0000000000000df0      0x160 ./Drivers/STM32L4xx_HAL_Driver/Src/stm32l4xx_hal_pwr_ex.o
 .debug_aranges
                0x0000000000000f50       0x90 ./Drivers/STM32L4xx_HAL_Driver/Src/stm32l4xx_hal_rcc.o
 .debug_aranges
                0x0000000000000fe0       0xc0 ./Drivers/STM32L4xx_HAL_Driver/Src/stm32l4xx_hal_rcc_ex.o
 .debug_aranges
                0x00000000000010a0      0x1d8 ./Drivers/STM32L4xx_HAL_Driver/Src/stm32l4xx_hal_spi.o
 .debug_aranges
                0x0000000000001278      0x228 ./Drivers/STM32L4xx_HAL_Driver/Src/stm32l4xx_hal_uart.o

.debug_rnglists
                0x0000000000000000      0xf92
 .debug_rnglists
                0x0000000000000000       0x14 ./Core/Src/gpio.o
 .debug_rnglists
                0x0000000000000014       0x33 ./Core/Src/main.o
 .debug_rnglists
                0x0000000000000047       0x20 ./Core/Src/spi.o
 .debug_rnglists
                0x0000000000000067       0x26 ./Core/Src/spsgrf.o
 .debug_rnglists
                0x000000000000008d       0x13 ./Core/Src/stm32l4xx_hal_msp.o
 .debug_rnglists
                0x00000000000000a0       0x4f ./Core/Src/stm32l4xx_it.o
 .debug_rnglists
                0x00000000000000ef       0x1a ./Core/Src/system_stm32l4xx.o
 .debug_rnglists
                0x0000000000000109       0x20 ./Core/Src/usart.o
 .debug_rnglists
                0x0000000000000129       0x19 ./Core/Startup/startup_stm32l476rgtx.o
 .debug_rnglists
                0x0000000000000142       0x50 ./Drivers/Drivers/BSP/Components/spirit1/SPIRIT1_Library/Src/SPIRIT_Calibration.o
 .debug_rnglists
                0x0000000000000192       0x13 ./Drivers/Drivers/BSP/Components/spirit1/SPIRIT1_Library/Src/SPIRIT_Commands.o
 .debug_rnglists
                0x00000000000001a5       0x57 ./Drivers/Drivers/BSP/Components/spirit1/SPIRIT1_Library/Src/SPIRIT_Gpio.o
 .debug_rnglists
                0x00000000000001fc       0x38 ./Drivers/Drivers/BSP/Components/spirit1/SPIRIT1_Library/Src/SPIRIT_Irq.o
 .debug_rnglists
                0x0000000000000234       0x33 ./Drivers/Drivers/BSP/Components/spirit1/SPIRIT1_Library/Src/SPIRIT_Management.o
 .debug_rnglists
                0x0000000000000267       0x55 ./Drivers/Drivers/BSP/Components/spirit1/SPIRIT1_Library/Src/SPIRIT_PktBasic.o
 .debug_rnglists
                0x00000000000002bc      0x153 ./Drivers/Drivers/BSP/Components/spirit1/SPIRIT1_Library/Src/SPIRIT_PktCommon.o
 .debug_rnglists
                0x000000000000040f       0x6e ./Drivers/Drivers/BSP/Components/spirit1/SPIRIT1_Library/Src/SPIRIT_PktStack.o
 .debug_rnglists
                0x000000000000047d       0x91 ./Drivers/Drivers/BSP/Components/spirit1/SPIRIT1_Library/Src/SPIRIT_Qi.o
 .debug_rnglists
                0x000000000000050e      0x242 ./Drivers/Drivers/BSP/Components/spirit1/SPIRIT1_Library/Src/SPIRIT_Radio.o
 .debug_rnglists
                0x0000000000000750       0x9d ./Drivers/Drivers/BSP/Components/spirit1/SPIRIT1_Library/Src/SPIRIT_Timer.o
 .debug_rnglists
                0x00000000000007ed       0x13 ./Drivers/Drivers/BSP/Components/spirit1/SPIRIT1_Library/Src/SPIRIT_Types.o
 .debug_rnglists
                0x0000000000000800       0x48 ./Drivers/Drivers/BSP/Components/spirit1/radio_target.o
 .debug_rnglists
                0x0000000000000848       0xdf ./Drivers/STM32L4xx_HAL_Driver/Src/stm32l4xx_hal.o
 .debug_rnglists
                0x0000000000000927       0xce ./Drivers/STM32L4xx_HAL_Driver/Src/stm32l4xx_hal_cortex.o
 .debug_rnglists
                0x00000000000009f5       0x3f ./Drivers/STM32L4xx_HAL_Driver/Src/stm32l4xx_hal_gpio.o
 .debug_rnglists
                0x0000000000000a34      0x109 ./Drivers/STM32L4xx_HAL_Driver/Src/stm32l4xx_hal_pwr_ex.o
 .debug_rnglists
                0x0000000000000b3d       0x6d ./Drivers/STM32L4xx_HAL_Driver/Src/stm32l4xx_hal_rcc.o
 .debug_rnglists
                0x0000000000000baa       0x95 ./Drivers/STM32L4xx_HAL_Driver/Src/stm32l4xx_hal_rcc_ex.o
 .debug_rnglists
                0x0000000000000c3f      0x178 ./Drivers/STM32L4xx_HAL_Driver/Src/stm32l4xx_hal_spi.o
 .debug_rnglists
                0x0000000000000db7      0x1db ./Drivers/STM32L4xx_HAL_Driver/Src/stm32l4xx_hal_uart.o

.debug_macro    0x0000000000000000    0x29b10
 .debug_macro   0x0000000000000000      0x1da ./Core/Src/gpio.o
 .debug_macro   0x00000000000001da      0xaa8 ./Core/Src/gpio.o
 .debug_macro   0x0000000000000c82      0x1a7 ./Core/Src/gpio.o
 .debug_macro   0x0000000000000e29       0x2e ./Core/Src/gpio.o
 .debug_macro   0x0000000000000e57       0x28 ./Core/Src/gpio.o
 .debug_macro   0x0000000000000e7f       0x22 ./Core/Src/gpio.o
 .debug_macro   0x0000000000000ea1       0x8e ./Core/Src/gpio.o
 .debug_macro   0x0000000000000f2f       0x51 ./Core/Src/gpio.o
 .debug_macro   0x0000000000000f80      0x103 ./Core/Src/gpio.o
 .debug_macro   0x0000000000001083       0x6a ./Core/Src/gpio.o
 .debug_macro   0x00000000000010ed      0x1df ./Core/Src/gpio.o
 .debug_macro   0x00000000000012cc       0x1c ./Core/Src/gpio.o
 .debug_macro   0x00000000000012e8       0x22 ./Core/Src/gpio.o
 .debug_macro   0x000000000000130a       0xfb ./Core/Src/gpio.o
 .debug_macro   0x0000000000001405     0x1011 ./Core/Src/gpio.o
 .debug_macro   0x0000000000002416      0x11f ./Core/Src/gpio.o
 .debug_macro   0x0000000000002535    0x1a17a ./Core/Src/gpio.o
 .debug_macro   0x000000000001c6af       0x6d ./Core/Src/gpio.o
 .debug_macro   0x000000000001c71c     0x38e6 ./Core/Src/gpio.o
 .debug_macro   0x0000000000020002      0x174 ./Core/Src/gpio.o
 .debug_macro   0x0000000000020176       0x5c ./Core/Src/gpio.o
 .debug_macro   0x00000000000201d2     0x159e ./Core/Src/gpio.o
 .debug_macro   0x0000000000021770      0x5a5 ./Core/Src/gpio.o
 .debug_macro   0x0000000000021d15      0x1b9 ./Core/Src/gpio.o
 .debug_macro   0x0000000000021ece      0x18b ./Core/Src/gpio.o
 .debug_macro   0x0000000000022059      0x26b ./Core/Src/gpio.o
 .debug_macro   0x00000000000222c4      0x23d ./Core/Src/gpio.o
 .debug_macro   0x0000000000022501      0x241 ./Core/Src/gpio.o
 .debug_macro   0x0000000000022742      0x37c ./Core/Src/gpio.o
 .debug_macro   0x0000000000022abe       0xd6 ./Core/Src/gpio.o
 .debug_macro   0x0000000000022b94      0x122 ./Core/Src/gpio.o
 .debug_macro   0x0000000000022cb6      0x3ef ./Core/Src/gpio.o
 .debug_macro   0x00000000000230a5      0x2fe ./Core/Src/gpio.o
 .debug_macro   0x00000000000233a3      0x5cf ./Core/Src/gpio.o
 .debug_macro   0x0000000000023972       0x44 ./Core/Src/gpio.o
 .debug_macro   0x00000000000239b6      0x330 ./Core/Src/gpio.o
 .debug_macro   0x0000000000023ce6       0x52 ./Core/Src/gpio.o
 .debug_macro   0x0000000000023d38      0x3ee ./Core/Src/main.o
 .debug_macro   0x0000000000024126      0xef6 ./Core/Src/main.o
 .debug_macro   0x000000000002501c       0x61 ./Core/Src/main.o
 .debug_macro   0x000000000002507d       0x2a ./Core/Src/main.o
 .debug_macro   0x00000000000250a7       0x43 ./Core/Src/main.o
 .debug_macro   0x00000000000250ea       0x34 ./Core/Src/main.o
 .debug_macro   0x000000000002511e       0x16 ./Core/Src/main.o
 .debug_macro   0x0000000000025134       0x35 ./Core/Src/main.o
 .debug_macro   0x0000000000025169      0x369 ./Core/Src/main.o
 .debug_macro   0x00000000000254d2       0x10 ./Core/Src/main.o
 .debug_macro   0x00000000000254e2       0x16 ./Core/Src/main.o
 .debug_macro   0x00000000000254f8       0x43 ./Core/Src/main.o
 .debug_macro   0x000000000002553b       0x34 ./Core/Src/main.o
 .debug_macro   0x000000000002556f       0x10 ./Core/Src/main.o
 .debug_macro   0x000000000002557f       0x58 ./Core/Src/main.o
 .debug_macro   0x00000000000255d7       0x8e ./Core/Src/main.o
 .debug_macro   0x0000000000025665       0x1c ./Core/Src/main.o
 .debug_macro   0x0000000000025681      0x177 ./Core/Src/main.o
 .debug_macro   0x00000000000257f8       0x16 ./Core/Src/main.o
 .debug_macro   0x000000000002580e       0x16 ./Core/Src/main.o
 .debug_macro   0x0000000000025824      0x147 ./Core/Src/main.o
 .debug_macro   0x000000000002596b       0x1e ./Core/Src/main.o
 .debug_macro   0x0000000000025989       0x10 ./Core/Src/main.o
 .debug_macro   0x0000000000025999       0x87 ./Core/Src/main.o
 .debug_macro   0x0000000000025a20       0x2c ./Core/Src/main.o
 .debug_macro   0x0000000000025a4c       0x16 ./Core/Src/main.o
 .debug_macro   0x0000000000025a62       0x2a ./Core/Src/main.o
 .debug_macro   0x0000000000025a8c       0x39 ./Core/Src/main.o
 .debug_macro   0x0000000000025ac5       0x12 ./Core/Src/main.o
 .debug_macro   0x0000000000025ad7       0x41 ./Core/Src/main.o
 .debug_macro   0x0000000000025b18       0x10 ./Core/Src/main.o
 .debug_macro   0x0000000000025b28       0x57 ./Core/Src/main.o
 .debug_macro   0x0000000000025b7f      0x170 ./Core/Src/main.o
 .debug_macro   0x0000000000025cef       0x10 ./Core/Src/main.o
 .debug_macro   0x0000000000025cff      0x1d8 ./Core/Src/main.o
 .debug_macro   0x0000000000025ed7       0x33 ./Core/Src/main.o
 .debug_macro   0x0000000000025f0a      0x1b5 ./Core/Src/main.o
 .debug_macro   0x00000000000260bf       0x42 ./Core/Src/main.o
 .debug_macro   0x0000000000026101       0xd0 ./Core/Src/main.o
 .debug_macro   0x00000000000261d1       0xb8 ./Core/Src/main.o
 .debug_macro   0x0000000000026289       0x16 ./Core/Src/main.o
 .debug_macro   0x000000000002629f       0x20 ./Core/Src/main.o
 .debug_macro   0x00000000000262bf      0x1da ./Core/Src/spi.o
 .debug_macro   0x0000000000026499      0x234 ./Core/Src/spsgrf.o
 .debug_macro   0x00000000000266cd       0x97 ./Core/Src/spsgrf.o
 .debug_macro   0x0000000000026764       0xfd ./Core/Src/spsgrf.o
 .debug_macro   0x0000000000026861      0x1d0 ./Core/Src/stm32l4xx_hal_msp.o
 .debug_macro   0x0000000000026a31      0x1da ./Core/Src/stm32l4xx_it.o
 .debug_macro   0x0000000000026c0b      0x1c1 ./Core/Src/system_stm32l4xx.o
 .debug_macro   0x0000000000026dcc      0x1da ./Core/Src/usart.o
 .debug_macro   0x0000000000026fa6      0x171 ./Drivers/Drivers/BSP/Components/spirit1/SPIRIT1_Library/Src/SPIRIT_Calibration.o
 .debug_macro   0x0000000000027117      0x170 ./Drivers/Drivers/BSP/Components/spirit1/SPIRIT1_Library/Src/SPIRIT_Commands.o
 .debug_macro   0x0000000000027287       0x81 ./Drivers/Drivers/BSP/Components/spirit1/SPIRIT1_Library/Src/SPIRIT_Commands.o
 .debug_macro   0x0000000000027308      0x170 ./Drivers/Drivers/BSP/Components/spirit1/SPIRIT1_Library/Src/SPIRIT_Gpio.o
 .debug_macro   0x0000000000027478       0x33 ./Drivers/Drivers/BSP/Components/spirit1/SPIRIT1_Library/Src/SPIRIT_Gpio.o
 .debug_macro   0x00000000000274ab      0x1a5 ./Drivers/Drivers/BSP/Components/spirit1/SPIRIT1_Library/Src/SPIRIT_Irq.o
 .debug_macro   0x0000000000027650      0x232 ./Drivers/Drivers/BSP/Components/spirit1/SPIRIT1_Library/Src/SPIRIT_Management.o
 .debug_macro   0x0000000000027882      0x179 ./Drivers/Drivers/BSP/Components/spirit1/SPIRIT1_Library/Src/SPIRIT_PktBasic.o
 .debug_macro   0x00000000000279fb      0x170 ./Drivers/Drivers/BSP/Components/spirit1/SPIRIT1_Library/Src/SPIRIT_PktCommon.o
 .debug_macro   0x0000000000027b6b       0x51 ./Drivers/Drivers/BSP/Components/spirit1/SPIRIT1_Library/Src/SPIRIT_PktCommon.o
 .debug_macro   0x0000000000027bbc      0x179 ./Drivers/Drivers/BSP/Components/spirit1/SPIRIT1_Library/Src/SPIRIT_PktStack.o
 .debug_macro   0x0000000000027d35      0x1d2 ./Drivers/Drivers/BSP/Components/spirit1/SPIRIT1_Library/Src/SPIRIT_PktStack.o
 .debug_macro   0x0000000000027f07      0x170 ./Drivers/Drivers/BSP/Components/spirit1/SPIRIT1_Library/Src/SPIRIT_Qi.o
 .debug_macro   0x0000000000028077       0x2d ./Drivers/Drivers/BSP/Components/spirit1/SPIRIT1_Library/Src/SPIRIT_Qi.o
 .debug_macro   0x00000000000280a4      0x243 ./Drivers/Drivers/BSP/Components/spirit1/SPIRIT1_Library/Src/SPIRIT_Radio.o
 .debug_macro   0x00000000000282e7      0x19b ./Drivers/Drivers/BSP/Components/spirit1/SPIRIT1_Library/Src/SPIRIT_Radio.o
 .debug_macro   0x0000000000028482      0x22e ./Drivers/Drivers/BSP/Components/spirit1/SPIRIT1_Library/Src/SPIRIT_Timer.o
 .debug_macro   0x00000000000286b0       0x3b ./Drivers/Drivers/BSP/Components/spirit1/SPIRIT1_Library/Src/SPIRIT_Timer.o
 .debug_macro   0x00000000000286eb      0x16b ./Drivers/Drivers/BSP/Components/spirit1/SPIRIT1_Library/Src/SPIRIT_Types.o
 .debug_macro   0x0000000000028856       0x3c ./Drivers/Drivers/BSP/Components/spirit1/SPIRIT1_Library/Src/SPIRIT_Types.o
 .debug_macro   0x0000000000028892      0x31e ./Drivers/Drivers/BSP/Components/spirit1/radio_target.o
 .debug_macro   0x0000000000028bb0       0x34 ./Drivers/Drivers/BSP/Components/spirit1/radio_target.o
 .debug_macro   0x0000000000028be4      0x20f ./Drivers/STM32L4xx_HAL_Driver/Src/stm32l4xx_hal.o
 .debug_macro   0x0000000000028df3      0x1c1 ./Drivers/STM32L4xx_HAL_Driver/Src/stm32l4xx_hal_cortex.o
 .debug_macro   0x0000000000028fb4      0x1c8 ./Drivers/STM32L4xx_HAL_Driver/Src/stm32l4xx_hal_gpio.o
 .debug_macro   0x000000000002917c      0x1e5 ./Drivers/STM32L4xx_HAL_Driver/Src/stm32l4xx_hal_pwr_ex.o
 .debug_macro   0x0000000000029361      0x203 ./Drivers/STM32L4xx_HAL_Driver/Src/stm32l4xx_hal_rcc.o
 .debug_macro   0x0000000000029564      0x1f7 ./Drivers/STM32L4xx_HAL_Driver/Src/stm32l4xx_hal_rcc_ex.o
 .debug_macro   0x000000000002975b      0x1c9 ./Drivers/STM32L4xx_HAL_Driver/Src/stm32l4xx_hal_spi.o
 .debug_macro   0x0000000000029924      0x1ec ./Drivers/STM32L4xx_HAL_Driver/Src/stm32l4xx_hal_uart.o

.debug_line     0x0000000000000000    0x17ab3
 .debug_line    0x0000000000000000      0x784 ./Core/Src/gpio.o
 .debug_line    0x0000000000000784      0xc44 ./Core/Src/main.o
 .debug_line    0x00000000000013c8      0x7da ./Core/Src/spi.o
 .debug_line    0x0000000000001ba2      0x896 ./Core/Src/spsgrf.o
 .debug_line    0x0000000000002438      0x750 ./Core/Src/stm32l4xx_hal_msp.o
 .debug_line    0x0000000000002b88      0x842 ./Core/Src/stm32l4xx_it.o
 .debug_line    0x00000000000033ca      0x7e7 ./Core/Src/system_stm32l4xx.o
 .debug_line    0x0000000000003bb1      0x7d1 ./Core/Src/usart.o
 .debug_line    0x0000000000004382       0x7a ./Core/Startup/startup_stm32l476rgtx.o
 .debug_line    0x00000000000043fc      0x7e4 ./Drivers/Drivers/BSP/Components/spirit1/SPIRIT1_Library/Src/SPIRIT_Calibration.o
 .debug_line    0x0000000000004be0      0x672 ./Drivers/Drivers/BSP/Components/spirit1/SPIRIT1_Library/Src/SPIRIT_Commands.o
 .debug_line    0x0000000000005252      0x808 ./Drivers/Drivers/BSP/Components/spirit1/SPIRIT1_Library/Src/SPIRIT_Gpio.o
 .debug_line    0x0000000000005a5a      0x89f ./Drivers/Drivers/BSP/Components/spirit1/SPIRIT1_Library/Src/SPIRIT_Irq.o
 .debug_line    0x00000000000062f9      0xa12 ./Drivers/Drivers/BSP/Components/spirit1/SPIRIT1_Library/Src/SPIRIT_Management.o
 .debug_line    0x0000000000006d0b      0xa05 ./Drivers/Drivers/BSP/Components/spirit1/SPIRIT1_Library/Src/SPIRIT_PktBasic.o
 .debug_line    0x0000000000007710      0xecc ./Drivers/Drivers/BSP/Components/spirit1/SPIRIT1_Library/Src/SPIRIT_PktCommon.o
 .debug_line    0x00000000000085dc      0xa5d ./Drivers/Drivers/BSP/Components/spirit1/SPIRIT1_Library/Src/SPIRIT_PktStack.o
 .debug_line    0x0000000000009039      0x8ea ./Drivers/Drivers/BSP/Components/spirit1/SPIRIT1_Library/Src/SPIRIT_Qi.o
 .debug_line    0x0000000000009923     0x1c93 ./Drivers/Drivers/BSP/Components/spirit1/SPIRIT1_Library/Src/SPIRIT_Radio.o
 .debug_line    0x000000000000b5b6      0xbcd ./Drivers/Drivers/BSP/Components/spirit1/SPIRIT1_Library/Src/SPIRIT_Timer.o
 .debug_line    0x000000000000c183      0x696 ./Drivers/Drivers/BSP/Components/spirit1/SPIRIT1_Library/Src/SPIRIT_Types.o
 .debug_line    0x000000000000c819      0xada ./Drivers/Drivers/BSP/Components/spirit1/radio_target.o
 .debug_line    0x000000000000d2f3      0xb3f ./Drivers/STM32L4xx_HAL_Driver/Src/stm32l4xx_hal.o
 .debug_line    0x000000000000de32      0xce6 ./Drivers/STM32L4xx_HAL_Driver/Src/stm32l4xx_hal_cortex.o
 .debug_line    0x000000000000eb18      0xbb3 ./Drivers/STM32L4xx_HAL_Driver/Src/stm32l4xx_hal_gpio.o
 .debug_line    0x000000000000f6cb      0xd37 ./Drivers/STM32L4xx_HAL_Driver/Src/stm32l4xx_hal_pwr_ex.o
 .debug_line    0x0000000000010402      0xfb6 ./Drivers/STM32L4xx_HAL_Driver/Src/stm32l4xx_hal_rcc.o
 .debug_line    0x00000000000113b8     0x1530 ./Drivers/STM32L4xx_HAL_Driver/Src/stm32l4xx_hal_rcc_ex.o
 .debug_line    0x00000000000128e8     0x1fac ./Drivers/STM32L4xx_HAL_Driver/Src/stm32l4xx_hal_spi.o
 .debug_line    0x0000000000014894     0x321f ./Drivers/STM32L4xx_HAL_Driver/Src/stm32l4xx_hal_uart.o

.debug_str      0x0000000000000000    0xf987c
 .debug_str     0x0000000000000000    0xe2c2b ./Core/Src/gpio.o
                                      0xe2f88 (size before relaxing)
 .debug_str     0x00000000000e2c2b     0xf8dc ./Core/Src/main.o
                                      0xf21e8 (size before relaxing)
 .debug_str     0x00000000000f2507      0x1da ./Core/Src/spi.o
                                      0xe2ea1 (size before relaxing)
 .debug_str     0x00000000000f26e1     0x12e5 ./Core/Src/spsgrf.o
                                      0x14802 (size before relaxing)
 .debug_str     0x00000000000f39c6       0x2c ./Core/Src/stm32l4xx_hal_msp.o
                                      0xe29a5 (size before relaxing)
 .debug_str     0x00000000000f39f2      0x10a ./Core/Src/stm32l4xx_it.o
                                      0xe2933 (size before relaxing)
 .debug_str     0x00000000000f3afc       0xf2 ./Core/Src/system_stm32l4xx.o