Archive member included to satisfy reference by file (symbol)

C:/ST/STM32CubeIDE_1.14.0/STM32CubeIDE/plugins/com.st.stm32cube.ide.mcu.externaltools.gnu-tools-for-stm32.11.3.rel1.win32_1.1.100.202309141235/tools/bin/../lib/gcc/arm-none-eabi/11.3.1/../../../../arm-none-eabi/lib/thumb/v7e-m+fp/hard\libc_nano.a(libc_a-exit.o)
                              C:/ST/STM32CubeIDE_1.14.0/STM32CubeIDE/plugins/com.st.stm32cube.ide.mcu.externaltools.gnu-tools-for-stm32.11.3.rel1.win32_1.1.100.202309141235/tools/bin/../lib/gcc/arm-none-eabi/11.3.1/../../../../arm-none-eabi/lib/thumb/v7e-m+fp/hard/crt0.o (exit)
C:/ST/STM32CubeIDE_1.14.0/STM32CubeIDE/plugins/com.st.stm32cube.ide.mcu.externaltools.gnu-tools-for-stm32.11.3.rel1.win32_1.1.100.202309141235/tools/bin/../lib/gcc/arm-none-eabi/11.3.1/../../../../arm-none-eabi/lib/thumb/v7e-m+fp/hard\libc_nano.a(libc_a-findfp.o)
                              ./Middlewares/Third_Party/FreeRTOS/Source/tasks.o (__sf)
C:/ST/STM32CubeIDE_1.14.0/STM32CubeIDE/plugins/com.st.stm32cube.ide.mcu.externaltools.gnu-tools-for-stm32.11.3.rel1.win32_1.1.100.202309141235/tools/bin/../lib/gcc/arm-none-eabi/11.3.1/../../../../arm-none-eabi/lib/thumb/v7e-m+fp/hard\libc_nano.a(libc_a-fwalk.o)
                              C:/ST/STM32CubeIDE_1.14.0/STM32CubeIDE/plugins/com.st.stm32cube.ide.mcu.externaltools.gnu-tools-for-stm32.11.3.rel1.win32_1.1.100.202309141235/tools/bin/../lib/gcc/arm-none-eabi/11.3.1/../../../../arm-none-eabi/lib/thumb/v7e-m+fp/hard\libc_nano.a(libc_a-findfp.o) (_fwalk_sglue)
C:/ST/STM32CubeIDE_1.14.0/STM32CubeIDE/plugins/com.st.stm32cube.ide.mcu.externaltools.gnu-tools-for-stm32.11.3.rel1.win32_1.1.100.202309141235/tools/bin/../lib/gcc/arm-none-eabi/11.3.1/../../../../arm-none-eabi/lib/thumb/v7e-m+fp/hard\libc_nano.a(libc_a-stdio.o)
                              C:/ST/STM32CubeIDE_1.14.0/STM32CubeIDE/plugins/com.st.stm32cube.ide.mcu.externaltools.gnu-tools-for-stm32.11.3.rel1.win32_1.1.100.202309141235/tools/bin/../lib/gcc/arm-none-eabi/11.3.1/../../../../arm-none-eabi/lib/thumb/v7e-m+fp/hard\libc_nano.a(libc_a-findfp.o) (__sread)
C:/ST/STM32CubeIDE_1.14.0/STM32CubeIDE/plugins/com.st.stm32cube.ide.mcu.externaltools.gnu-tools-for-stm32.11.3.rel1.win32_1.1.100.202309141235/tools/bin/../lib/gcc/arm-none-eabi/11.3.1/../../../../arm-none-eabi/lib/thumb/v7e-m+fp/hard\libc_nano.a(libc_a-vsnprintf.o)
                              ./Core/Src/main.o (vsnprintf)
C:/ST/STM32CubeIDE_1.14.0/STM32CubeIDE/plugins/com.st.stm32cube.ide.mcu.externaltools.gnu-tools-for-stm32.11.3.rel1.win32_1.1.100.202309141235/tools/bin/../lib/gcc/arm-none-eabi/11.3.1/../../../../arm-none-eabi/lib/thumb/v7e-m+fp/hard\libc_nano.a(libc_a-memset.o)
                              C:/ST/STM32CubeIDE_1.14.0/STM32CubeIDE/plugins/com.st.stm32cube.ide.mcu.externaltools.gnu-tools-for-stm32.11.3.rel1.win32_1.1.100.202309141235/tools/bin/../lib/gcc/arm-none-eabi/11.3.1/../../../../arm-none-eabi/lib/thumb/v7e-m+fp/hard/crt0.o (memset)
C:/ST/STM32CubeIDE_1.14.0/STM32CubeIDE/plugins/com.st.stm32cube.ide.mcu.externaltools.gnu-tools-for-stm32.11.3.rel1.win32_1.1.100.202309141235/tools/bin/../lib/gcc/arm-none-eabi/11.3.1/../../../../arm-none-eabi/lib/thumb/v7e-m+fp/hard\libc_nano.a(libc_a-closer.o)
                              C:/ST/STM32CubeIDE_1.14.0/STM32CubeIDE/plugins/com.st.stm32cube.ide.mcu.externaltools.gnu-tools-for-stm32.11.3.rel1.win32_1.1.100.202309141235/tools/bin/../lib/gcc/arm-none-eabi/11.3.1/../../../../arm-none-eabi/lib/thumb/v7e-m+fp/hard\libc_nano.a(libc_a-stdio.o) (_close_r)
C:/ST/STM32CubeIDE_1.14.0/STM32CubeIDE/plugins/com.st.stm32cube.ide.mcu.externaltools.gnu-tools-for-stm32.11.3.rel1.win32_1.1.100.202309141235/tools/bin/../lib/gcc/arm-none-eabi/11.3.1/../../../../arm-none-eabi/lib/thumb/v7e-m+fp/hard\libc_nano.a(libc_a-reent.o)
                              ./Middlewares/Third_Party/FreeRTOS/Source/tasks.o (_reclaim_reent)
C:/ST/STM32CubeIDE_1.14.0/STM32CubeIDE/plugins/com.st.stm32cube.ide.mcu.externaltools.gnu-tools-for-stm32.11.3.rel1.win32_1.1.100.202309141235/tools/bin/../lib/gcc/arm-none-eabi/11.3.1/../../../../arm-none-eabi/lib/thumb/v7e-m+fp/hard\libc_nano.a(libc_a-impure.o)
                              ./Middlewares/Third_Party/FreeRTOS/Source/tasks.o (_impure_ptr)
C:/ST/STM32CubeIDE_1.14.0/STM32CubeIDE/plugins/com.st.stm32cube.ide.mcu.externaltools.gnu-tools-for-stm32.11.3.rel1.win32_1.1.100.202309141235/tools/bin/../lib/gcc/arm-none-eabi/11.3.1/../../../../arm-none-eabi/lib/thumb/v7e-m+fp/hard\libc_nano.a(libc_a-lseekr.o)
                              C:/ST/STM32CubeIDE_1.14.0/STM32CubeIDE/plugins/com.st.stm32cube.ide.mcu.externaltools.gnu-tools-for-stm32.11.3.rel1.win32_1.1.100.202309141235/tools/bin/../lib/gcc/arm-none-eabi/11.3.1/../../../../arm-none-eabi/lib/thumb/v7e-m+fp/hard\libc_nano.a(libc_a-stdio.o) (_lseek_r)
[...]
Memory Configuration

Name             Origin             Length             Attributes
RAM              0x0000000020000000 0x0000000000018000 xrw
RAM2             0x0000000010000000 0x0000000000008000 xrw
FLASH            0x0000000008000000 0x0000000000100000 xr
*default*        0x0000000000000000 0xffffffffffffffff

Linker script and memory map

LOAD C:/ST/STM32CubeIDE_1.14.0/STM32CubeIDE/plugins/com.st.stm32cube.ide.mcu.externaltools.gnu-tools-for-stm32.11.3.rel1.win32_1.1.100.202309141235/tools/bin/../lib/gcc/arm-none-eabi/11.3.1/thumb/v7e-m+fp/hard/crti.o
LOAD C:/ST/STM32CubeIDE_1.14.0/STM32CubeIDE/plugins/com.st.stm32cube.ide.mcu.externaltools.gnu-tools-for-stm32.11.3.rel1.win32_1.1.100.202309141235/tools/bin/../lib/gcc/arm-none-eabi/11.3.1/thumb/v7e-m+fp/hard/crtbegin.o
LOAD C:/ST/STM32CubeIDE_1.14.0/STM32CubeIDE/plugins/com.st.stm32cube.ide.mcu.externaltools.gnu-tools-for-stm32.11.3.rel1.win32_1.1.100.202309141235/tools/bin/../lib/gcc/arm-none-eabi/11.3.1/../../../../arm-none-eabi/lib/thumb/v7e-m+fp/hard/crt0.o
LOAD ./Core/Src/freertos.o
LOAD ./Core/Src/gpio.o
LOAD ./Core/Src/main.o
LOAD ./Core/Src/spi.o
LOAD ./Core/Src/spsgrf.o
LOAD ./Core/Src/stm32l4xx_hal_msp.o
LOAD ./Core/Src/stm32l4xx_hal_timebase_tim.o
LOAD ./Core/Src/stm32l4xx_it.o
LOAD ./Core/Src/syscalls.o
LOAD ./Core/Src/sysmem.o
LOAD ./Core/Src/system_stm32l4xx.o
LOAD ./Core/Src/usart.o
LOAD ./Core/Startup/startup_stm32l476rgtx.o
LOAD ./Drivers/Drivers/BSP/Components/spirit1/SPIRIT1_Library/Src/SPIRIT_Aes.o
LOAD ./Drivers/Drivers/BSP/Components/spirit1/SPIRIT1_Library/Src/SPIRIT_Calibration.o
LOAD ./Drivers/Drivers/BSP/Components/spirit1/SPIRIT1_Library/Src/SPIRIT_Commands.o
LOAD ./Drivers/Drivers/BSP/Components/spirit1/SPIRIT1_Library/Src/SPIRIT_Csma.o
LOAD ./Drivers/Drivers/BSP/Components/spirit1/SPIRIT1_Library/Src/SPIRIT_DirectRF.o
LOAD ./Drivers/Drivers/BSP/Components/spirit1/SPIRIT1_Library/Src/SPIRIT_General.o
LOAD ./Drivers/Drivers/BSP/Components/spirit1/SPIRIT1_Library/Src/SPIRIT_Gpio.o
LOAD ./Drivers/Drivers/BSP/Components/spirit1/SPIRIT1_Library/Src/SPIRIT_Irq.o
LOAD ./Drivers/Drivers/BSP/Components/spirit1/SPIRIT1_Library/Src/SPIRIT_LinearFifo.o
LOAD ./Drivers/Drivers/BSP/Components/spirit1/SPIRIT1_Library/Src/SPIRIT_Management.o
LOAD ./Drivers/Drivers/BSP/Components/spirit1/SPIRIT1_Library/Src/SPIRIT_PktBasic.o
LOAD ./Drivers/Drivers/BSP/Components/spirit1/SPIRIT1_Library/Src/SPIRIT_PktCommon.o
LOAD ./Drivers/Drivers/BSP/Components/spirit1/SPIRIT1_Library/Src/SPIRIT_PktMbus.o
LOAD ./Drivers/Drivers/BSP/Components/spirit1/SPIRIT1_Library/Src/SPIRIT_PktStack.o
LOAD ./Drivers/Drivers/BSP/Components/spirit1/SPIRIT1_Library/Src/SPIRIT_Qi.o
LOAD ./Drivers/Drivers/BSP/Components/spirit1/SPIRIT1_Library/Src/SPIRIT_Radio.o
LOAD ./Drivers/Drivers/BSP/Components/spirit1/SPIRIT1_Library/Src/SPIRIT_Timer.o
LOAD ./Drivers/Drivers/BSP/Components/spirit1/SPIRIT1_Library/Src/SPIRIT_Types.o
LOAD ./Drivers/Drivers/BSP/Components/spirit1/radio_target.o
LOAD ./Drivers/STM32L4xx_HAL_Driver/Src/stm32l4xx_hal.o
LOAD ./Drivers/STM32L4xx_HAL_Driver/Src/stm32l4xx_hal_cortex.o
LOAD ./Drivers/STM32L4xx_HAL_Driver/Src/stm32l4xx_hal_dma.o
LOAD ./Drivers/STM32L4xx_HAL_Driver/Src/stm32l4xx_hal_dma_ex.o
LOAD ./Drivers/STM32L4xx_HAL_Driver/Src/stm32l4xx_hal_exti.o
LOAD ./Drivers/STM32L4xx_HAL_Driver/Src/stm32l4xx_hal_flash.o
LOAD ./Drivers/STM32L4xx_HAL_Driver/Src/stm32l4xx_hal_flash_ex.o
LOAD ./Drivers/STM32L4xx_HAL_Driver/Src/stm32l4xx_hal_flash_ramfunc.o
LOAD ./Drivers/STM32L4xx_HAL_Driver/Src/stm32l4xx_hal_gpio.o
LOAD ./Drivers/STM32L4xx_HAL_Driver/Src/stm32l4xx_hal_i2c.o
LOAD ./Drivers/STM32L4xx_HAL_Driver/Src/stm32l4xx_hal_i2c_ex.o
LOAD ./Drivers/STM32L4xx_HAL_Driver/Src/stm32l4xx_hal_pwr.o
LOAD ./Drivers/STM32L4xx_HAL_Driver/Src/stm32l4xx_hal_pwr_ex.o
LOAD ./Drivers/STM32L4xx_HAL_Driver/Src/stm32l4xx_hal_rcc.o
LOAD ./Drivers/STM32L4xx_HAL_Driver/Src/stm32l4xx_hal_rcc_ex.o
LOAD ./Drivers/STM32L4xx_HAL_Driver/Src/stm32l4xx_hal_spi.o
LOAD ./Drivers/STM32L4xx_HAL_Driver/Src/stm32l4xx_hal_spi_ex.o
LOAD ./Drivers/STM32L4xx_HAL_Driver/Src/stm32l4xx_hal_tim.o
LOAD ./Drivers/STM32L4xx_HAL_Driver/Src/stm32l4xx_hal_tim_ex.o
LOAD ./Drivers/STM32L4xx_HAL_Driver/Src/stm32l4xx_hal_uart.o
LOAD ./Drivers/STM32L4xx_HAL_Driver/Src/stm32l4xx_hal_uart_ex.o
LOAD ./Middlewares/Third_Party/FreeRTOS/Source/CMSIS_RTOS_V2/cmsis_os2.o
LOAD ./Middlewares/Third_Party/FreeRTOS/Source/croutine.o
LOAD ./Middlewares/Third_Party/FreeRTOS/Source/event_groups.o
LOAD ./Middlewares/Third_Party/FreeRTOS/Source/list.o
LOAD ./Middlewares/Third_Party/FreeRTOS/Source/queue.o
LOAD ./Middlewares/Third_Party/FreeRTOS/Source/stream_buffer.o
LOAD ./Middlewares/Third_Party/FreeRTOS/Source/tasks.o
LOAD ./Middlewares/Third_Party/FreeRTOS/Source/timers.o
LOAD ./Middlewares/Third_Party/FreeRTOS/Source/portable/GCC/ARM_CM4F/port.o
LOAD ./Middlewares/Third_Party/FreeRTOS/Source/portable/MemMang/heap_4.o
START GROUP
LOAD C:/ST/STM32CubeIDE_1.14.0/STM32CubeIDE/plugins/com.st.stm32cube.ide.mcu.externaltools.gnu-tools-for-stm32.11.3.rel1.win32_1.1.100.202309141235/tools/bin/../lib/gcc/arm-none-eabi/11.3.1/../../../../arm-none-eabi/lib/thumb/v7e-m+fp/hard\libc_nano.a
LOAD C:/ST/STM32CubeIDE_1.14.0/STM32CubeIDE/plugins/com.st.stm32cube.ide.mcu.externaltools.gnu-tools-for-stm32.11.3.rel1.win32_1.1.100.202309141235/tools/bin/../lib/gcc/arm-none-eabi/11.3.1/../../../../arm-none-eabi/lib/thumb/v7e-m+fp/hard\libm.a
END GROUP
START GROUP
LOAD C:/ST/STM32CubeIDE_1.14.0/STM32CubeIDE/plugins/com.st.stm32cube.ide.mcu.externaltools.gnu-tools-for-stm32.11.3.rel1.win32_1.1.100.202309141235/tools/bin/../lib/gcc/arm-none-eabi/11.3.1/thumb/v7e-m+fp/hard\libgcc.a
LOAD C:/ST/STM32CubeIDE_1.14.0/STM32CubeIDE/plugins/com.st.stm32cube.ide.mcu.externaltools.gnu-tools-for-stm32.11.3.rel1.win32_1.1.100.202309141235/tools/bin/../lib/gcc/arm-none-eabi/11.3.1/../../../../arm-none-eabi/lib/thumb/v7e-m+fp/hard\libc_nano.a
END GROUP
START GROUP
LOAD C:/ST/STM32CubeIDE_1.14.0/STM32CubeIDE/plugins/com.st.stm32cube.ide.mcu.externaltools.gnu-tools-for-stm32.11.3.rel1.win32_1.1.100.202309141235/tools/bin/../lib/gcc/arm-none-eabi/11.3.1/thumb/v7e-m+fp/hard\libgcc.a
LOAD C:/ST/STM32CubeIDE_1.14.0/STM32CubeIDE/plugins/com.st.stm32cube.ide.mcu.externaltools.gnu-tools-for-stm32.11.3.rel1.win32_1.1.100.202309141235/tools/bin/../lib/gcc/arm-none-eabi/11.3.1/../../../../arm-none-eabi/lib/thumb/v7e-m+fp/hard\libc_nano.a
LOAD C:/ST/STM32CubeIDE_1.14.0/STM32CubeIDE/plugins/com.st.stm32cube.ide.mcu.externaltools.gnu-tools-for-stm32.11.3.rel1.win32_1.1.100.202309141235/tools/bin/../lib/gcc/arm-none-eabi/11.3.1/../../../../arm-none-eabi/lib/thumb/v7e-m+fp/hard\libnosys.a
END GROUP
START GROUP
LOAD C:/ST/STM32CubeIDE_1.14.0/STM32CubeIDE/plugins/com.st.stm32cube.ide.mcu.externaltools.gnu-tools-for-stm32.11.3.rel1.win32_1.1.100.202309141235/tools/bin/../lib/gcc/arm-none-eabi/11.3.1/thumb/v7e-m+fp/hard\libgcc.a
LOAD C:/ST/STM32CubeIDE_1.14.0/STM32CubeIDE/plugins/com.st.stm32cube.ide.mcu.externaltools.gnu-tools-for-stm32.11.3.rel1.win32_1.1.100.202309141235/tools/bin/../lib/gcc/arm-none-eabi/11.3.1/../../../../arm-none-eabi/lib/thumb/v7e-m+fp/hard\libc_nano.a
LOAD C:/ST/STM32CubeIDE_1.14.0/STM32CubeIDE/plugins/com.st.stm32cube.ide.mcu.externaltools.gnu-tools-for-stm32.11.3.rel1.win32_1.1.100.202309141235/tools/bin/../lib/gcc/arm-none-eabi/11.3.1/../../../../arm-none-eabi/lib/thumb/v7e-m+fp/hard\libnosys.a
END GROUP
LOAD C:/ST/STM32CubeIDE_1.14.0/STM32CubeIDE/plugins/com.st.stm32cube.ide.mcu.externaltools.gnu-tools-for-stm32.11.3.rel1.win32_1.1.100.202309141235/tools/bin/../lib/gcc/arm-none-eabi/11.3.1/thumb/v7e-m+fp/hard/crtend.o
LOAD C:/ST/STM32CubeIDE_1.14.0/STM32CubeIDE/plugins/com.st.stm32cube.ide.mcu.externaltools.gnu-tools-for-stm32.11.3.rel1.win32_1.1.100.202309141235/tools/bin/../lib/gcc/arm-none-eabi/11.3.1/thumb/v7e-m+fp/hard/crtn.o
                0x0000000020018000                _estack = (ORIGIN (RAM) + LENGTH (RAM))
                0x0000000000000200                _Min_Heap_Size = 0x200
                0x0000000000000400                _Min_Stack_Size = 0x400

.isr_vector     0x0000000008000000      0x188
                0x0000000008000000                . = ALIGN (0x4)
 *(.isr_vector)
 .isr_vector    0x0000000008000000      0x188 ./Core/Startup/startup_stm32l476rgtx.o
                0x0000000008000000                g_pfnVectors
                0x0000000008000188                . = ALIGN (0x4)

.text           0x0000000008000190     0xb70c
                0x0000000008000190                . = ALIGN (0x4)
 *(.text)
 .text          0x0000000008000190       0x40 C:/ST/STM32CubeIDE_1.14.0/STM32CubeIDE/plugins/com.st.stm32cube.ide.mcu.externaltools.gnu-tools-for-stm32.11.3.rel1.win32_1.1.100.202309141235/tools/bin/../lib/gcc/arm-none-eabi/11.3.1/thumb/v7e-m+fp/hard/crtbegin.o
 .text          0x00000000080001d0       0x10 C:/ST/STM32CubeIDE_1.14.0/STM32CubeIDE/plugins/com.st.stm32cube.ide.mcu.externaltools.gnu-tools-for-stm32.11.3.rel1.win32_1.1.100.202309141235/tools/bin/../lib/gcc/arm-none-eabi/11.3.1/../../../../arm-none-eabi/lib/thumb/v7e-m+fp/hard\libc_nano.a(libc_a-strlen.o)
                0x00000000080001d0                strlen
 .text          0x00000000080001e0       0xa0 C:/ST/STM32CubeIDE_1.14.0/STM32CubeIDE/plugins/com.st.stm32cube.ide.mcu.externaltools.gnu-tools-for-stm32.11.3.rel1.win32_1.1.100.202309141235/tools/bin/../lib/gcc/arm-none-eabi/11.3.1/../../../../arm-none-eabi/lib/thumb/v7e-m+fp/hard\libc_nano.a(libc_a-memchr.o)
                0x00000000080001e0                memchr
 .text          0x0000000008000280      0x378 C:/ST/STM32CubeIDE_1.14.0/STM32CubeIDE/plugins/com.st.stm32cube.ide.mcu.externaltools.gnu-tools-for-stm32.11.3.rel1.win32_1.1.100.202309141235/tools/bin/../lib/gcc/arm-none-eabi/11.3.1/thumb/v7e-m+fp/hard\libgcc.a(_arm_addsubdf3.o)
                0x0000000008000280                __aeabi_drsub
                0x0000000008000288                __aeabi_dsub
                0x0000000008000288                __subdf3
                0x000000000800028c                __aeabi_dadd
                0x000000000800028c                __adddf3
                0x0000000008000504                __floatunsidf
                0x0000000008000504                __aeabi_ui2d
                0x0000000008000524                __floatsidf
                0x0000000008000524                __aeabi_i2d
                0x0000000008000548                __aeabi_f2d
                0x0000000008000548                __extendsfdf2
                0x000000000800058c                __floatundidf
                0x000000000800058c                __aeabi_ul2d
                0x000000000800059c                __floatdidf
                0x000000000800059c                __aeabi_l2d
 .text          0x00000000080005f8      0x424 C:/ST/STM32CubeIDE_1.14.0/STM32CubeIDE/plugins/com.st.stm32cube.ide.mcu.externaltools.gnu-tools-for-stm32.11.3.rel1.win32_1.1.100.202309141235/tools/bin/../lib/gcc/arm-none-eabi/11.3.1/thumb/v7e-m+fp/hard\libgcc.a(_arm_muldivdf3.o)
                0x00000000080005f8                __aeabi_dmul
                0x00000000080005f8                __muldf3
                0x000000000800084c                __divdf3
                0x000000000800084c                __aeabi_ddiv
 .text          0x0000000008000a1c       0x40 C:/ST/STM32CubeIDE_1.14.0/STM32CubeIDE/plugins/com.st.stm32cube.ide.mcu.externaltools.gnu-tools-for-stm32.11.3.rel1.win32_1.1.100.202309141235/tools/bin/../lib/gcc/arm-none-eabi/11.3.1/thumb/v7e-m+fp/hard\libgcc.a(_arm_fixunsdfsi.o)
                0x0000000008000a1c                __aeabi_d2uiz
                0x0000000008000a1c                __fixunsdfsi
 .text          0x0000000008000a5c       0x30 C:/ST/STM32CubeIDE_1.14.0/STM32CubeIDE/plugins/com.st.stm32cube.ide.mcu.externaltools.gnu-tools-for-stm32.11.3.rel1.win32_1.1.100.202309141235/tools/bin/../lib/gcc/arm-none-eabi/11.3.1/thumb/v7e-m+fp/hard\libgcc.a(_aeabi_uldivmod.o)
                0x0000000008000a5c                __aeabi_uldivmod
 .text          0x0000000008000a8c      0x2c8 C:/ST/STM32CubeIDE_1.14.0/STM32CubeIDE/plugins/com.st.stm32cube.ide.mcu.externaltools.gnu-tools-for-stm32.11.3.rel1.win32_1.1.100.202309141235/tools/bin/../lib/gcc/arm-none-eabi/11.3.1/thumb/v7e-m+fp/hard\libgcc.a(_udivmoddi4.o)
                0x0000000008000a8c                __udivmoddi4
 .text          0x0000000008000d54        0x4 C:/ST/STM32CubeIDE_1.14.0/STM32CubeIDE/plugins/com.st.stm32cube.ide.mcu.externaltools.gnu-tools-for-stm32.11.3.rel1.win32_1.1.100.202309141235/tools/bin/../lib/gcc/arm-none-eabi/11.3.1/thumb/v7e-m+fp/hard\libgcc.a(_dvmd_tls.o)
                0x0000000008000d54                __aeabi_idiv0
                0x0000000008000d54                __aeabi_ldiv0
 *(.text*)
 .text.configureTimerForRunTimeStats
                0x0000000008000d58        0xe ./Core/Src/freertos.o
                0x0000000008000d58                configureTimerForRunTimeStats
 .text.getRunTimeCounterValue
                0x0000000008000d66       0x10 ./Core/Src/freertos.o
                0x0000000008000d66                getRunTimeCounterValue
 *fill*         0x0000000008000d76        0x2 
 .text.MX_GPIO_Init
                0x0000000008000d78      0x11c ./Core/Src/gpio.o
                0x0000000008000d78                MX_GPIO_Init
 .text.__NVIC_SetPriority
                0x0000000008000e94       0x54 ./Core/Src/main.o
 .text.NVIC_EncodePriority
                0x0000000008000ee8       0x66 ./Core/Src/main.o
 .text.RTOS_ISR_setPriority
                0x0000000008000f4e       0x2e ./Core/Src/main.o
                0x0000000008000f4e                RTOS_ISR_setPriority
 .text.myHAL_UART_printf
                0x0000000008000f7c       0x50 ./Core/Src/main.o
                0x0000000008000f7c                myHAL_UART_printf
 .text.myHAL_UART_clear
                0x0000000008000fcc       0x38 ./Core/Src/main.o
                0x0000000008000fcc                myHAL_UART_clear
 .text.HAL_GPIO_EXTI_Callback
                0x0000000008001004       0xc0 ./Core/Src/main.o
                0x0000000008001004                HAL_GPIO_EXTI_Callback
 .text.SpiritGotoReadyState
                0x00000000080010c4       0x6c ./Core/Src/main.o
                0x00000000080010c4                SpiritGotoReadyState
 .text.confirm_TX
                0x0000000008001130       0x18 ./Core/Src/main.o
                0x0000000008001130                confirm_TX
 .text.Task_TX  0x0000000008001148       0x48 ./Core/Src/main.o
                0x0000000008001148                Task_TX
 .text.printUsersOnline
                0x0000000008001190       0xb8 ./Core/Src/main.o
                0x0000000008001190                printUsersOnline
 .text.reapUsers
                0x0000000008001248       0xa8 ./Core/Src/main.o
                0x0000000008001248                reapUsers
 .text.Task_printUsers
                0x00000000080012f0       0x1a ./Core/Src/main.o
                0x00000000080012f0                Task_printUsers
 *fill*         0x000000000800130a        0x2 
 .text.get_RX   0x000000000800130c       0xd0 ./Core/Src/main.o
                0x000000000800130c                get_RX
 .text.Task_RX  0x00000000080013dc       0x24 ./Core/Src/main.o
                0x00000000080013dc                Task_RX
 .text.main     0x0000000008001400      0x100 ./Core/Src/main.o
                0x0000000008001400                main
 .text.SystemClock_Config
                0x0000000008001500       0xa4 ./Core/Src/main.o
                0x0000000008001500                SystemClock_Config
 .text.HAL_TIM_PeriodElapsedCallback
                0x00000000080015a4       0x24 ./Core/Src/main.o
                0x00000000080015a4                HAL_TIM_PeriodElapsedCallback
 .text.Error_Handler
                0x00000000080015c8        0xa ./Core/Src/main.o
                0x00000000080015c8                Error_Handler
 *fill*         0x00000000080015d2        0x2 
 .text.MX_SPI1_Init
                0x00000000080015d4       0x7c ./Core/Src/spi.o
                0x00000000080015d4                MX_SPI1_Init
 .text.HAL_SPI_MspInit
                0x0000000008001650       0xc0 ./Core/Src/spi.o
                0x0000000008001650                HAL_SPI_MspInit
 .text.SPSGRF_Init
                0x0000000008001710      0x174 ./Core/Src/spsgrf.o
                0x0000000008001710                SPSGRF_Init
 .text.SPSGRF_StartTx
                0x0000000008001884       0x42 ./Core/Src/spsgrf.o
                0x0000000008001884                SPSGRF_StartTx
 .text.SPSGRF_StartRx
                0x00000000080018c6       0x12 ./Core/Src/spsgrf.o
                0x00000000080018c6                SPSGRF_StartRx
 .text.SPSGRF_GetRxData
                0x00000000080018d8       0x24 ./Core/Src/spsgrf.o
                0x00000000080018d8                SPSGRF_GetRxData
 .text.HAL_MspInit
                0x00000000080018fc       0x50 ./Core/Src/stm32l4xx_hal_msp.o
                0x00000000080018fc                HAL_MspInit
 .text.HAL_InitTick
                0x000000000800194c       0xdc ./Core/Src/stm32l4xx_hal_timebase_tim.o
                0x000000000800194c                HAL_InitTick
 .text.NMI_Handler
                0x0000000008001a28        0x6 ./Core/Src/stm32l4xx_it.o
                0x0000000008001a28                NMI_Handler
 .text.HardFault_Handler
                0x0000000008001a2e        0x6 ./Core/Src/stm32l4xx_it.o
                0x0000000008001a2e                HardFault_Handler
 .text.MemManage_Handler
                0x0000000008001a34        0x6 ./Core/Src/stm32l4xx_it.o
                0x0000000008001a34                MemManage_Handler
 .text.BusFault_Handler
                0x0000000008001a3a        0x6 ./Core/Src/stm32l4xx_it.o
                0x0000000008001a3a                BusFault_Handler
 .text.UsageFault_Handler
                0x0000000008001a40        0x6 ./Core/Src/stm32l4xx_it.o
                0x0000000008001a40                UsageFault_Handler
 .text.DebugMon_Handler
                0x0000000008001a46        0xe ./Core/Src/stm32l4xx_it.o
                0x0000000008001a46                DebugMon_Handler
 .text.EXTI9_5_IRQHandler
                0x0000000008001a54        0xe ./Core/Src/stm32l4xx_it.o
                0x0000000008001a54                EXTI9_5_IRQHandler
 *fill*         0x0000000008001a62        0x2 
 .text.TIM1_UP_TIM16_IRQHandler
                0x0000000008001a64       0x14 ./Core/Src/stm32l4xx_it.o
                0x0000000008001a64                TIM1_UP_TIM16_IRQHandler
 .text.EXTI15_10_IRQHandler
                0x0000000008001a78       0x10 ./Core/Src/stm32l4xx_it.o
                0x0000000008001a78                EXTI15_10_IRQHandler
 .text._sbrk    0x0000000008001a88       0x6c ./Core/Src/sysmem.o
                0x0000000008001a88                _sbrk
 .text.SystemInit
                0x0000000008001af4       0x24 ./Core/Src/system_stm32l4xx.o
                0x0000000008001af4                SystemInit
 .text.MX_USART2_UART_Init
                0x0000000008001b18       0x60 ./Core/Src/usart.o
                0x0000000008001b18                MX_USART2_UART_Init
 .text.HAL_UART_MspInit
                0x0000000008001b78       0xb8 ./Core/Src/usart.o
                0x0000000008001b78                HAL_UART_MspInit
 .text.Reset_Handler
                0x0000000008001c30       0x50 ./Core/Startup/startup_stm32l476rgtx.o
                0x0000000008001c30                Reset_Handler
 .text.Default_Handler
                0x0000000008001c80        0x2 ./Core/Startup/startup_stm32l476rgtx.o
                0x0000000008001c80                RTC_Alarm_IRQHandler
                0x0000000008001c80                EXTI2_IRQHandler
                0x0000000008001c80                TIM8_TRG_COM_IRQHandler
                0x0000000008001c80                TIM8_CC_IRQHandler
                0x0000000008001c80                TIM1_CC_IRQHandler
                0x0000000008001c80                TSC_IRQHandler
                0x0000000008001c80                TAMP_STAMP_IRQHandler
                0x0000000008001c80                EXTI3_IRQHandler
                0x0000000008001c80                LPTIM2_IRQHandler
                0x0000000008001c80                DFSDM1_FLT1_IRQHandler
                0x0000000008001c80                I2C3_ER_IRQHandler
                0x0000000008001c80                DFSDM1_FLT2_IRQHandler
                0x0000000008001c80                EXTI0_IRQHandler
                0x0000000008001c80                I2C2_EV_IRQHandler
                0x0000000008001c80                CAN1_RX0_IRQHandler
                0x0000000008001c80                FPU_IRQHandler
                0x0000000008001c80                ADC1_2_IRQHandler
                0x0000000008001c80                SPI1_IRQHandler
                0x0000000008001c80                TIM6_DAC_IRQHandler
                0x0000000008001c80                TIM8_UP_IRQHandler
                0x0000000008001c80                DMA2_Channel2_IRQHandler
                0x0000000008001c80                DMA1_Channel4_IRQHandler
                0x0000000008001c80                SAI2_IRQHandler
                0x0000000008001c80                DFSDM1_FLT3_IRQHandler
                0x0000000008001c80                USART3_IRQHandler
                0x0000000008001c80                DMA1_Channel7_IRQHandler
                0x0000000008001c80                CAN1_RX1_IRQHandler
                0x0000000008001c80                LCD_IRQHandler
                0x0000000008001c80                UART5_IRQHandler
                0x0000000008001c80                ADC3_IRQHandler
                0x0000000008001c80                TIM4_IRQHandler
                0x0000000008001c80                DMA2_Channel1_IRQHandler
                0x0000000008001c80                QUADSPI_IRQHandler
                0x0000000008001c80                I2C1_EV_IRQHandler
                0x0000000008001c80                DMA1_Channel6_IRQHandler
                0x0000000008001c80                UART4_IRQHandler
                0x0000000008001c80                DMA2_Channel4_IRQHandler
                0x0000000008001c80                TIM3_IRQHandler
                0x0000000008001c80                RCC_IRQHandler
                0x0000000008001c80                DMA1_Channel1_IRQHandler
                0x0000000008001c80                Default_Handler
                0x0000000008001c80                DMA2_Channel7_IRQHandler
                0x0000000008001c80                TIM7_IRQHandler
                0x0000000008001c80                SDMMC1_IRQHandler
                0x0000000008001c80                TIM5_IRQHandler
                0x0000000008001c80                I2C3_EV_IRQHandler
                0x0000000008001c80                RTC_WKUP_IRQHandler
                0x0000000008001c80                PVD_PVM_IRQHandler
                0x0000000008001c80                SPI2_IRQHandler
                0x0000000008001c80                CAN1_TX_IRQHandler
                0x0000000008001c80                DMA2_Channel5_IRQHandler
                0x0000000008001c80                DMA1_Channel5_IRQHandler
                0x0000000008001c80                EXTI4_IRQHandler
                0x0000000008001c80                RNG_IRQHandler
                0x0000000008001c80                TIM1_TRG_COM_TIM17_IRQHandler
                0x0000000008001c80                DMA1_Channel3_IRQHandler
                0x0000000008001c80                COMP_IRQHandler
                0x0000000008001c80                WWDG_IRQHandler
                0x0000000008001c80                LPUART1_IRQHandler
                0x0000000008001c80                DMA2_Channel6_IRQHandler
                0x0000000008001c80                TIM2_IRQHandler
                0x0000000008001c80                EXTI1_IRQHandler
                0x0000000008001c80                USART2_IRQHandler
                0x0000000008001c80                DFSDM1_FLT0_IRQHandler
                0x0000000008001c80                I2C2_ER_IRQHandler
                0x0000000008001c80                DMA1_Channel2_IRQHandler
                0x0000000008001c80                TIM8_BRK_IRQHandler
                0x0000000008001c80                CAN1_SCE_IRQHandler
                0x0000000008001c80                FLASH_IRQHandler
                0x0000000008001c80                USART1_IRQHandler
                0x0000000008001c80                OTG_FS_IRQHandler
                0x0000000008001c80                SPI3_IRQHandler
                0x0000000008001c80                I2C1_ER_IRQHandler
                0x0000000008001c80                FMC_IRQHandler
                0x0000000008001c80                SWPMI1_IRQHandler
                0x0000000008001c80                LPTIM1_IRQHandler
                0x0000000008001c80                SAI1_IRQHandler
                0x0000000008001c80                DMA2_Channel3_IRQHandler
                0x0000000008001c80                TIM1_BRK_TIM15_IRQHandler
 *fill*         0x0000000008001c82        0x2 
 .text.SpiritCalibrationVco
                0x0000000008001c84       0x70 ./Drivers/Drivers/BSP/Components/spirit1/SPIRIT1_Library/Src/SPIRIT_Calibration.o
                0x0000000008001c84                SpiritCalibrationVco
 .text.SpiritCalibrationGetVcoCalData
                0x0000000008001cf4       0x38 ./Drivers/Drivers/BSP/Components/spirit1/SPIRIT1_Library/Src/SPIRIT_Calibration.o
                0x0000000008001cf4                SpiritCalibrationGetVcoCalData
 .text.SpiritCalibrationSetVcoCalDataTx
                0x0000000008001d2c       0x68 ./Drivers/Drivers/BSP/Components/spirit1/SPIRIT1_Library/Src/SPIRIT_Calibration.o
                0x0000000008001d2c                SpiritCalibrationSetVcoCalDataTx
 .text.SpiritCalibrationSetVcoCalDataRx
                0x0000000008001d94       0x68 ./Drivers/Drivers/BSP/Components/spirit1/SPIRIT1_Library/Src/SPIRIT_Calibration.o
                0x0000000008001d94                SpiritCalibrationSetVcoCalDataRx
 .text.SpiritCalibrationSelectVco
                0x0000000008001dfc       0x54 ./Drivers/Drivers/BSP/Components/spirit1/SPIRIT1_Library/Src/SPIRIT_Calibration.o
                0x0000000008001dfc                SpiritCalibrationSelectVco
 .text.SpiritCmdStrobeCommand
                0x0000000008001e50       0x30 ./Drivers/Drivers/BSP/Components/spirit1/SPIRIT1_Library/Src/SPIRIT_Commands.o
                0x0000000008001e50                SpiritCmdStrobeCommand
 .text.SpiritGpioInit
                0x0000000008001e80       0x48 ./Drivers/Drivers/BSP/Components/spirit1/SPIRIT1_Library/Src/SPIRIT_Gpio.o
                0x0000000008001e80                SpiritGpioInit
 .text.SpiritIrqDeInit
                0x0000000008001ec8       0x58 ./Drivers/Drivers/BSP/Components/spirit1/SPIRIT1_Library/Src/SPIRIT_Irq.o
                0x0000000008001ec8                SpiritIrqDeInit
 .text.SpiritIrq
                0x0000000008001f20       0xcc ./Drivers/Drivers/BSP/Components/spirit1/SPIRIT1_Library/Src/SPIRIT_Irq.o
                0x0000000008001f20                SpiritIrq
 .text.SpiritIrqGetStatus
                0x0000000008001fec       0x64 ./Drivers/Drivers/BSP/Components/spirit1/SPIRIT1_Library/Src/SPIRIT_Irq.o
                0x0000000008001fec                SpiritIrqGetStatus
 .text.SpiritIrqClearStatus
                0x0000000008002050       0x30 ./Drivers/Drivers/BSP/Components/spirit1/SPIRIT1_Library/Src/SPIRIT_Irq.o
                0x0000000008002050                SpiritIrqClearStatus
 .text.SpiritLinearFifoReadNumElementsRxFifo
                0x0000000008002080       0x38 ./Drivers/Drivers/BSP/Components/spirit1/SPIRIT1_Library/Src/SPIRIT_LinearFifo.o
                0x0000000008002080                SpiritLinearFifoReadNumElementsRxFifo
 .text.SpiritManagementSetFrequencyBase
                0x00000000080020b8      0x204 ./Drivers/Drivers/BSP/Components/spirit1/SPIRIT1_Library/Src/SPIRIT_Management.o
                0x00000000080020b8                SpiritManagementSetFrequencyBase
 .text.SpiritManagementWaVcoCalibration
                0x00000000080022bc      0x180 ./Drivers/Drivers/BSP/Components/spirit1/SPIRIT1_Library/Src/SPIRIT_Management.o
                0x00000000080022bc                SpiritManagementWaVcoCalibration
 .text.SpiritManagementWaCmdStrobeTx
                0x000000000800243c       0x70 ./Drivers/Drivers/BSP/Components/spirit1/SPIRIT1_Library/Src/SPIRIT_Management.o
                0x000000000800243c                SpiritManagementWaCmdStrobeTx
 .text.SpiritManagementWaCmdStrobeRx
                0x00000000080024ac       0x38 ./Drivers/Drivers/BSP/Components/spirit1/SPIRIT1_Library/Src/SPIRIT_Management.o
                0x00000000080024ac                SpiritManagementWaCmdStrobeRx
 .text.SpiritManagementWaTRxFcMem
                0x00000000080024e4       0x28 ./Drivers/Drivers/BSP/Components/spirit1/SPIRIT1_Library/Src/SPIRIT_Management.o
                0x00000000080024e4                SpiritManagementWaTRxFcMem
 .text.SpiritManagementWaExtraCurrent
                0x000000000800250c       0x4a ./Drivers/Drivers/BSP/Components/spirit1/SPIRIT1_Library/Src/SPIRIT_Management.o
                0x000000000800250c                SpiritManagementWaExtraCurrent
 *fill*         0x0000000008002556        0x2 
 .text.SpiritPktCommonGetControlLength
                0x0000000008002558       0x38 ./Drivers/Drivers/BSP/Components/spirit1/SPIRIT1_Library/Src/SPIRIT_PktCommon.o
                0x0000000008002558                SpiritPktCommonGetControlLength
 .text.SpiritPktCommonFilterOnCrc
                0x0000000008002590       0x70 ./Drivers/Drivers/BSP/Components/spirit1/SPIRIT1_Library/Src/SPIRIT_PktCommon.o
                0x0000000008002590                SpiritPktCommonFilterOnCrc
 .text.SpiritPktCommonSetDestinationAddress
                0x0000000008002600       0x34 ./Drivers/Drivers/BSP/Components/spirit1/SPIRIT1_Library/Src/SPIRIT_PktCommon.o
                0x0000000008002600                SpiritPktCommonSetDestinationAddress
 .text.SpiritPktCommonGetReceivedSourceAddress
                0x0000000008002634       0x30 ./Drivers/Drivers/BSP/Components/spirit1/SPIRIT1_Library/Src/SPIRIT_PktCommon.o
                0x0000000008002634                SpiritPktCommonGetReceivedSourceAddress
 .text.SpiritPktStackInit
                0x0000000008002664      0x1a0 ./Drivers/Drivers/BSP/Components/spirit1/SPIRIT1_Library/Src/SPIRIT_PktStack.o
                0x0000000008002664                SpiritPktStackInit
 .text.SpiritPktStackAddressesInit
                0x0000000008002804       0xdc ./Drivers/Drivers/BSP/Components/spirit1/SPIRIT1_Library/Src/SPIRIT_PktStack.o
                0x0000000008002804                SpiritPktStackAddressesInit
 .text.SpiritPktStackLlpInit
                0x00000000080028e0       0xa4 ./Drivers/Drivers/BSP/Components/spirit1/SPIRIT1_Library/Src/SPIRIT_PktStack.o
                0x00000000080028e0                SpiritPktStackLlpInit
 .text.SpiritPktStackSetPayloadLength
                0x0000000008002984       0x5c ./Drivers/Drivers/BSP/Components/spirit1/SPIRIT1_Library/Src/SPIRIT_PktStack.o
                0x0000000008002984                SpiritPktStackSetPayloadLength
 .text.SpiritQiSqiCheck
                0x00000000080029e0       0x70 ./Drivers/Drivers/BSP/Components/spirit1/SPIRIT1_Library/Src/SPIRIT_Qi.o
                0x00000000080029e0                SpiritQiSqiCheck
 .text.SpiritQiSetSqiThreshold
                0x0000000008002a50       0x68 ./Drivers/Drivers/BSP/Components/spirit1/SPIRIT1_Library/Src/SPIRIT_Qi.o
                0x0000000008002a50                SpiritQiSetSqiThreshold
 .text.SpiritQiSetRssiThresholddBm
                0x0000000008002ab8       0x40 ./Drivers/Drivers/BSP/Components/spirit1/SPIRIT1_Library/Src/SPIRIT_Qi.o
                0x0000000008002ab8                SpiritQiSetRssiThresholddBm
 .text.SpiritRadioInit
                0x0000000008002af8      0x3c8 ./Drivers/Drivers/BSP/Components/spirit1/SPIRIT1_Library/Src/SPIRIT_Radio.o
                0x0000000008002af8                SpiritRadioInit
 .text.SpiritRadioSetXtalFlag
                0x0000000008002ec0       0x74 ./Drivers/Drivers/BSP/Components/spirit1/SPIRIT1_Library/Src/SPIRIT_Radio.o
                0x0000000008002ec0                SpiritRadioSetXtalFlag
 .text.SpiritRadioSearchWCP
                0x0000000008002f34      0x128 ./Drivers/Drivers/BSP/Components/spirit1/SPIRIT1_Library/Src/SPIRIT_Radio.o
                0x0000000008002f34                SpiritRadioSearchWCP
 .text.SpiritRadioGetSynthWord
                0x000000000800305c       0x4c ./Drivers/Drivers/BSP/Components/spirit1/SPIRIT1_Library/Src/SPIRIT_Radio.o
                0x000000000800305c                SpiritRadioGetSynthWord
 .text.SpiritRadioGetBand
                0x00000000080030a8       0x5c ./Drivers/Drivers/BSP/Components/spirit1/SPIRIT1_Library/Src/SPIRIT_Radio.o
                0x00000000080030a8                SpiritRadioGetBand
 .text.SpiritRadioGetChannel
                0x0000000008003104       0x30 ./Drivers/Drivers/BSP/Components/spirit1/SPIRIT1_Library/Src/SPIRIT_Radio.o
                0x0000000008003104                SpiritRadioGetChannel
 .text.SpiritRadioGetChannelSpace
                0x0000000008003134       0x40 ./Drivers/Drivers/BSP/Components/spirit1/SPIRIT1_Library/Src/SPIRIT_Radio.o
                0x0000000008003134                SpiritRadioGetChannelSpace
 .text.SpiritRadioGetFrequencyOffset
                0x0000000008003174       0x88 ./Drivers/Drivers/BSP/Components/spirit1/SPIRIT1_Library/Src/SPIRIT_Radio.o
                0x0000000008003174                SpiritRadioGetFrequencyOffset
 .text.SpiritRadioSetFrequencyBase
                0x00000000080031fc      0x23c ./Drivers/Drivers/BSP/Components/spirit1/SPIRIT1_Library/Src/SPIRIT_Radio.o
                0x00000000080031fc                SpiritRadioSetFrequencyBase
 .text.SpiritRadioGetFrequencyBase
                0x0000000008003438       0x98 ./Drivers/Drivers/BSP/Components/spirit1/SPIRIT1_Library/Src/SPIRIT_Radio.o
                0x0000000008003438                SpiritRadioGetFrequencyBase
 .text.SpiritRadioSearchDatarateME
                0x00000000080034d0      0x164 ./Drivers/Drivers/BSP/Components/spirit1/SPIRIT1_Library/Src/SPIRIT_Radio.o
                0x00000000080034d0                SpiritRadioSearchDatarateME
 .text.SpiritRadioSearchChannelBwME
                0x0000000008003634      0x1cc ./Drivers/Drivers/BSP/Components/spirit1/SPIRIT1_Library/Src/SPIRIT_Radio.o
                0x0000000008003634                SpiritRadioSearchChannelBwME
 .text.SpiritRadioSearchFreqDevME
                0x0000000008003800      0x170 ./Drivers/Drivers/BSP/Components/spirit1/SPIRIT1_Library/Src/SPIRIT_Radio.o
                0x0000000008003800                SpiritRadioSearchFreqDevME
 .text.SpiritRadioGetdBm2Reg
                0x0000000008003970      0x21c ./Drivers/Drivers/BSP/Components/spirit1/SPIRIT1_Library/Src/SPIRIT_Radio.o
                0x0000000008003970                SpiritRadioGetdBm2Reg
 .text.SpiritRadioSetPALeveldBm
                0x0000000008003b8c       0x54 ./Drivers/Drivers/BSP/Components/spirit1/SPIRIT1_Library/Src/SPIRIT_Radio.o
                0x0000000008003b8c                SpiritRadioSetPALeveldBm
 .text.SpiritRadioSetPACwc
                0x0000000008003be0       0x58 ./Drivers/Drivers/BSP/Components/spirit1/SPIRIT1_Library/Src/SPIRIT_Radio.o
                0x0000000008003be0                SpiritRadioSetPACwc
 .text.SpiritRadioSetPALevelMaxIndex
                0x0000000008003c38       0x58 ./Drivers/Drivers/BSP/Components/spirit1/SPIRIT1_Library/Src/SPIRIT_Radio.o
                0x0000000008003c38                SpiritRadioSetPALevelMaxIndex
 .text.SpiritRadioAFCFreezeOnSync
                0x0000000008003c90       0x64 ./Drivers/Drivers/BSP/Components/spirit1/SPIRIT1_Library/Src/SPIRIT_Radio.o
                0x0000000008003c90                SpiritRadioAFCFreezeOnSync
 .text.SpiritRadioSetRefDiv
                0x0000000008003cf4       0x60 ./Drivers/Drivers/BSP/Components/spirit1/SPIRIT1_Library/Src/SPIRIT_Radio.o
                0x0000000008003cf4                SpiritRadioSetRefDiv
 .text.SpiritRadioGetRefDiv
                0x0000000008003d54       0x44 ./Drivers/Drivers/BSP/Components/spirit1/SPIRIT1_Library/Src/SPIRIT_Radio.o
                0x0000000008003d54                SpiritRadioGetRefDiv
 .text.SpiritRadioSetDigDiv
                0x0000000008003d98       0x60 ./Drivers/Drivers/BSP/Components/spirit1/SPIRIT1_Library/Src/SPIRIT_Radio.o
                0x0000000008003d98                SpiritRadioSetDigDiv
 .text.SpiritRadioGetDigDiv
                0x0000000008003df8       0x44 ./Drivers/Drivers/BSP/Components/spirit1/SPIRIT1_Library/Src/SPIRIT_Radio.o
                0x0000000008003df8                SpiritRadioGetDigDiv
 .text.SpiritRadioGetXtalFrequency
                0x0000000008003e3c       0x18 ./Drivers/Drivers/BSP/Components/spirit1/SPIRIT1_Library/Src/SPIRIT_Radio.o
                0x0000000008003e3c                SpiritRadioGetXtalFrequency
 .text.SpiritRadioSetXtalFrequency
                0x0000000008003e54       0x20 ./Drivers/Drivers/BSP/Components/spirit1/SPIRIT1_Library/Src/SPIRIT_Radio.o
                0x0000000008003e54                SpiritRadioSetXtalFrequency
 .text.SpiritTimerSetRxTimeoutCounter
                0x0000000008003e74       0x34 ./Drivers/Drivers/BSP/Components/spirit1/SPIRIT1_Library/Src/SPIRIT_Timer.o
                0x0000000008003e74                SpiritTimerSetRxTimeoutCounter
 .text.SpiritTimerSetRxTimeoutStopCondition
                0x0000000008003ea8       0x90 ./Drivers/Drivers/BSP/Components/spirit1/SPIRIT1_Library/Src/SPIRIT_Timer.o
                0x0000000008003ea8                SpiritTimerSetRxTimeoutStopCondition
 .text.SpiritRefreshStatus
                0x0000000008003f38       0x44 ./Drivers/Drivers/BSP/Components/spirit1/SPIRIT1_Library/Src/SPIRIT_Types.o
                0x0000000008003f38                SpiritRefreshStatus
 .text.RadioSpiInit
                0x0000000008003f7c       0x20 ./Drivers/Drivers/BSP/Components/spirit1/radio_target.o
                0x0000000008003f7c                RadioSpiInit
 .text.RadioSpiWriteRegisters
                0x0000000008003f9c       0x98 ./Drivers/Drivers/BSP/Components/spirit1/radio_target.o
                0x0000000008003f9c                RadioSpiWriteRegisters
 .text.RadioSpiReadRegisters
                0x0000000008004034       0x98 ./Drivers/Drivers/BSP/Components/spirit1/radio_target.o
                0x0000000008004034                RadioSpiReadRegisters
 .text.RadioSpiCommandStrobes
                0x00000000080040cc       0x80 ./Drivers/Drivers/BSP/Components/spirit1/radio_target.o
                0x00000000080040cc                RadioSpiCommandStrobes
 .text.RadioSpiWriteFifo
                0x000000000800414c       0x90 ./Drivers/Drivers/BSP/Components/spirit1/radio_target.o
                0x000000000800414c                RadioSpiWriteFifo
 .text.RadioSpiReadFifo
                0x00000000080041dc       0x90 ./Drivers/Drivers/BSP/Components/spirit1/radio_target.o
                0x00000000080041dc                RadioSpiReadFifo
 .text.RadioEnterShutdown
                0x000000000800426c       0x16 ./Drivers/Drivers/BSP/Components/spirit1/radio_target.o
                0x000000000800426c                RadioEnterShutdown
 .text.RadioExitShutdown
                0x0000000008004282       0x16 ./Drivers/Drivers/BSP/Components/spirit1/radio_target.o
                0x0000000008004282                RadioExitShutdown
 .text.HAL_Init
                0x0000000008004298       0x30 ./Drivers/STM32L4xx_HAL_Driver/Src/stm32l4xx_hal.o
                0x0000000008004298                HAL_Init
 .text.HAL_IncTick
                0x00000000080042c8       0x28 ./Drivers/STM32L4xx_HAL_Driver/Src/stm32l4xx_hal.o
                0x00000000080042c8                HAL_IncTick
 .text.HAL_GetTick
                0x00000000080042f0       0x18 ./Drivers/STM32L4xx_HAL_Driver/Src/stm32l4xx_hal.o
                0x00000000080042f0                HAL_GetTick
 .text.__NVIC_SetPriorityGrouping
                0x0000000008004308       0x48 ./Drivers/STM32L4xx_HAL_Driver/Src/stm32l4xx_hal_cortex.o
 .text.__NVIC_GetPriorityGrouping
                0x0000000008004350       0x1c ./Drivers/STM32L4xx_HAL_Driver/Src/stm32l4xx_hal_cortex.o
 .text.__NVIC_EnableIRQ
                0x000000000800436c       0x3c ./Drivers/STM32L4xx_HAL_Driver/Src/stm32l4xx_hal_cortex.o
 .text.__NVIC_DisableIRQ
                0x00000000080043a8       0x48 ./Drivers/STM32L4xx_HAL_Driver/Src/stm32l4xx_hal_cortex.o
 .text.__NVIC_SetPriority
                0x00000000080043f0       0x54 ./Drivers/STM32L4xx_HAL_Driver/Src/stm32l4xx_hal_cortex.o
 .text.NVIC_EncodePriority
                0x0000000008004444       0x66 ./Drivers/STM32L4xx_HAL_Driver/Src/stm32l4xx_hal_cortex.o
 .text.HAL_NVIC_SetPriorityGrouping
                0x00000000080044aa       0x16 ./Drivers/STM32L4xx_HAL_Driver/Src/stm32l4xx_hal_cortex.o
                0x00000000080044aa                HAL_NVIC_SetPriorityGrouping
 .text.HAL_NVIC_SetPriority
                0x00000000080044c0       0x38 ./Drivers/STM32L4xx_HAL_Driver/Src/stm32l4xx_hal_cortex.o
                0x00000000080044c0                HAL_NVIC_SetPriority
 .text.HAL_NVIC_EnableIRQ
                0x00000000080044f8       0x1c ./Drivers/STM32L4xx_HAL_Driver/Src/stm32l4xx_hal_cortex.o
                0x00000000080044f8                HAL_NVIC_EnableIRQ
 .text.HAL_NVIC_DisableIRQ
                0x0000000008004514       0x1c ./Drivers/STM32L4xx_HAL_Driver/Src/stm32l4xx_hal_cortex.o
                0x0000000008004514                HAL_NVIC_DisableIRQ
 .text.HAL_GPIO_Init
                0x0000000008004530      0x354 ./Drivers/STM32L4xx_HAL_Driver/Src/stm32l4xx_hal_gpio.o
                0x0000000008004530                HAL_GPIO_Init
 .text.HAL_GPIO_WritePin
                0x0000000008004884       0x30 ./Drivers/STM32L4xx_HAL_Driver/Src/stm32l4xx_hal_gpio.o
                0x0000000008004884                HAL_GPIO_WritePin
 .text.HAL_GPIO_EXTI_IRQHandler
                0x00000000080048b4       0x30 ./Drivers/STM32L4xx_HAL_Driver/Src/stm32l4xx_hal_gpio.o
                0x00000000080048b4                HAL_GPIO_EXTI_IRQHandler
 .text.HAL_PWREx_GetVoltageRange
                0x00000000080048e4       0x1c ./Drivers/STM32L4xx_HAL_Driver/Src/stm32l4xx_hal_pwr_ex.o
                0x00000000080048e4                HAL_PWREx_GetVoltageRange
 .text.HAL_PWREx_ControlVoltageScaling
                0x0000000008004900       0xac ./Drivers/STM32L4xx_HAL_Driver/Src/stm32l4xx_hal_pwr_ex.o
                0x0000000008004900                HAL_PWREx_ControlVoltageScaling
 .text.HAL_RCC_OscConfig
                0x00000000080049ac      0x7b8 ./Drivers/STM32L4xx_HAL_Driver/Src/stm32l4xx_hal_rcc.o
                0x00000000080049ac                HAL_RCC_OscConfig
 .text.HAL_RCC_ClockConfig
                0x0000000008005164      0x200 ./Drivers/STM32L4xx_HAL_Driver/Src/stm32l4xx_hal_rcc.o
                0x0000000008005164                HAL_RCC_ClockConfig
 .text.HAL_RCC_GetSysClockFreq
                0x0000000008005364      0x118 ./Drivers/STM32L4xx_HAL_Driver/Src/stm32l4xx_hal_rcc.o
                0x0000000008005364                HAL_RCC_GetSysClockFreq
 .text.HAL_RCC_GetHCLKFreq
                0x000000000800547c       0x18 ./Drivers/STM32L4xx_HAL_Driver/Src/stm32l4xx_hal_rcc.o
                0x000000000800547c                HAL_RCC_GetHCLKFreq
 .text.HAL_RCC_GetPCLK1Freq
                0x0000000008005494       0x2c ./Drivers/STM32L4xx_HAL_Driver/Src/stm32l4xx_hal_rcc.o
                0x0000000008005494                HAL_RCC_GetPCLK1Freq
 .text.HAL_RCC_GetPCLK2Freq
                0x00000000080054c0       0x2c ./Drivers/STM32L4xx_HAL_Driver/Src/stm32l4xx_hal_rcc.o
                0x00000000080054c0                HAL_RCC_GetPCLK2Freq
 .text.HAL_RCC_GetClockConfig
                0x00000000080054ec       0x64 ./Drivers/STM32L4xx_HAL_Driver/Src/stm32l4xx_hal_rcc.o
                0x00000000080054ec                HAL_RCC_GetClockConfig
 .text.RCC_SetFlashLatencyFromMSIRange
                0x0000000008005550       0xc0 ./Drivers/STM32L4xx_HAL_Driver/Src/stm32l4xx_hal_rcc.o
 .text.HAL_RCCEx_PeriphCLKConfig
                0x0000000008005610      0x5d4 ./Drivers/STM32L4xx_HAL_Driver/Src/stm32l4xx_hal_rcc_ex.o
                0x0000000008005610                HAL_RCCEx_PeriphCLKConfig
 .text.RCCEx_PLLSAI1_Config
                0x0000000008005be4      0x1e8 ./Drivers/STM32L4xx_HAL_Driver/Src/stm32l4xx_hal_rcc_ex.o
 .text.RCCEx_PLLSAI2_Config
                0x0000000008005dcc      0x1bc ./Drivers/STM32L4xx_HAL_Driver/Src/stm32l4xx_hal_rcc_ex.o
 .text.HAL_SPI_Init
                0x0000000008005f88      0x146 ./Drivers/STM32L4xx_HAL_Driver/Src/stm32l4xx_hal_spi.o
                0x0000000008005f88                HAL_SPI_Init
 .text.HAL_SPI_Transmit
                0x00000000080060ce      0x2ea ./Drivers/STM32L4xx_HAL_Driver/Src/stm32l4xx_hal_spi.o
                0x00000000080060ce                HAL_SPI_Transmit
 .text.HAL_SPI_Receive
                0x00000000080063b8      0x26e ./Drivers/STM32L4xx_HAL_Driver/Src/stm32l4xx_hal_spi.o
                0x00000000080063b8                HAL_SPI_Receive
 .text.HAL_SPI_TransmitReceive
                0x0000000008006626      0x444 ./Drivers/STM32L4xx_HAL_Driver/Src/stm32l4xx_hal_spi.o
                0x0000000008006626                HAL_SPI_TransmitReceive
 *fill*         0x0000000008006a6a        0x2 
 .text.SPI_WaitFlagStateUntilTimeout
                0x0000000008006a6c      0x110 ./Drivers/STM32L4xx_HAL_Driver/Src/stm32l4xx_hal_spi.o
 .text.SPI_WaitFifoStateUntilTimeout
                0x0000000008006b7c      0x12c ./Drivers/STM32L4xx_HAL_Driver/Src/stm32l4xx_hal_spi.o
 .text.SPI_EndRxTransaction
                0x0000000008006ca8       0xb0 ./Drivers/STM32L4xx_HAL_Driver/Src/stm32l4xx_hal_spi.o
 .text.SPI_EndRxTxTransaction
                0x0000000008006d58       0x8c ./Drivers/STM32L4xx_HAL_Driver/Src/stm32l4xx_hal_spi.o
 .text.HAL_TIM_Base_Init
                0x0000000008006de4       0xae ./Drivers/STM32L4xx_HAL_Driver/Src/stm32l4xx_hal_tim.o
                0x0000000008006de4                HAL_TIM_Base_Init
 .text.HAL_TIM_Base_MspInit
                0x0000000008006e92       0x14 ./Drivers/STM32L4xx_HAL_Driver/Src/stm32l4xx_hal_tim.o
                0x0000000008006e92                HAL_TIM_Base_MspInit
 *fill*         0x0000000008006ea6        0x2 
 .text.HAL_TIM_Base_Start_IT
                0x0000000008006ea8       0xe0 ./Drivers/STM32L4xx_HAL_Driver/Src/stm32l4xx_hal_tim.o
                0x0000000008006ea8                HAL_TIM_Base_Start_IT
 .text.HAL_TIM_IRQHandler
                0x0000000008006f88      0x204 ./Drivers/STM32L4xx_HAL_Driver/Src/stm32l4xx_hal_tim.o
                0x0000000008006f88                HAL_TIM_IRQHandler
 .text.HAL_TIM_OC_DelayElapsedCallback
                0x000000000800718c       0x14 ./Drivers/STM32L4xx_HAL_Driver/Src/stm32l4xx_hal_tim.o
                0x000000000800718c                HAL_TIM_OC_DelayElapsedCallback
 .text.HAL_TIM_IC_CaptureCallback
                0x00000000080071a0       0x14 ./Drivers/STM32L4xx_HAL_Driver/Src/stm32l4xx_hal_tim.o
                0x00000000080071a0                HAL_TIM_IC_CaptureCallback
 .text.HAL_TIM_PWM_PulseFinishedCallback
                0x00000000080071b4       0x14 ./Drivers/STM32L4xx_HAL_Driver/Src/stm32l4xx_hal_tim.o
                0x00000000080071b4                HAL_TIM_PWM_PulseFinishedCallback
 .text.HAL_TIM_TriggerCallback
                0x00000000080071c8       0x14 ./Drivers/STM32L4xx_HAL_Driver/Src/stm32l4xx_hal_tim.o
                0x00000000080071c8                HAL_TIM_TriggerCallback
 .text.TIM_Base_SetConfig
                0x00000000080071dc      0x134 ./Drivers/STM32L4xx_HAL_Driver/Src/stm32l4xx_hal_tim.o
                0x00000000080071dc                TIM_Base_SetConfig
 .text.HAL_TIMEx_CommutCallback
                0x0000000008007310       0x14 ./Drivers/STM32L4xx_HAL_Driver/Src/stm32l4xx_hal_tim_ex.o
                0x0000000008007310                HAL_TIMEx_CommutCallback
 .text.HAL_TIMEx_BreakCallback
                0x0000000008007324       0x14 ./Drivers/STM32L4xx_HAL_Driver/Src/stm32l4xx_hal_tim_ex.o
                0x0000000008007324                HAL_TIMEx_BreakCallback
 .text.HAL_TIMEx_Break2Callback
                0x0000000008007338       0x14 ./Drivers/STM32L4xx_HAL_Driver/Src/stm32l4xx_hal_tim_ex.o
                0x0000000008007338                HAL_TIMEx_Break2Callback
 .text.HAL_UART_Init
                0x000000000800734c       0x9c ./Drivers/STM32L4xx_HAL_Driver/Src/stm32l4xx_hal_uart.o
                0x000000000800734c                HAL_UART_Init
 .text.HAL_UART_Transmit
                0x00000000080073e8      0x114 ./Drivers/STM32L4xx_HAL_Driver/Src/stm32l4xx_hal_uart.o
                0x00000000080073e8                HAL_UART_Transmit
 .text.UART_SetConfig
                0x00000000080074fc      0x570 ./Drivers/STM32L4xx_HAL_Driver/Src/stm32l4xx_hal_uart.o
                0x00000000080074fc                UART_SetConfig
 .text.UART_AdvFeatureConfig
                0x0000000008007a6c      0x144 ./Drivers/STM32L4xx_HAL_Driver/Src/stm32l4xx_hal_uart.o
                0x0000000008007a6c                UART_AdvFeatureConfig
 .text.UART_CheckIdleState
                0x0000000008007bb0      0x150 ./Drivers/STM32L4xx_HAL_Driver/Src/stm32l4xx_hal_uart.o
                0x0000000008007bb0                UART_CheckIdleState
 .text.UART_WaitOnFlagUntilTimeout
                0x0000000008007d00       0xce ./Drivers/STM32L4xx_HAL_Driver/Src/stm32l4xx_hal_uart.o
                0x0000000008007d00                UART_WaitOnFlagUntilTimeout
 .text.UART_EndRxTransfer
                0x0000000008007dce       0xc8 ./Drivers/STM32L4xx_HAL_Driver/Src/stm32l4xx_hal_uart.o
 *fill*         0x0000000008007e96        0x2 
 .text.SysTick_Handler
                0x0000000008007e98       0x20 ./Middlewares/Third_Party/FreeRTOS/Source/CMSIS_RTOS_V2/cmsis_os2.o
                0x0000000008007e98                SysTick_Handler
 .text.vApplicationGetIdleTaskMemory
                0x0000000008007eb8       0x34 ./Middlewares/Third_Party/FreeRTOS/Source/CMSIS_RTOS_V2/cmsis_os2.o
                0x0000000008007eb8                vApplicationGetIdleTaskMemory
 .text.vApplicationGetTimerTaskMemory
                0x0000000008007eec       0x34 ./Middlewares/Third_Party/FreeRTOS/Source/CMSIS_RTOS_V2/cmsis_os2.o
                0x0000000008007eec                vApplicationGetTimerTaskMemory
 .text.vListInitialise
                0x0000000008007f20       0x40 ./Middlewares/Third_Party/FreeRTOS/Source/list.o
                0x0000000008007f20                vListInitialise
 .text.vListInitialiseItem
                0x0000000008007f60       0x1a ./Middlewares/Third_Party/FreeRTOS/Source/list.o
                0x0000000008007f60                vListInitialiseItem
 .text.vListInsertEnd
                0x0000000008007f7a       0x48 ./Middlewares/Third_Party/FreeRTOS/Source/list.o
                0x0000000008007f7a                vListInsertEnd
 .text.vListInsert
                0x0000000008007fc2       0x72 ./Middlewares/Third_Party/FreeRTOS/Source/list.o
                0x0000000008007fc2                vListInsert
 .text.uxListRemove
                0x0000000008008034       0x54 ./Middlewares/Third_Party/FreeRTOS/Source/list.o
                0x0000000008008034                uxListRemove
 .text.xQueueGenericReset
                0x0000000008008088       0xd0 ./Middlewares/Third_Party/FreeRTOS/Source/queue.o
                0x0000000008008088                xQueueGenericReset
 .text.xQueueGenericCreateStatic
                0x0000000008008158       0xf0 ./Middlewares/Third_Party/FreeRTOS/Source/queue.o
                0x0000000008008158                xQueueGenericCreateStatic
 .text.xQueueGenericCreate
                0x0000000008008248       0x74 ./Middlewares/Third_Party/FreeRTOS/Source/queue.o
                0x0000000008008248                xQueueGenericCreate
 .text.prvInitialiseNewQueue
                0x00000000080082bc       0x46 ./Middlewares/Third_Party/FreeRTOS/Source/queue.o
 *fill*         0x0000000008008302        0x2 
 .text.xQueueGenericSend
                0x0000000008008304      0x1fc ./Middlewares/Third_Party/FreeRTOS/Source/queue.o
                0x0000000008008304                xQueueGenericSend
 .text.xQueueGenericSendFromISR
                0x0000000008008500      0x136 ./Middlewares/Third_Party/FreeRTOS/Source/queue.o
                0x0000000008008500                xQueueGenericSendFromISR
 .text.xQueueGiveFromISR
                0x0000000008008636      0x11a ./Middlewares/Third_Party/FreeRTOS/Source/queue.o
                0x0000000008008636                xQueueGiveFromISR
 .text.xQueueReceive
                0x0000000008008750      0x1c0 ./Middlewares/Third_Party/FreeRTOS/Source/queue.o
                0x0000000008008750                xQueueReceive
 .text.xQueueSemaphoreTake
                0x0000000008008910      0x218 ./Middlewares/Third_Party/FreeRTOS/Source/queue.o
                0x0000000008008910                xQueueSemaphoreTake
 .text.prvGetDisinheritPriorityAfterTimeout
                0x0000000008008b28       0x30 ./Middlewares/Third_Party/FreeRTOS/Source/queue.o
 .text.prvCopyDataToQueue
                0x0000000008008b58       0xd4 ./Middlewares/Third_Party/FreeRTOS/Source/queue.o
 .text.prvCopyDataFromQueue
                0x0000000008008c2c       0x4c ./Middlewares/Third_Party/FreeRTOS/Source/queue.o
 .text.prvUnlockQueue
                0x0000000008008c78       0xa4 ./Middlewares/Third_Party/FreeRTOS/Source/queue.o
 .text.prvIsQueueEmpty
                0x0000000008008d1c       0x2c ./Middlewares/Third_Party/FreeRTOS/Source/queue.o
 .text.prvIsQueueFull
                0x0000000008008d48       0x30 ./Middlewares/Third_Party/FreeRTOS/Source/queue.o
 .text.vQueueAddToRegistry
                0x0000000008008d78       0x54 ./Middlewares/Third_Party/FreeRTOS/Source/queue.o
                0x0000000008008d78                vQueueAddToRegistry
 .text.vQueueWaitForMessageRestricted
                0x0000000008008dcc       0x68 ./Middlewares/Third_Party/FreeRTOS/Source/queue.o
                0x0000000008008dcc                vQueueWaitForMessageRestricted
 .text.xTaskCreateStatic
                0x0000000008008e34       0xba ./Middlewares/Third_Party/FreeRTOS/Source/tasks.o
                0x0000000008008e34                xTaskCreateStatic
 .text.xTaskCreate
                0x0000000008008eee       0x8a ./Middlewares/Third_Party/FreeRTOS/Source/tasks.o
                0x0000000008008eee                xTaskCreate
 .text.prvInitialiseNewTask
                0x0000000008008f78      0x154 ./Middlewares/Third_Party/FreeRTOS/Source/tasks.o
 .text.prvAddNewTaskToReadyList
                0x00000000080090cc       0xe0 ./Middlewares/Third_Party/FreeRTOS/Source/tasks.o
 .text.vTaskDelay
                0x00000000080091ac       0x68 ./Middlewares/Third_Party/FreeRTOS/Source/tasks.o
                0x00000000080091ac                vTaskDelay
 .text.vTaskStartScheduler
                0x0000000008009214       0xe4 ./Middlewares/Third_Party/FreeRTOS/Source/tasks.o
                0x0000000008009214                vTaskStartScheduler
 .text.vTaskSuspendAll
                0x00000000080092f8       0x1c ./Middlewares/Third_Party/FreeRTOS/Source/tasks.o
                0x00000000080092f8                vTaskSuspendAll
 .text.xTaskResumeAll
                0x0000000008009314      0x13c ./Middlewares/Third_Party/FreeRTOS/Source/tasks.o
                0x0000000008009314                xTaskResumeAll
 .text.xTaskGetTickCount
                0x0000000008009450       0x20 ./Middlewares/Third_Party/FreeRTOS/Source/tasks.o
                0x0000000008009450                xTaskGetTickCount
 .text.xTaskIncrementTick
                0x0000000008009470      0x174 ./Middlewares/Third_Party/FreeRTOS/Source/tasks.o
                0x0000000008009470                xTaskIncrementTick
 .text.vTaskSwitchContext
                0x00000000080095e4      0x100 ./Middlewares/Third_Party/FreeRTOS/Source/tasks.o
                0x00000000080095e4                vTaskSwitchContext
 .text.vTaskPlaceOnEventList
                0x00000000080096e4       0x48 ./Middlewares/Third_Party/FreeRTOS/Source/tasks.o
                0x00000000080096e4                vTaskPlaceOnEventList
 .text.vTaskPlaceOnEventListRestricted
                0x000000000800972c       0x58 ./Middlewares/Third_Party/FreeRTOS/Source/tasks.o
                0x000000000800972c                vTaskPlaceOnEventListRestricted
 .text.xTaskRemoveFromEventList
                0x0000000008009784       0xc8 ./Middlewares/Third_Party/FreeRTOS/Source/tasks.o
                0x0000000008009784                xTaskRemoveFromEventList
 .text.vTaskInternalSetTimeOutState
                0x000000000800984c       0x2c ./Middlewares/Third_Party/FreeRTOS/Source/tasks.o
                0x000000000800984c                vTaskInternalSetTimeOutState
 .text.xTaskCheckForTimeOut
                0x0000000008009878       0xc4 ./Middlewares/Third_Party/FreeRTOS/Source/tasks.o
                0x0000000008009878                xTaskCheckForTimeOut
 .text.vTaskMissedYield
                0x000000000800993c       0x18 ./Middlewares/Third_Party/FreeRTOS/Source/tasks.o
                0x000000000800993c                vTaskMissedYield
 .text.prvIdleTask
                0x0000000008009954       0x30 ./Middlewares/Third_Party/FreeRTOS/Source/tasks.o
 .text.prvInitialiseTaskLists
                0x0000000008009984       0x80 ./Middlewares/Third_Party/FreeRTOS/Source/tasks.o
 .text.prvCheckTasksWaitingTermination
                0x0000000008009a04       0x5c ./Middlewares/Third_Party/FreeRTOS/Source/tasks.o
 .text.prvDeleteTCB
                0x0000000008009a60       0x68 ./Middlewares/Third_Party/FreeRTOS/Source/tasks.o
 .text.prvResetNextTaskUnblockTime
                0x0000000008009ac8       0x40 ./Middlewares/Third_Party/FreeRTOS/Source/tasks.o
 .text.xTaskGetSchedulerState
                0x0000000008009b08       0x3c ./Middlewares/Third_Party/FreeRTOS/Source/tasks.o
                0x0000000008009b08                xTaskGetSchedulerState
 .text.xTaskPriorityInherit
                0x0000000008009b44       0xd0 ./Middlewares/Third_Party/FreeRTOS/Source/tasks.o
                0x0000000008009b44                xTaskPriorityInherit
 .text.xTaskPriorityDisinherit
                0x0000000008009c14       0xdc ./Middlewares/Third_Party/FreeRTOS/Source/tasks.o
                0x0000000008009c14                xTaskPriorityDisinherit
 .text.vTaskPriorityDisinheritAfterTimeout
                0x0000000008009cf0      0x104 ./Middlewares/Third_Party/FreeRTOS/Source/tasks.o
                0x0000000008009cf0                vTaskPriorityDisinheritAfterTimeout
 .text.pvTaskIncrementMutexHeldCount
                0x0000000008009df4       0x28 ./Middlewares/Third_Party/FreeRTOS/Source/tasks.o
                0x0000000008009df4                pvTaskIncrementMutexHeldCount
 .text.prvAddCurrentTaskToDelayedList
                0x0000000008009e1c       0xa8 ./Middlewares/Third_Party/FreeRTOS/Source/tasks.o
 .text.xTimerCreateTimerTask
                0x0000000008009ec4       0x90 ./Middlewares/Third_Party/FreeRTOS/Source/timers.o
                0x0000000008009ec4                xTimerCreateTimerTask
 .text.xTimerGenericCommand
                0x0000000008009f54       0x9c ./Middlewares/Third_Party/FreeRTOS/Source/timers.o
                0x0000000008009f54                xTimerGenericCommand
 .text.prvProcessExpiredTimer
                0x0000000008009ff0       0x98 ./Middlewares/Third_Party/FreeRTOS/Source/timers.o
 .text.prvTimerTask
                0x000000000800a088       0x24 ./Middlewares/Third_Party/FreeRTOS/Source/timers.o
 .text.prvProcessTimerOrBlockTask
                0x000000000800a0ac       0x9c ./Middlewares/Third_Party/FreeRTOS/Source/timers.o
 .text.prvGetNextExpireTime
                0x000000000800a148       0x48 ./Middlewares/Third_Party/FreeRTOS/Source/timers.o
 .text.prvSampleTimeNow
                0x000000000800a190       0x40 ./Middlewares/Third_Party/FreeRTOS/Source/timers.o
 .text.prvInsertTimerInActiveList
                0x000000000800a1d0       0x84 ./Middlewares/Third_Party/FreeRTOS/Source/timers.o
 .text.prvProcessReceivedCommands
                0x000000000800a254      0x1c4 ./Middlewares/Third_Party/FreeRTOS/Source/timers.o
 .text.prvSwitchTimerLists
                0x000000000800a418       0xc8 ./Middlewares/Third_Party/FreeRTOS/Source/timers.o
 .text.prvCheckForValidListAndQueue
                0x000000000800a4e0       0x80 ./Middlewares/Third_Party/FreeRTOS/Source/timers.o
 .text.pxPortInitialiseStack
                0x000000000800a560       0x68 ./Middlewares/Third_Party/FreeRTOS/Source/portable/GCC/ARM_CM4F/port.o
                0x000000000800a560                pxPortInitialiseStack
 .text.prvTaskExitError
                0x000000000800a5c8       0x58 ./Middlewares/Third_Party/FreeRTOS/Source/portable/GCC/ARM_CM4F/port.o
 .text.SVC_Handler
                0x000000000800a620       0x28 ./Middlewares/Third_Party/FreeRTOS/Source/portable/GCC/ARM_CM4F/port.o
                0x000000000800a620                SVC_Handler
 .text.prvPortStartFirstTask
                0x000000000800a648       0x28 ./Middlewares/Third_Party/FreeRTOS/Source/portable/GCC/ARM_CM4F/port.o
 .text.xPortStartScheduler
                0x000000000800a670      0x144 ./Middlewares/Third_Party/FreeRTOS/Source/portable/GCC/ARM_CM4F/port.o
                0x000000000800a670                xPortStartScheduler
 .text.vPortEnterCritical
                0x000000000800a7b4       0x60 ./Middlewares/Third_Party/FreeRTOS/Source/portable/GCC/ARM_CM4F/port.o
                0x000000000800a7b4                vPortEnterCritical
 .text.vPortExitCritical
                0x000000000800a814       0x54 ./Middlewares/Third_Party/FreeRTOS/Source/portable/GCC/ARM_CM4F/port.o
                0x000000000800a814                vPortExitCritical
 *fill*         0x000000000800a868        0x8 
 .text.PendSV_Handler
                0x000000000800a870       0x68 ./Middlewares/Third_Party/FreeRTOS/Source/portable/GCC/ARM_CM4F/port.o
                0x000000000800a870                PendSV_Handler
 .text.xPortSysTickHandler
                0x000000000800a8d8       0x44 ./Middlewares/Third_Party/FreeRTOS/Source/portable/GCC/ARM_CM4F/port.o
                0x000000000800a8d8                xPortSysTickHandler
 .text.vPortSetupTimerInterrupt
                0x000000000800a91c       0x48 ./Middlewares/Third_Party/FreeRTOS/Source/portable/GCC/ARM_CM4F/port.o
                0x000000000800a91c                vPortSetupTimerInterrupt
 .text.vPortEnableVFP
                0x000000000800a964       0x14 ./Middlewares/Third_Party/FreeRTOS/Source/portable/GCC/ARM_CM4F/port.o
 .text.vPortValidateInterruptPriority
                0x000000000800a978       0x80 ./Middlewares/Third_Party/FreeRTOS/Source/portable/GCC/ARM_CM4F/port.o
                0x000000000800a978                vPortValidateInterruptPriority
 .text.pvPortMalloc
                0x000000000800a9f8      0x198 ./Middlewares/Third_Party/FreeRTOS/Source/portable/MemMang/heap_4.o
                0x000000000800a9f8                pvPortMalloc
 .text.vPortFree
                0x000000000800ab90       0xc4 ./Middlewares/Third_Party/FreeRTOS/Source/portable/MemMang/heap_4.o
                0x000000000800ab90                vPortFree
 .text.prvHeapInit
                0x000000000800ac54       0xc4 ./Middlewares/Third_Party/FreeRTOS/Source/portable/MemMang/heap_4.o
 .text.prvInsertBlockIntoFreeList
                0x000000000800ad18       0xb4 ./Middlewares/Third_Party/FreeRTOS/Source/portable/MemMang/heap_4.o
 .text._vsnprintf_r
                0x000000000800adcc       0x56 C:/ST/STM32CubeIDE_1.14.0/STM32CubeIDE/plugins/com.st.stm32cube.ide.mcu.externaltools.gnu-tools-for-stm32.11.3.rel1.win32_1.1.100.202309141235/tools/bin/../lib/gcc/arm-none-eabi/11.3.1/../../../../arm-none-eabi/lib/thumb/v7e-m+fp/hard\libc_nano.a(libc_a-vsnprintf.o)
                0x000000000800adcc                _vsniprintf_r
                0x000000000800adcc                _vsnprintf_r
 *fill*         0x000000000800ae22        0x2 
 .text.vsnprintf
                0x000000000800ae24       0x1c C:/ST/STM32CubeIDE_1.14.0/STM32CubeIDE/plugins/com.st.stm32cube.ide.mcu.externaltools.gnu-tools-for-stm32.11.3.rel1.win32_1.1.100.202309141235/tools/bin/../lib/gcc/arm-none-eabi/11.3.1/../../../../arm-none-eabi/lib/thumb/v7e-m+fp/hard\libc_nano.a(libc_a-vsnprintf.o)
                0x000000000800ae24                vsniprintf
                0x000000000800ae24                vsnprintf
 .text.memset   0x000000000800ae40       0x10 C:/ST/STM32CubeIDE_1.14.0/STM32CubeIDE/plugins/com.st.stm32cube.ide.mcu.externaltools.gnu-tools-for-stm32.11.3.rel1.win32_1.1.100.202309141235/tools/bin/../lib/gcc/arm-none-eabi/11.3.1/../../../../arm-none-eabi/lib/thumb/v7e-m+fp/hard\libc_nano.a(libc_a-memset.o)
                0x000000000800ae40                memset
 .text._reclaim_reent
                0x000000000800ae50       0xac C:/ST/STM32CubeIDE_1.14.0/STM32CubeIDE/plugins/com.st.stm32cube.ide.mcu.externaltools.gnu-tools-for-stm32.11.3.rel1.win32_1.1.100.202309141235/tools/bin/../lib/gcc/arm-none-eabi/11.3.1/../../../../arm-none-eabi/lib/thumb/v7e-m+fp/hard\libc_nano.a(libc_a-reent.o)
                0x000000000800ae50                _reclaim_reent
 .text.__errno  0x000000000800aefc        0xc C:/ST/STM32CubeIDE_1.14.0/STM32CubeIDE/plugins/com.st.stm32cube.ide.mcu.externaltools.gnu-tools-for-stm32.11.3.rel1.win32_1.1.100.202309141235/tools/bin/../lib/gcc/arm-none-eabi/11.3.1/../../../../arm-none-eabi/lib/thumb/v7e-m+fp/hard\libc_nano.a(libc_a-errno.o)
                0x000000000800aefc                __errno
 .text.__libc_init_array
                0x000000000800af08       0x48 C:/ST/STM32CubeIDE_1.14.0/STM32CubeIDE/plugins/com.st.stm32cube.ide.mcu.externaltools.gnu-tools-for-stm32.11.3.rel1.win32_1.1.100.202309141235/tools/bin/../lib/gcc/arm-none-eabi/11.3.1/../../../../arm-none-eabi/lib/thumb/v7e-m+fp/hard\libc_nano.a(libc_a-init.o)
                0x000000000800af08                __libc_init_array
 .text.__retarget_lock_acquire_recursive
                0x000000000800af50        0x2 C:/ST/STM32CubeIDE_1.14.0/STM32CubeIDE/plugins/com.st.stm32cube.ide.mcu.externaltools.gnu-tools-for-stm32.11.3.rel1.win32_1.1.100.202309141235/tools/bin/../lib/gcc/arm-none-eabi/11.3.1/../../../../arm-none-eabi/lib/thumb/v7e-m+fp/hard\libc_nano.a(libc_a-lock.o)
                0x000000000800af50                __retarget_lock_acquire_recursive
 .text.__retarget_lock_release_recursive
                0x000000000800af52        0x2 C:/ST/STM32CubeIDE_1.14.0/STM32CubeIDE/plugins/com.st.stm32cube.ide.mcu.externaltools.gnu-tools-for-stm32.11.3.rel1.win32_1.1.100.202309141235/tools/bin/../lib/gcc/arm-none-eabi/11.3.1/../../../../arm-none-eabi/lib/thumb/v7e-m+fp/hard\libc_nano.a(libc_a-lock.o)
                0x000000000800af52                __retarget_lock_release_recursive
 .text.memcpy   0x000000000800af54       0x1c C:/ST/STM32CubeIDE_1.14.0/STM32CubeIDE/plugins/com.st.stm32cube.ide.mcu.externaltools.gnu-tools-for-stm32.11.3.rel1.win32_1.1.100.202309141235/tools/bin/../lib/gcc/arm-none-eabi/11.3.1/../../../../arm-none-eabi/lib/thumb/v7e-m+fp/hard\libc_nano.a(libc_a-memcpy-stub.o)
                0x000000000800af54                memcpy
 .text._free_r  0x000000000800af70       0x98 C:/ST/STM32CubeIDE_1.14.0/STM32CubeIDE/plugins/com.st.stm32cube.ide.mcu.externaltools.gnu-tools-for-stm32.11.3.rel1.win32_1.1.100.202309141235/tools/bin/../lib/gcc/arm-none-eabi/11.3.1/../../../../arm-none-eabi/lib/thumb/v7e-m+fp/hard\libc_nano.a(libc_a-freer.o)
                0x000000000800af70                _free_r
 .text.sbrk_aligned
                0x000000000800b008       0x40 C:/ST/STM32CubeIDE_1.14.0/STM32CubeIDE/plugins/com.st.stm32cube.ide.mcu.externaltools.gnu-tools-for-stm32.11.3.rel1.win32_1.1.100.202309141235/tools/bin/../lib/gcc/arm-none-eabi/11.3.1/../../../../arm-none-eabi/lib/thumb/v7e-m+fp/hard\libc_nano.a(libc_a-mallocr.o)
 .text._malloc_r
                0x000000000800b048      0x100 C:/ST/STM32CubeIDE_1.14.0/STM32CubeIDE/plugins/com.st.stm32cube.ide.mcu.externaltools.gnu-tools-for-stm32.11.3.rel1.win32_1.1.100.202309141235/tools/bin/../lib/gcc/arm-none-eabi/11.3.1/../../../../arm-none-eabi/lib/thumb/v7e-m+fp/hard\libc_nano.a(libc_a-mallocr.o)
                0x000000000800b048                _malloc_r
 .text.__malloc_lock
                0x000000000800b148        0xc C:/ST/STM32CubeIDE_1.14.0/STM32CubeIDE/plugins/com.st.stm32cube.ide.mcu.externaltools.gnu-tools-for-stm32.11.3.rel1.win32_1.1.100.202309141235/tools/bin/../lib/gcc/arm-none-eabi/11.3.1/../../../../arm-none-eabi/lib/thumb/v7e-m+fp/hard\libc_nano.a(libc_a-mlock.o)
                0x000000000800b148                __malloc_lock
 .text.__malloc_unlock
                0x000000000800b154        0xc C:/ST/STM32CubeIDE_1.14.0/STM32CubeIDE/plugins/com.st.stm32cube.ide.mcu.externaltools.gnu-tools-for-stm32.11.3.rel1.win32_1.1.100.202309141235/tools/bin/../lib/gcc/arm-none-eabi/11.3.1/../../../../arm-none-eabi/lib/thumb/v7e-m+fp/hard\libc_nano.a(libc_a-mlock.o)
                0x000000000800b154                __malloc_unlock
 .text.__ssputs_r
                0x000000000800b160       0xb4 C:/ST/STM32CubeIDE_1.14.0/STM32CubeIDE/plugins/com.st.stm32cube.ide.mcu.externaltools.gnu-tools-for-stm32.11.3.rel1.win32_1.1.100.202309141235/tools/bin/../lib/gcc/arm-none-eabi/11.3.1/../../../../arm-none-eabi/lib/thumb/v7e-m+fp/hard\libc_nano.a(libc_a-nano-svfprintf.o)
                0x000000000800b160                __ssputs_r
 .text._svfprintf_r
                0x000000000800b214      0x1fc C:/ST/STM32CubeIDE_1.14.0/STM32CubeIDE/plugins/com.st.stm32cube.ide.mcu.externaltools.gnu-tools-for-stm32.11.3.rel1.win32_1.1.100.202309141235/tools/bin/../lib/gcc/arm-none-eabi/11.3.1/../../../../arm-none-eabi/lib/thumb/v7e-m+fp/hard\libc_nano.a(libc_a-nano-svfprintf.o)
                0x000000000800b214                _svfiprintf_r
                0x000000000800b214                _svfprintf_r
 .text._printf_common
                0x000000000800b410       0xda C:/ST/STM32CubeIDE_1.14.0/STM32CubeIDE/plugins/com.st.stm32cube.ide.mcu.externaltools.gnu-tools-for-stm32.11.3.rel1.win32_1.1.100.202309141235/tools/bin/../lib/gcc/arm-none-eabi/11.3.1/../../../../arm-none-eabi/lib/thumb/v7e-m+fp/hard\libc_nano.a(libc_a-nano-vfprintf_i.o)
                0x000000000800b410                _printf_common
 *fill*         0x000000000800b4ea        0x2 
 .text._printf_i
                0x000000000800b4ec      0x244 C:/ST/STM32CubeIDE_1.14.0/STM32CubeIDE/plugins/com.st.stm32cube.ide.mcu.externaltools.gnu-tools-for-stm32.11.3.rel1.win32_1.1.100.202309141235/tools/bin/../lib/gcc/arm-none-eabi/11.3.1/../../../../arm-none-eabi/lib/thumb/v7e-m+fp/hard\libc_nano.a(libc_a-nano-vfprintf_i.o)
                0x000000000800b4ec                _printf_i
 .text.memmove  0x000000000800b730       0x34 C:/ST/STM32CubeIDE_1.14.0/STM32CubeIDE/plugins/com.st.stm32cube.ide.mcu.externaltools.gnu-tools-for-stm32.11.3.rel1.win32_1.1.100.202309141235/tools/bin/../lib/gcc/arm-none-eabi/11.3.1/../../../../arm-none-eabi/lib/thumb/v7e-m+fp/hard\libc_nano.a(libc_a-memmove.o)
                0x000000000800b730                memmove
 .text._sbrk_r  0x000000000800b764       0x20 C:/ST/STM32CubeIDE_1.14.0/STM32CubeIDE/plugins/com.st.stm32cube.ide.mcu.externaltools.gnu-tools-for-stm32.11.3.rel1.win32_1.1.100.202309141235/tools/bin/../lib/gcc/arm-none-eabi/11.3.1/../../../../arm-none-eabi/lib/thumb/v7e-m+fp/hard\libc_nano.a(libc_a-sbrkr.o)
                0x000000000800b764                _sbrk_r
 .text._realloc_r
                0x000000000800b784       0x5e C:/ST/STM32CubeIDE_1.14.0/STM32CubeIDE/plugins/com.st.stm32cube.ide.mcu.externaltools.gnu-tools-for-stm32.11.3.rel1.win32_1.1.100.202309141235/tools/bin/../lib/gcc/arm-none-eabi/11.3.1/../../../../arm-none-eabi/lib/thumb/v7e-m+fp/hard\libc_nano.a(libc_a-reallocr.o)
                0x000000000800b784                _realloc_r
 .text._malloc_usable_size_r
                0x000000000800b7e2       0x10 C:/ST/STM32CubeIDE_1.14.0/STM32CubeIDE/plugins/com.st.stm32cube.ide.mcu.externaltools.gnu-tools-for-stm32.11.3.rel1.win32_1.1.100.202309141235/tools/bin/../lib/gcc/arm-none-eabi/11.3.1/../../../../arm-none-eabi/lib/thumb/v7e-m+fp/hard\libc_nano.a(libc_a-msizer.o)
                0x000000000800b7e2                _malloc_usable_size_r
 *fill*         0x000000000800b7f2        0x2 
 .text.round    0x000000000800b7f4       0x90 C:/ST/STM32CubeIDE_1.14.0/STM32CubeIDE/plugins/com.st.stm32cube.ide.mcu.externaltools.gnu-tools-for-stm32.11.3.rel1.win32_1.1.100.202309141235/tools/bin/../lib/gcc/arm-none-eabi/11.3.1/../../../../arm-none-eabi/lib/thumb/v7e-m+fp/hard\libm.a(libm_a-s_round.o)
                0x000000000800b7f4                round
 *(.glue_7)
 .glue_7        0x000000000800b884        0x0 linker stubs
 *(.glue_7t)
 .glue_7t       0x000000000800b884        0x0 linker stubs
 *(.eh_frame)
 .eh_frame      0x000000000800b884        0x0 C:/ST/STM32CubeIDE_1.14.0/STM32CubeIDE/plugins/com.st.stm32cube.ide.mcu.externaltools.gnu-tools-for-stm32.11.3.rel1.win32_1.1.100.202309141235/tools/bin/../lib/gcc/arm-none-eabi/11.3.1/thumb/v7e-m+fp/hard/crtbegin.o
 *(.init)
 .init          0x000000000800b884        0x4 C:/ST/STM32CubeIDE_1.14.0/STM32CubeIDE/plugins/com.st.stm32cube.ide.mcu.externaltools.gnu-tools-for-stm32.11.3.rel1.win32_1.1.100.202309141235/tools/bin/../lib/gcc/arm-none-eabi/11.3.1/thumb/v7e-m+fp/hard/crti.o
                0x000000000800b884                _init
 .init          0x000000000800b888        0x8 C:/ST/STM32CubeIDE_1.14.0/STM32CubeIDE/plugins/com.st.stm32cube.ide.mcu.externaltools.gnu-tools-for-stm32.11.3.rel1.win32_1.1.100.202309141235/tools/bin/../lib/gcc/arm-none-eabi/11.3.1/thumb/v7e-m+fp/hard/crtn.o
 *(.fini)
 .fini          0x000000000800b890        0x4 C:/ST/STM32CubeIDE_1.14.0/STM32CubeIDE/plugins/com.st.stm32cube.ide.mcu.externaltools.gnu-tools-for-stm32.11.3.rel1.win32_1.1.100.202309141235/tools/bin/../lib/gcc/arm-none-eabi/11.3.1/thumb/v7e-m+fp/hard/crti.o
                0x000000000800b890                _fini
 .fini          0x000000000800b894        0x8 C:/ST/STM32CubeIDE_1.14.0/STM32CubeIDE/plugins/com.st.stm32cube.ide.mcu.externaltools.gnu-tools-for-stm32.11.3.rel1.win32_1.1.100.202309141235/tools/bin/../lib/gcc/arm-none-eabi/11.3.1/thumb/v7e-m+fp/hard/crtn.o
                0x000000000800b89c                . = ALIGN (0x4)
                0x000000000800b89c                _etext = .

.vfp11_veneer   0x000000000800b89c        0x0
 .vfp11_veneer  0x000000000800b89c        0x0 linker stubs

.v4_bx          0x000000000800b89c        0x0
 .v4_bx         0x000000000800b89c        0x0 linker stubs

.iplt           0x000000000800b89c        0x0
 .iplt          0x000000000800b89c        0x0 C:/ST/STM32CubeIDE_1.14.0/STM32CubeIDE/plugins/com.st.stm32cube.ide.mcu.externaltools.gnu-tools-for-stm32.11.3.rel1.win32_1.1.100.202309141235/tools/bin/../lib/gcc/arm-none-eabi/11.3.1/thumb/v7e-m+fp/hard/crtbegin.o

.rodata         0x000000000800b89c      0x2e4
                0x000000000800b89c                . = ALIGN (0x4)
 *(.rodata)
 .rodata        0x000000000800b89c       0xf4 ./Core/Src/main.o
 .rodata        0x000000000800b990        0x5 ./Middlewares/Third_Party/FreeRTOS/Source/tasks.o
 *fill*         0x000000000800b995        0x3 
 .rodata        0x000000000800b998        0xd ./Middlewares/Third_Party/FreeRTOS/Source/timers.o
 *(.rodata*)
 *fill*         0x000000000800b9a5        0x3 
 .rodata.AHBPrescTable
                0x000000000800b9a8       0x10 ./Core/Src/system_stm32l4xx.o
                0x000000000800b9a8                AHBPrescTable
 .rodata.APBPrescTable
                0x000000000800b9b8        0x8 ./Core/Src/system_stm32l4xx.o
                0x000000000800b9b8                APBPrescTable
 .rodata.MSIRangeTable
                0x000000000800b9c0       0x30 ./Core/Src/system_stm32l4xx.o
                0x000000000800b9c0                MSIRangeTable
 .rodata.s_vectcBandRegValue
                0x000000000800b9f0        0x4 ./Drivers/Drivers/BSP/Components/spirit1/SPIRIT1_Library/Src/SPIRIT_Management.o
 .rodata.s_vectcBHalfFactor
                0x000000000800b9f4        0x4 ./Drivers/Drivers/BSP/Components/spirit1/SPIRIT1_Library/Src/SPIRIT_Management.o
 .rodata.s_vectcBHalfFactor
                0x000000000800b9f8        0x4 ./Drivers/Drivers/BSP/Components/spirit1/SPIRIT1_Library/Src/SPIRIT_Radio.o
 .rodata.s_vectcBandRegValue
                0x000000000800b9fc        0x4 ./Drivers/Drivers/BSP/Components/spirit1/SPIRIT1_Library/Src/SPIRIT_Radio.o
 .rodata.s_vectnBandwidth26M
                0x000000000800ba00       0xb4 ./Drivers/Drivers/BSP/Components/spirit1/SPIRIT1_Library/Src/SPIRIT_Radio.o
 .rodata.s_vectnVCOFreq
                0x000000000800bab4       0x20 ./Drivers/Drivers/BSP/Components/spirit1/SPIRIT1_Library/Src/SPIRIT_Radio.o
 .rodata.fPowerFactors
                0x000000000800bad4       0x78 ./Drivers/Drivers/BSP/Components/spirit1/SPIRIT1_Library/Src/SPIRIT_Radio.o
 .rodata._svfprintf_r.str1.1
                0x000000000800bb4c       0x11 C:/ST/STM32CubeIDE_1.14.0/STM32CubeIDE/plugins/com.st.stm32cube.ide.mcu.externaltools.gnu-tools-for-stm32.11.3.rel1.win32_1.1.100.202309141235/tools/bin/../lib/gcc/arm-none-eabi/11.3.1/../../../../arm-none-eabi/lib/thumb/v7e-m+fp/hard\libc_nano.a(libc_a-nano-svfprintf.o)
 .rodata._printf_i.str1.1
                0x000000000800bb5d       0x22 C:/ST/STM32CubeIDE_1.14.0/STM32CubeIDE/plugins/com.st.stm32cube.ide.mcu.externaltools.gnu-tools-for-stm32.11.3.rel1.win32_1.1.100.202309141235/tools/bin/../lib/gcc/arm-none-eabi/11.3.1/../../../../arm-none-eabi/lib/thumb/v7e-m+fp/hard\libc_nano.a(libc_a-nano-vfprintf_i.o)
                0x000000000800bb80                . = ALIGN (0x4)
 *fill*         0x000000000800bb7f        0x1 

.ARM.extab      0x000000000800bb80        0x0
                0x000000000800bb80                . = ALIGN (0x4)
 *(.ARM.extab* .gnu.linkonce.armextab.*)
                0x000000000800bb80                . = ALIGN (0x4)

.ARM            0x000000000800bb80        0x8
                0x000000000800bb80                . = ALIGN (0x4)
                0x000000000800bb80                __exidx_start = .
 *(.ARM.exidx*)
 .ARM.exidx     0x000000000800bb80        0x8 C:/ST/STM32CubeIDE_1.14.0/STM32CubeIDE/plugins/com.st.stm32cube.ide.mcu.externaltools.gnu-tools-for-stm32.11.3.rel1.win32_1.1.100.202309141235/tools/bin/../lib/gcc/arm-none-eabi/11.3.1/thumb/v7e-m+fp/hard\libgcc.a(_udivmoddi4.o)
                0x000000000800bb88                __exidx_end = .
                0x000000000800bb88                . = ALIGN (0x4)

.rel.dyn        0x000000000800bb88        0x0
 .rel.iplt      0x000000000800bb88        0x0 C:/ST/STM32CubeIDE_1.14.0/STM32CubeIDE/plugins/com.st.stm32cube.ide.mcu.externaltools.gnu-tools-for-stm32.11.3.rel1.win32_1.1.100.202309141235/tools/bin/../lib/gcc/arm-none-eabi/11.3.1/thumb/v7e-m+fp/hard/crtbegin.o

.preinit_array  0x000000000800bb88        0x0
                0x000000000800bb88                . = ALIGN (0x4)
                0x000000000800bb88                PROVIDE (__preinit_array_start = .)
 *(.preinit_array*)
                0x000000000800bb88                PROVIDE (__preinit_array_end = .)
                0x000000000800bb88                . = ALIGN (0x4)

.init_array     0x000000000800bb88        0x4
                0x000000000800bb88                . = ALIGN (0x4)
                0x000000000800bb88                PROVIDE (__init_array_start = .)
 *(SORT_BY_NAME(.init_array.*))
 *(.init_array*)
 .init_array    0x000000000800bb88        0x4 C:/ST/STM32CubeIDE_1.14.0/STM32CubeIDE/plugins/com.st.stm32cube.ide.mcu.externaltools.gnu-tools-for-stm32.11.3.rel1.win32_1.1.100.202309141235/tools/bin/../lib/gcc/arm-none-eabi/11.3.1/thumb/v7e-m+fp/hard/crtbegin.o
                0x000000000800bb8c                PROVIDE (__init_array_end = .)
                0x000000000800bb8c                . = ALIGN (0x4)

.fini_array     0x000000000800bb8c        0x4
                0x000000000800bb8c                . = ALIGN (0x4)
                [!provide]                        PROVIDE (__fini_array_start = .)
 *(SORT_BY_NAME(.fini_array.*))
 *(.fini_array*)
 .fini_array    0x000000000800bb8c        0x4 C:/ST/STM32CubeIDE_1.14.0/STM32CubeIDE/plugins/com.st.stm32cube.ide.mcu.externaltools.gnu-tools-for-stm32.11.3.rel1.win32_1.1.100.202309141235/tools/bin/../lib/gcc/arm-none-eabi/11.3.1/thumb/v7e-m+fp/hard/crtbegin.o
                [!provide]                        PROVIDE (__fini_array_end = .)
                0x000000000800bb90                . = ALIGN (0x4)
                0x000000000800bb90                _sidata = LOADADDR (.data)

.data           0x0000000020000000       0x84 load address 0x000000000800bb90
                0x0000000020000000                . = ALIGN (0x4)
                0x0000000020000000                _sdata = .
 *(.data)
 *(.data*)
 .data.TXpayload
                0x0000000020000000       0x19 ./Core/Src/main.o
                0x0000000020000000                TXpayload
 *fill*         0x0000000020000019        0x3 
 .data.SystemCoreClock
                0x000000002000001c        0x4 ./Core/Src/system_stm32l4xx.o
                0x000000002000001c                SystemCoreClock
 .data.s_cCommunicationState
                0x0000000020000020        0x1 ./Drivers/Drivers/BSP/Components/spirit1/SPIRIT1_Library/Src/SPIRIT_Management.o
 .data.xDoVcoCalibrationWA
                0x0000000020000021        0x1 ./Drivers/Drivers/BSP/Components/spirit1/SPIRIT1_Library/Src/SPIRIT_Radio.o
 *fill*         0x0000000020000022        0x2 
 .data.radioSpi
                0x0000000020000024        0x4 ./Drivers/Drivers/BSP/Components/spirit1/radio_target.o
                0x0000000020000024                radioSpi
 .data.uwTickPrio
                0x0000000020000028        0x4 ./Drivers/STM32L4xx_HAL_Driver/Src/stm32l4xx_hal.o
                0x0000000020000028                uwTickPrio
 .data.uwTickFreq
                0x000000002000002c        0x1 ./Drivers/STM32L4xx_HAL_Driver/Src/stm32l4xx_hal.o
                0x000000002000002c                uwTickFreq
 *fill*         0x000000002000002d        0x3 
 .data.uxCriticalNesting
                0x0000000020000030        0x4 ./Middlewares/Third_Party/FreeRTOS/Source/portable/GCC/ARM_CM4F/port.o
 .data._impure_data
                0x0000000020000034       0x4c C:/ST/STM32CubeIDE_1.14.0/STM32CubeIDE/plugins/com.st.stm32cube.ide.mcu.externaltools.gnu-tools-for-stm32.11.3.rel1.win32_1.1.100.202309141235/tools/bin/../lib/gcc/arm-none-eabi/11.3.1/../../../../arm-none-eabi/lib/thumb/v7e-m+fp/hard\libc_nano.a(libc_a-impure.o)
                0x0000000020000034                _impure_data
 .data._impure_ptr
                0x0000000020000080        0x4 C:/ST/STM32CubeIDE_1.14.0/STM32CubeIDE/plugins/com.st.stm32cube.ide.mcu.externaltools.gnu-tools-for-stm32.11.3.rel1.win32_1.1.100.202309141235/tools/bin/../lib/gcc/arm-none-eabi/11.3.1/../../../../arm-none-eabi/lib/thumb/v7e-m+fp/hard\libc_nano.a(libc_a-impure.o)
                0x0000000020000080                _impure_ptr
 *(.RamFunc)
 *(.RamFunc*)
                0x0000000020000084                . = ALIGN (0x4)
                0x0000000020000084                _edata = .

.igot.plt       0x0000000020000084        0x0 load address 0x000000000800bc14
 .igot.plt      0x0000000020000084        0x0 C:/ST/STM32CubeIDE_1.14.0/STM32CubeIDE/plugins/com.st.stm32cube.ide.mcu.externaltools.gnu-tools-for-stm32.11.3.rel1.win32_1.1.100.202309141235/tools/bin/../lib/gcc/arm-none-eabi/11.3.1/thumb/v7e-m+fp/hard/crtbegin.o
                0x0000000020000084                . = ALIGN (0x4)

.bss            0x0000000020000084     0x3c74 load address 0x000000000800bc14
                0x0000000020000084                _sbss = .
                0x0000000020000084                __bss_start__ = _sbss
 *(.bss)
 .bss           0x0000000020000084       0x1c C:/ST/STM32CubeIDE_1.14.0/STM32CubeIDE/plugins/com.st.stm32cube.ide.mcu.externaltools.gnu-tools-for-stm32.11.3.rel1.win32_1.1.100.202309141235/tools/bin/../lib/gcc/arm-none-eabi/11.3.1/thumb/v7e-m+fp/hard/crtbegin.o
 *(.bss*)
 .bss.Task_TXHandler
                0x00000000200000a0        0x4 ./Core/Src/main.o
                0x00000000200000a0                Task_TXHandler
 .bss.Task_printUsersHandler
                0x00000000200000a4        0x4 ./Core/Src/main.o
                0x00000000200000a4                Task_printUsersHandler
 .bss.Task_RXHandler
                0x00000000200000a8        0x4 ./Core/Src/main.o
                0x00000000200000a8                Task_RXHandler
 .bss.FLAG_SPIRIT
                0x00000000200000ac        0x4 ./Core/Src/main.o
                0x00000000200000ac                FLAG_SPIRIT
 .bss.startTime
                0x00000000200000b0        0x4 ./Core/Src/main.o
                0x00000000200000b0                startTime
 .bss.usersOnline
                0x00000000200000b4     0x1c00 ./Core/Src/main.o
                0x00000000200000b4                usersOnline
 .bss.buffer.1  0x0000000020001cb4      0x400 ./Core/Src/main.o
 .bss.i.0       0x00000000200020b4        0x4 ./Core/Src/main.o
 .bss.hspi1     0x00000000200020b8       0x64 ./Core/Src/spi.o
                0x00000000200020b8                hspi1
 .bss.htim16    0x000000002000211c       0x4c ./Core/Src/stm32l4xx_hal_timebase_tim.o
                0x000000002000211c                htim16
 .bss.__sbrk_heap_end
                0x0000000020002168        0x4 ./Core/Src/sysmem.o
 .bss.huart2    0x000000002000216c       0x88 ./Core/Src/usart.o
                0x000000002000216c                huart2
 .bss.s_nDesiredFrequency
                0x00000000200021f4        0x4 ./Drivers/Drivers/BSP/Components/spirit1/SPIRIT1_Library/Src/SPIRIT_Management.o
 .bss.s_lXtalFrequency
                0x00000000200021f8        0x4 ./Drivers/Drivers/BSP/Components/spirit1/SPIRIT1_Library/Src/SPIRIT_Radio.o
 .bss.g_xStatus
                0x00000000200021fc        0x2 ./Drivers/Drivers/BSP/Components/spirit1/SPIRIT1_Library/Src/SPIRIT_Types.o
                0x00000000200021fc                g_xStatus
 *fill*         0x00000000200021fe        0x2 
 .bss.uwTick    0x0000000020002200        0x4 ./Drivers/STM32L4xx_HAL_Driver/Src/stm32l4xx_hal.o
                0x0000000020002200                uwTick
 .bss.Idle_TCB.3
                0x0000000020002204       0xac ./Middlewares/Third_Party/FreeRTOS/Source/CMSIS_RTOS_V2/cmsis_os2.o
 .bss.Idle_Stack.2
                0x00000000200022b0      0x200 ./Middlewares/Third_Party/FreeRTOS/Source/CMSIS_RTOS_V2/cmsis_os2.o
 .bss.Timer_TCB.1
                0x00000000200024b0       0xac ./Middlewares/Third_Party/FreeRTOS/Source/CMSIS_RTOS_V2/cmsis_os2.o
 .bss.Timer_Stack.0
                0x000000002000255c      0x400 ./Middlewares/Third_Party/FreeRTOS/Source/CMSIS_RTOS_V2/cmsis_os2.o
 .bss.xQueueRegistry
                0x000000002000295c       0x40 ./Middlewares/Third_Party/FreeRTOS/Source/queue.o
                0x000000002000295c                xQueueRegistry
 .bss.pxCurrentTCB
                0x000000002000299c        0x4 ./Middlewares/Third_Party/FreeRTOS/Source/tasks.o
                0x000000002000299c                pxCurrentTCB
 .bss.pxReadyTasksLists
                0x00000000200029a0      0x460 ./Middlewares/Third_Party/FreeRTOS/Source/tasks.o
 .bss.xDelayedTaskList1
                0x0000000020002e00       0x14 ./Middlewares/Third_Party/FreeRTOS/Source/tasks.o
 .bss.xDelayedTaskList2
                0x0000000020002e14       0x14 ./Middlewares/Third_Party/FreeRTOS/Source/tasks.o
 .bss.pxDelayedTaskList
                0x0000000020002e28        0x4 ./Middlewares/Third_Party/FreeRTOS/Source/tasks.o
 .bss.pxOverflowDelayedTaskList
                0x0000000020002e2c        0x4 ./Middlewares/Third_Party/FreeRTOS/Source/tasks.o
 .bss.xPendingReadyList
                0x0000000020002e30       0x14 ./Middlewares/Third_Party/FreeRTOS/Source/tasks.o
 .bss.xTasksWaitingTermination
                0x0000000020002e44       0x14 ./Middlewares/Third_Party/FreeRTOS/Source/tasks.o
 .bss.uxDeletedTasksWaitingCleanUp
                0x0000000020002e58        0x4 ./Middlewares/Third_Party/FreeRTOS/Source/tasks.o
 .bss.xSuspendedTaskList
                0x0000000020002e5c       0x14 ./Middlewares/Third_Party/FreeRTOS/Source/tasks.o
 .bss.uxCurrentNumberOfTasks
                0x0000000020002e70        0x4 ./Middlewares/Third_Party/FreeRTOS/Source/tasks.o
 .bss.xTickCount
                0x0000000020002e74        0x4 ./Middlewares/Third_Party/FreeRTOS/Source/tasks.o
 .bss.uxTopReadyPriority
                0x0000000020002e78        0x4 ./Middlewares/Third_Party/FreeRTOS/Source/tasks.o
 .bss.xSchedulerRunning
                0x0000000020002e7c        0x4 ./Middlewares/Third_Party/FreeRTOS/Source/tasks.o
 .bss.xPendedTicks
                0x0000000020002e80        0x4 ./Middlewares/Third_Party/FreeRTOS/Source/tasks.o
 .bss.xYieldPending
                0x0000000020002e84        0x4 ./Middlewares/Third_Party/FreeRTOS/Source/tasks.o
 .bss.xNumOfOverflows
                0x0000000020002e88        0x4 ./Middlewares/Third_Party/FreeRTOS/Source/tasks.o
 .bss.uxTaskNumber
                0x0000000020002e8c        0x4 ./Middlewares/Third_Party/FreeRTOS/Source/tasks.o
 .bss.xNextTaskUnblockTime
                0x0000000020002e90        0x4 ./Middlewares/Third_Party/FreeRTOS/Source/tasks.o
 .bss.xIdleTaskHandle
                0x0000000020002e94        0x4 ./Middlewares/Third_Party/FreeRTOS/Source/tasks.o
 .bss.uxSchedulerSuspended
                0x0000000020002e98        0x4 ./Middlewares/Third_Party/FreeRTOS/Source/tasks.o
 .bss.ulTaskSwitchedInTime
                0x0000000020002e9c        0x4 ./Middlewares/Third_Party/FreeRTOS/Source/tasks.o
 .bss.ulTotalRunTime
                0x0000000020002ea0        0x4 ./Middlewares/Third_Party/FreeRTOS/Source/tasks.o
 .bss.xActiveTimerList1
                0x0000000020002ea4       0x14 ./Middlewares/Third_Party/FreeRTOS/Source/timers.o
 .bss.xActiveTimerList2
                0x0000000020002eb8       0x14 ./Middlewares/Third_Party/FreeRTOS/Source/timers.o
 .bss.pxCurrentTimerList
                0x0000000020002ecc        0x4 ./Middlewares/Third_Party/FreeRTOS/Source/timers.o
 .bss.pxOverflowTimerList
                0x0000000020002ed0        0x4 ./Middlewares/Third_Party/FreeRTOS/Source/timers.o
 .bss.xTimerQueue
                0x0000000020002ed4        0x4 ./Middlewares/Third_Party/FreeRTOS/Source/timers.o
 .bss.xTimerTaskHandle
                0x0000000020002ed8        0x4 ./Middlewares/Third_Party/FreeRTOS/Source/timers.o
 .bss.xLastTime.2
                0x0000000020002edc        0x4 ./Middlewares/Third_Party/FreeRTOS/Source/timers.o
 .bss.ucStaticTimerQueueStorage.1
                0x0000000020002ee0       0xa0 ./Middlewares/Third_Party/FreeRTOS/Source/timers.o
 .bss.xStaticTimerQueue.0
                0x0000000020002f80       0x50 ./Middlewares/Third_Party/FreeRTOS/Source/timers.o
 .bss.ucMaxSysCallPriority
                0x0000000020002fd0        0x1 ./Middlewares/Third_Party/FreeRTOS/Source/portable/GCC/ARM_CM4F/port.o
 *fill*         0x0000000020002fd1        0x3 
 .bss.ulMaxPRIGROUPValue
                0x0000000020002fd4        0x4 ./Middlewares/Third_Party/FreeRTOS/Source/portable/GCC/ARM_CM4F/port.o
 .bss.ucHeap    0x0000000020002fd8      0xbb8 ./Middlewares/Third_Party/FreeRTOS/Source/portable/MemMang/heap_4.o
 .bss.xStart    0x0000000020003b90        0x8 ./Middlewares/Third_Party/FreeRTOS/Source/portable/MemMang/heap_4.o
 .bss.pxEnd     0x0000000020003b98        0x4 ./Middlewares/Third_Party/FreeRTOS/Source/portable/MemMang/heap_4.o
 .bss.xFreeBytesRemaining
                0x0000000020003b9c        0x4 ./Middlewares/Third_Party/FreeRTOS/Source/portable/MemMang/heap_4.o
 .bss.xMinimumEverFreeBytesRemaining
                0x0000000020003ba0        0x4 ./Middlewares/Third_Party/FreeRTOS/Source/portable/MemMang/heap_4.o
 .bss.xNumberOfSuccessfulAllocations
                0x0000000020003ba4        0x4 ./Middlewares/Third_Party/FreeRTOS/Source/portable/MemMang/heap_4.o
 .bss.xNumberOfSuccessfulFrees
                0x0000000020003ba8        0x4 ./Middlewares/Third_Party/FreeRTOS/Source/portable/MemMang/heap_4.o
 .bss.xBlockAllocatedBit
                0x0000000020003bac        0x4 ./Middlewares/Third_Party/FreeRTOS/Source/portable/MemMang/heap_4.o
 .bss.__sf      0x0000000020003bb0      0x138 C:/ST/STM32CubeIDE_1.14.0/STM32CubeIDE/plugins/com.st.stm32cube.ide.mcu.externaltools.gnu-tools-for-stm32.11.3.rel1.win32_1.1.100.202309141235/tools/bin/../lib/gcc/arm-none-eabi/11.3.1/../../../../arm-none-eabi/lib/thumb/v7e-m+fp/hard\libc_nano.a(libc_a-findfp.o)
                0x0000000020003bb0                __sf
 .bss.errno     0x0000000020003ce8        0x4 C:/ST/STM32CubeIDE_1.14.0/STM32CubeIDE/plugins/com.st.stm32cube.ide.mcu.externaltools.gnu-tools-for-stm32.11.3.rel1.win32_1.1.100.202309141235/tools/bin/../lib/gcc/arm-none-eabi/11.3.1/../../../../arm-none-eabi/lib/thumb/v7e-m+fp/hard\libc_nano.a(libc_a-reent.o)
                0x0000000020003ce8                errno
 .bss.__lock___malloc_recursive_mutex
                0x0000000020003cec        0x1 C:/ST/STM32CubeIDE_1.14.0/STM32CubeIDE/plugins/com.st.stm32cube.ide.mcu.externaltools.gnu-tools-for-stm32.11.3.rel1.win32_1.1.100.202309141235/tools/bin/../lib/gcc/arm-none-eabi/11.3.1/../../../../arm-none-eabi/lib/thumb/v7e-m+fp/hard\libc_nano.a(libc_a-lock.o)
                0x0000000020003cec                __lock___malloc_recursive_mutex
 *fill*         0x0000000020003ced        0x3 
 .bss.__malloc_free_list
                0x0000000020003cf0        0x4 C:/ST/STM32CubeIDE_1.14.0/STM32CubeIDE/plugins/com.st.stm32cube.ide.mcu.externaltools.gnu-tools-for-stm32.11.3.rel1.win32_1.1.100.202309141235/tools/bin/../lib/gcc/arm-none-eabi/11.3.1/../../../../arm-none-eabi/lib/thumb/v7e-m+fp/hard\libc_nano.a(libc_a-mallocr.o)
                0x0000000020003cf0                __malloc_free_list
 .bss.__malloc_sbrk_start