../Core/Src/main.c:39:5:main	24	static
../Core/Src/main.c:76:6:Task1	16	static
../Core/Src/main.c:86:6:Task2	16	static
../Core/Src/main.c:96:6:Task3	16	static
../Core/Src/main.c:106:6:Task4	16	static
../Core/Src/main.c:122:6:PortC_Init	4	static
../Core/Src/main.c:145:6:RTOS_Stats_Timer_Init	4	static
../Core/Src/main.c:158:6:TIM2_IRQHandler	4	static
../Core/Src/main.c:165:6:configureTimerForRunTimeStats	8	static
../Core/Src/main.c:171:15:getRunTimeCounterValue	4	static
../Core/Src/main.c:182:6:SystemClock_Config	96	static
../Core/Src/main.c:235:6:StartDefaultTask	16	static
../Core/Src/main.c:254:6:HAL_TIM_PeriodElapsedCallback	16	static
../Core/Src/main.c:271:6:Error_Handler	4	static,ignoring_inline_asm
