../Drivers/CMSIS/Include/core_cm4.h:1809:22:__NVIC_SetPriority	16	static
../Drivers/CMSIS/Include/core_cm4.h:1856:26:NVIC_EncodePriority	40	static
../Core/Src/main.c:51:6:RTOS_ISR_setPriority	24	static
../Core/Src/main.c:104:6:myHAL_UART_printf	16	static
../Core/Src/main.c:124:6:myHAL_UART_clear	24	static
../Core/Src/main.c:140:6:HAL_GPIO_EXTI_Callback	24	static,ignoring_inline_asm
../Core/Src/main.c:228:6:SpiritGotoReadyState	8	static
../Core/Src/main.c:251:6:confirm_TX	8	static
../Core/Src/main.c:257:6:Task_TX	16	static
../Core/Src/main.c:276:6:printUsersOnline	24	static
../Core/Src/main.c:286:6:reapUsers	16	static
../Core/Src/main.c:302:6:Task_printUsers	16	static
../Core/Src/main.c:311:6:get_RX	136	static
../Core/Src/main.c:336:6:printPacket	16	static
../Core/Src/main.c:342:6:Task_RX	16	static
../Core/Src/main.c:355:5:main	24	static
../Core/Src/main.c:459:6:SystemClock_Config	96	static
../Core/Src/main.c:517:6:HAL_TIM_PeriodElapsedCallback	16	static
../Core/Src/main.c:534:6:Error_Handler	4	static,ignoring_inline_asm
