../Drivers/CMSIS/Include/core_cm4.h:1809:22:__NVIC_SetPriority	16	static
../Drivers/CMSIS/Include/core_cm4.h:1856:26:NVIC_EncodePriority	40	static
../Core/Src/main.c:51:6:RTOS_ISR_setPriority	24	static
../Core/Src/main.c:103:6:myHAL_UART_printf	16	static
../Core/Src/main.c:123:6:myHAL_UART_clear	24	static
../Core/Src/main.c:129:6:printUsersOnline	16	static
../Core/Src/main.c:147:6:HAL_GPIO_EXTI_Callback	24	static,ignoring_inline_asm
../Core/Src/main.c:185:6:receive	40	static
../Core/Src/main.c:215:6:transmit	40	static
../Core/Src/main.c:233:6:confirm_TX	8	static
../Core/Src/main.c:238:6:Task_TX	16	static
../Core/Src/main.c:250:6:Task_printUsers	16	static
../Core/Src/main.c:259:6:get_RX	16	static
../Core/Src/main.c:273:6:Task_RX	16	static
../Core/Src/main.c:286:5:main	24	static
../Core/Src/main.c:388:6:SystemClock_Config	96	static
../Core/Src/main.c:446:6:HAL_TIM_PeriodElapsedCallback	16	static
../Core/Src/main.c:463:6:Error_Handler	4	static,ignoring_inline_asm
