20:14:41 **** Incremental Build of configuration Debug for project A5 Watchdog Test ****
make -j8 all 
arm-none-eabi-gcc "../Core/Src/main.c" -mcpu=cortex-m4 -std=gnu11 -g3 -DDEBUG -DUSE_HAL_DRIVER -DSTM32L476xx -c -I../Core/Inc -I../Drivers/STM32L4xx_HAL_Driver/Inc -I../Drivers/STM32L4xx_HAL_Driver/Inc/Legacy -I../Drivers/CMSIS/Device/ST/STM32L4xx/Include -I../Drivers/CMSIS/Include -I../Middlewares/Third_Party/FreeRTOS/Source/include -I../Middlewares/Third_Party/FreeRTOS/Source/CMSIS_RTOS_V2 -I../Middlewares/Third_Party/FreeRTOS/Source/portable/GCC/ARM_CM4F -O0 -ffunction-sections -fdata-sections -Wall -fstack-usage -fcyclomatic-complexity -MMD -MP -MF"Core/Src/main.d" -MT"Core/Src/main.o" --specs=nano.specs -mfpu=fpv4-sp-d16 -mfloat-abi=hard -mthumb -o "Core/Src/main.o"
arm-none-eabi-gcc -o "A5 Watchdog Test.elf" @"objects.list"   -mcpu=cortex-m4 -T"C:\Users\thebu\STM32CubeIDE\workspace_RTOS\A5 Watchdog Test\STM32L476RGTX_FLASH.ld" --specs=nosys.specs -Wl,-Map="A5 Watchdog Test.map" -Wl,--gc-sections -static --specs=nano.specs -mfpu=fpv4-sp-d16 -mfloat-abi=hard -mthumb -Wl,--start-group -lc -lm -Wl,--end-group
Finished building target: A5 Watchdog Test.elf
 
arm-none-eabi-size  A5\ Watchdog\ Test.elf 
arm-none-eabi-objdump -h -S A5\ Watchdog\ Test.elf  > "A5 Watchdog Test.list"
   text	   data	    bss	    dec	    hex	filename
  20820	    116	   8564	  29500	   733c	A5 Watchdog Test.elf
Finished building: default.size.stdout
 
Finished building: A5 Watchdog Test.list
 

20:14:43 Build Finished. 0 errors, 0 warnings. (took 1s.118ms)

