22:11:51 **** Incremental Build of configuration Debug for project A6_HAL ****
make -j8 all 
arm-none-eabi-gcc "../Core/Src/main.c" -mcpu=cortex-m4 -std=gnu11 -g3 -DDEBUG -DSTM32L476xx -DUSE_HAL_DRIVER -c -I../Core/Inc -I../Drivers/STM32L4xx_HAL_Driver/Inc -I../Drivers/CMSIS/Device/ST/STM32L4xx/Include -I../Drivers/CMSIS/Include -I../Drivers/STM32L4xx_HAL_Driver/Inc/Legacy -O0 -ffunction-sections -fdata-sections -Wall -fstack-usage -fcyclomatic-complexity -MMD -MP -MF"Core/Src/main.d" -MT"Core/Src/main.o" --specs=nano.specs -mfpu=fpv4-sp-d16 -mfloat-abi=hard -mthumb -o "Core/Src/main.o"
../Core/Src/main.c:234:13: warning: 'MX_GPIO_Init' defined but not used [-Wunused-function]
  234 | static void MX_GPIO_Init(void)
      |             ^~~~~~~~~~~~
arm-none-eabi-gcc -o "A6_HAL.elf" @"objects.list"   -mcpu=cortex-m4 -T"C:\Users\thebu\STM32CubeIDE\workspace_RTOS\A6_HAL\STM32L476RGTX_FLASH.ld" --specs=nosys.specs -Wl,-Map="A6_HAL.map" -Wl,--gc-sections -static --specs=nano.specs -mfpu=fpv4-sp-d16 -mfloat-abi=hard -mthumb -Wl,--start-group -lc -lm -Wl,--end-group
Finished building target: A6_HAL.elf
 
arm-none-eabi-size  A6_HAL.elf 
arm-none-eabi-objdump -h -S A6_HAL.elf  > "A6_HAL.list"
   text	   data	    bss	    dec	    hex	filename
   6088	     20	   1572	   7680	   1e00	A6_HAL.elf
Finished building: default.size.stdout
 
Finished building: A6_HAL.list
 

22:11:51 Build Finished. 0 errors, 1 warnings. (took 951ms)

