08:23:29 **** Incremental Build of configuration Debug for project A7_spirit1_library ****
make -j8 all 
arm-none-eabi-gcc "../Core/Src/main.c" -mcpu=cortex-m4 -std=gnu11 -g3 -DDEBUG -DUSE_HAL_DRIVER -DSTM32L476xx -c -I../Core/Inc -I../Drivers/STM32L4xx_HAL_Driver/Inc -I../Drivers/STM32L4xx_HAL_Driver/Inc/Legacy -I../Drivers/CMSIS/Device/ST/STM32L4xx/Include -I../Drivers/CMSIS/Include -I"C:/Users/thebu/STM32CubeIDE/workspace_RTOS/A7_spirit1_library/Drivers/Drivers/BSP/Components/spirit1/SPIRIT1_Library/Inc" -I"C:/Users/thebu/STM32CubeIDE/workspace_RTOS/A7_spirit1_library/Drivers/Drivers/BSP/Components/spirit1" -I../Middlewares/Third_Party/FreeRTOS/Source/include -I../Middlewares/Third_Party/FreeRTOS/Source/CMSIS_RTOS_V2 -I../Middlewares/Third_Party/FreeRTOS/Source/portable/GCC/ARM_CM4F -O0 -ffunction-sections -fdata-sections -Wall -fstack-usage -fcyclomatic-complexity -MMD -MP -MF"Core/Src/main.d" -MT"Core/Src/main.o" --specs=nano.specs -mfpu=fpv4-sp-d16 -mfloat-abi=hard -mthumb -o "Core/Src/main.o"
../Core/Src/main.c: In function 'recieve':
../Core/Src/main.c:140:36: warning: passing argument 1 of 'SPSGRF_GetRxData' from incompatible pointer type [-Wincompatible-pointer-types]
  140 |           rxLen = SPSGRF_GetRxData(&payload);
      |                                    ^~~~~~~~
      |                                    |
      |                                    char (*)[15]
In file included from ../Core/Src/main.c:29:
../Core/Inc/spsgrf.h:68:35: note: expected 'uint8_t *' {aka 'unsigned char *'} but argument is of type 'char (*)[15]'
   68 | uint8_t SPSGRF_GetRxData(uint8_t *rxBuff);
      |                          ~~~~~~~~~^~~~~~
../Core/Src/main.c:145:38: warning: pointer targets in passing argument 2 of 'HAL_UART_Transmit' differ in signedness [-Wpointer-sign]
  145 |           HAL_UART_Transmit(&huart2, "Received: ", 10, HAL_MAX_DELAY);
      |                                      ^~~~~~~~~~~~
      |                                      |
      |                                      char *
In file included from ../Core/Inc/stm32l4xx_hal_conf.h:450,
                 from ../Drivers/STM32L4xx_HAL_Driver/Inc/stm32l4xx_hal.h:29,
                 from ../Core/Inc/main.h:30,
                 from ../Core/Src/main.c:20:
../Drivers/STM32L4xx_HAL_Driver/Inc/stm32l4xx_hal_uart.h:1697:79: note: expected 'const uint8_t *' {aka 'const unsigned char *'} but argument is of type 'char *'
 1697 | HAL_StatusTypeDef HAL_UART_Transmit(UART_HandleTypeDef *huart, const uint8_t *pData, uint16_t Size, uint32_t Timeout);
      |                                                                ~~~~~~~~~~~~~~~^~~~~
../Core/Src/main.c:146:38: warning: pointer targets in passing argument 2 of 'HAL_UART_Transmit' differ in signedness [-Wpointer-sign]
  146 |           HAL_UART_Transmit(&huart2, payload, rxLen, HAL_MAX_DELAY);
      |                                      ^~~~~~~
      |                                      |
      |                                      char *
In file included from ../Core/Inc/stm32l4xx_hal_conf.h:450,
                 from ../Drivers/STM32L4xx_HAL_Driver/Inc/stm32l4xx_hal.h:29,
                 from ../Core/Inc/main.h:30,
                 from ../Core/Src/main.c:20:
../Drivers/STM32L4xx_HAL_Driver/Inc/stm32l4xx_hal_uart.h:1697:79: note: expected 'const uint8_t *' {aka 'const unsigned char *'} but argument is of type 'char *'
 1697 | HAL_StatusTypeDef HAL_UART_Transmit(UART_HandleTypeDef *huart, const uint8_t *pData, uint16_t Size, uint32_t Timeout);
      |                                                                ~~~~~~~~~~~~~~~^~~~~
../Core/Src/main.c:137:19: warning: variable 'sadd' set but not used [-Wunused-but-set-variable]
  137 |           uint8_t sadd;
      |                   ^~~~
../Core/Src/main.c:125:16: warning: unused variable 'clear' [-Wunused-variable]
  125 |           char clear[] = "\x1B[2J\x1B[0m"; // clear
      |                ^~~~~
../Core/Src/main.c: In function 'transmit':
../Core/Src/main.c:157:20: warning: pointer targets in passing argument 1 of 'SPSGRF_StartTx' differ in signedness [-Wpointer-sign]
  157 |     SPSGRF_StartTx(payload, strlen(payload));
      |                    ^~~~~~~
      |                    |
      |                    char *
In file included from ../Core/Src/main.c:29:
../Core/Inc/spsgrf.h:66:30: note: expected 'uint8_t *' {aka 'unsigned char *'} but argument is of type 'char *'
   66 | void SPSGRF_StartTx(uint8_t *txBuff, uint8_t txLen);
      |                     ~~~~~~~~~^~~~~~
../Core/Src/main.c:160:32: warning: pointer targets in passing argument 2 of 'HAL_UART_Transmit' differ in signedness [-Wpointer-sign]
  160 |     HAL_UART_Transmit(&huart2, "Payload Sent\r\n", 14, HAL_MAX_DELAY);
      |                                ^~~~~~~~~~~~~~~~~~
      |                                |
      |                                char *
In file included from ../Core/Inc/stm32l4xx_hal_conf.h:450,
                 from ../Drivers/STM32L4xx_HAL_Driver/Inc/stm32l4xx_hal.h:29,
                 from ../Core/Inc/main.h:30,
                 from ../Core/Src/main.c:20:
../Drivers/STM32L4xx_HAL_Driver/Inc/stm32l4xx_hal_uart.h:1697:79: note: expected 'const uint8_t *' {aka 'const unsigned char *'} but argument is of type 'char *'
 1697 | HAL_StatusTypeDef HAL_UART_Transmit(UART_HandleTypeDef *huart, const uint8_t *pData, uint16_t Size, uint32_t Timeout);
      |                                                                ~~~~~~~~~~~~~~~^~~~~
../Core/Src/main.c:153:14: warning: unused variable 'clear' [-Wunused-variable]
  153 |         char clear[] = "\x1B[2J\x1B[0m"; // clear
      |              ^~~~~
../Core/Src/main.c:152:17: warning: unused variable 'rxLen' [-Wunused-variable]
  152 |         uint8_t rxLen;
      |                 ^~~~~
arm-none-eabi-gcc -o "A7_spirit1_library.elf" @"objects.list"   -mcpu=cortex-m4 -T"C:\Users\thebu\STM32CubeIDE\workspace_RTOS\A7_spirit1_library\STM32L476RGTX_FLASH.ld" --specs=nosys.specs -Wl,-Map="A7_spirit1_library.map" -Wl,--gc-sections -static --specs=nano.specs -mfpu=fpv4-sp-d16 -mfloat-abi=hard -mthumb -Wl,--start-group -lc -lm -Wl,--end-group
Finished building target: A7_spirit1_library.elf
 
arm-none-eabi-size  A7_spirit1_library.elf 
arm-none-eabi-objdump -h -S A7_spirit1_library.elf  > "A7_spirit1_library.list"
   text	   data	    bss	    dec	    hex	filename
  43348	    112	   8808	  52268	   cc2c	A7_spirit1_library.elf
Finished building: default.size.stdout
 
Finished building: A7_spirit1_library.list
 
08:42:19 **** Incremental Build of configuration Debug for project A7_spirit1_library ****
make -j8 all 
arm-none-eabi-gcc "../Core/Src/main.c" -mcpu=cortex-m4 -std=gnu11 -g3 -DDEBUG -DUSE_HAL_DRIVER -DSTM32L476xx -c -I../Core/Inc -I../Drivers/STM32L4xx_HAL_Driver/Inc -I../Drivers/STM32L4xx_HAL_Driver/Inc/Legacy -I../Drivers/CMSIS/Device/ST/STM32L4xx/Include -I../Drivers/CMSIS/Include -I"C:/Users/thebu/STM32CubeIDE/workspace_RTOS/A7_spirit1_library/Drivers/Drivers/BSP/Components/spirit1/SPIRIT1_Library/Inc" -I"C:/Users/thebu/STM32CubeIDE/workspace_RTOS/A7_spirit1_library/Drivers/Drivers/BSP/Components/spirit1" -I../Middlewares/Third_Party/FreeRTOS/Source/include -I../Middlewares/Third_Party/FreeRTOS/Source/CMSIS_RTOS_V2 -I../Middlewares/Third_Party/FreeRTOS/Source/portable/GCC/ARM_CM4F -O0 -ffunction-sections -fdata-sections -Wall -fstack-usage -fcyclomatic-complexity -MMD -MP -MF"Core/Src/main.d" -MT"Core/Src/main.o" --specs=nano.specs -mfpu=fpv4-sp-d16 -mfloat-abi=hard -mthumb -o "Core/Src/main.o"
../Core/Src/main.c: In function 'recieve':
../Core/Src/main.c:140:36: warning: passing argument 1 of 'SPSGRF_GetRxData' from incompatible pointer type [-Wincompatible-pointer-types]
  140 |           rxLen = SPSGRF_GetRxData(&payload);
      |                                    ^~~~~~~~
      |                                    |
      |                                    char (*)[15]
In file included from ../Core/Src/main.c:29:
../Core/Inc/spsgrf.h:68:35: note: expected 'uint8_t *' {aka 'unsigned char *'} but argument is of type 'char (*)[15]'
   68 | uint8_t SPSGRF_GetRxData(uint8_t *rxBuff);
      |                          ~~~~~~~~~^~~~~~
../Core/Src/main.c:145:38: warning: pointer targets in passing argument 2 of 'HAL_UART_Transmit' differ in signedness [-Wpointer-sign]
  145 |           HAL_UART_Transmit(&huart2, "Received: ", 10, HAL_MAX_DELAY);
      |                                      ^~~~~~~~~~~~
      |                                      |
      |                                      char *
In file included from ../Core/Inc/stm32l4xx_hal_conf.h:450,
                 from ../Drivers/STM32L4xx_HAL_Driver/Inc/stm32l4xx_hal.h:29,
                 from ../Core/Inc/main.h:30,
                 from ../Core/Src/main.c:20:
../Drivers/STM32L4xx_HAL_Driver/Inc/stm32l4xx_hal_uart.h:1697:79: note: expected 'const uint8_t *' {aka 'const unsigned char *'} but argument is of type 'char *'
 1697 | HAL_StatusTypeDef HAL_UART_Transmit(UART_HandleTypeDef *huart, const uint8_t *pData, uint16_t Size, uint32_t Timeout);
      |                                                                ~~~~~~~~~~~~~~~^~~~~
../Core/Src/main.c:146:38: warning: pointer targets in passing argument 2 of 'HAL_UART_Transmit' differ in signedness [-Wpointer-sign]
  146 |           HAL_UART_Transmit(&huart2, payload, rxLen, HAL_MAX_DELAY);
      |                                      ^~~~~~~
      |                                      |
      |                                      char *
In file included from ../Core/Inc/stm32l4xx_hal_conf.h:450,
                 from ../Drivers/STM32L4xx_HAL_Driver/Inc/stm32l4xx_hal.h:29,
                 from ../Core/Inc/main.h:30,
                 from ../Core/Src/main.c:20:
../Drivers/STM32L4xx_HAL_Driver/Inc/stm32l4xx_hal_uart.h:1697:79: note: expected 'const uint8_t *' {aka 'const unsigned char *'} but argument is of type 'char *'
 1697 | HAL_StatusTypeDef HAL_UART_Transmit(UART_HandleTypeDef *huart, const uint8_t *pData, uint16_t Size, uint32_t Timeout);
      |                                                                ~~~~~~~~~~~~~~~^~~~~
../Core/Src/main.c:137:19: warning: variable 'sadd' set but not used [-Wunused-but-set-variable]
  137 |           uint8_t sadd;
      |                   ^~~~
../Core/Src/main.c:125:16: warning: unused variable 'clear' [-Wunused-variable]
  125 |           char clear[] = "\x1B[2J\x1B[0m"; // clear
      |                ^~~~~
../Core/Src/main.c: In function 'transmit':
../Core/Src/main.c:157:20: warning: pointer targets in passing argument 1 of 'SPSGRF_StartTx' differ in signedness [-Wpointer-sign]
  157 |     SPSGRF_StartTx(payload, strlen(payload));
      |                    ^~~~~~~
      |                    |
      |                    char *
In file included from ../Core/Src/main.c:29:
../Core/Inc/spsgrf.h:66:30: note: expected 'uint8_t *' {aka 'unsigned char *'} but argument is of type 'char *'
   66 | void SPSGRF_StartTx(uint8_t *txBuff, uint8_t txLen);
      |                     ~~~~~~~~~^~~~~~
../Core/Src/main.c:160:32: warning: pointer targets in passing argument 2 of 'HAL_UART_Transmit' differ in signedness [-Wpointer-sign]
  160 |     HAL_UART_Transmit(&huart2, "Payload Sent\r\n", 14, HAL_MAX_DELAY);
      |                                ^~~~~~~~~~~~~~~~~~
      |                                |
      |                                char *
In file included from ../Core/Inc/stm32l4xx_hal_conf.h:450,
                 from ../Drivers/STM32L4xx_HAL_Driver/Inc/stm32l4xx_hal.h:29,
                 from ../Core/Inc/main.h:30,
                 from ../Core/Src/main.c:20:
../Drivers/STM32L4xx_HAL_Driver/Inc/stm32l4xx_hal_uart.h:1697:79: note: expected 'const uint8_t *' {aka 'const unsigned char *'} but argument is of type 'char *'
 1697 | HAL_StatusTypeDef HAL_UART_Transmit(UART_HandleTypeDef *huart, const uint8_t *pData, uint16_t Size, uint32_t Timeout);
      |                                                                ~~~~~~~~~~~~~~~^~~~~
../Core/Src/main.c:153:14: warning: unused variable 'clear' [-Wunused-variable]
  153 |         char clear[] = "\x1B[2J\x1B[0m"; // clear
      |              ^~~~~
../Core/Src/main.c:152:17: warning: unused variable 'rxLen' [-Wunused-variable]
  152 |         uint8_t rxLen;
      |                 ^~~~~
arm-none-eabi-gcc -o "A7_spirit1_library.elf" @"objects.list"   -mcpu=cortex-m4 -T"C:\Users\thebu\STM32CubeIDE\workspace_RTOS\A7_spirit1_library\STM32L476RGTX_FLASH.ld" --specs=nosys.specs -Wl,-Map="A7_spirit1_library.map" -Wl,--gc-sections -static --specs=nano.specs -mfpu=fpv4-sp-d16 -mfloat-abi=hard -mthumb -Wl,--start-group -lc -lm -Wl,--end-group
Finished building target: A7_spirit1_library.elf
 
arm-none-eabi-size  A7_spirit1_library.elf 
arm-none-eabi-objdump -h -S A7_spirit1_library.elf  > "A7_spirit1_library.list"
   text	   data	    bss	    dec	    hex	filename
  43372	    112	   8808	  52292	   cc44	A7_spirit1_library.elf
Finished building: default.size.stdout
 
Finished building: A7_spirit1_library.list
 
08:44:26 **** Incremental Build of configuration Debug for project A7_spirit1_library ****
make -j8 all 
arm-none-eabi-gcc "../Core/Src/main.c" -mcpu=cortex-m4 -std=gnu11 -g3 -DDEBUG -DUSE_HAL_DRIVER -DSTM32L476xx -c -I../Core/Inc -I../Drivers/STM32L4xx_HAL_Driver/Inc -I../Drivers/STM32L4xx_HAL_Driver/Inc/Legacy -I../Drivers/CMSIS/Device/ST/STM32L4xx/Include -I../Drivers/CMSIS/Include -I"C:/Users/thebu/STM32CubeIDE/workspace_RTOS/A7_spirit1_library/Drivers/Drivers/BSP/Components/spirit1/SPIRIT1_Library/Inc" -I"C:/Users/thebu/STM32CubeIDE/workspace_RTOS/A7_spirit1_library/Drivers/Drivers/BSP/Components/spirit1" -I../Middlewares/Third_Party/FreeRTOS/Source/include -I../Middlewares/Third_Party/FreeRTOS/Source/CMSIS_RTOS_V2 -I../Middlewares/Third_Party/FreeRTOS/Source/portable/GCC/ARM_CM4F -O0 -ffunction-sections -fdata-sections -Wall -fstack-usage -fcyclomatic-complexity -MMD -MP -MF"Core/Src/main.d" -MT"Core/Src/main.o" --specs=nano.specs -mfpu=fpv4-sp-d16 -mfloat-abi=hard -mthumb -o "Core/Src/main.o"
../Core/Src/main.c: In function 'recieve':
../Core/Src/main.c:140:36: warning: passing argument 1 of 'SPSGRF_GetRxData' from incompatible pointer type [-Wincompatible-pointer-types]
  140 |           rxLen = SPSGRF_GetRxData(&payload);
      |                                    ^~~~~~~~
      |                                    |
      |                                    char (*)[15]
In file included from ../Core/Src/main.c:29:
../Core/Inc/spsgrf.h:68:35: note: expected 'uint8_t *' {aka 'unsigned char *'} but argument is of type 'char (*)[15]'
   68 | uint8_t SPSGRF_GetRxData(uint8_t *rxBuff);
      |                          ~~~~~~~~~^~~~~~
../Core/Src/main.c:145:38: warning: pointer targets in passing argument 2 of 'HAL_UART_Transmit' differ in signedness [-Wpointer-sign]
  145 |           HAL_UART_Transmit(&huart2, "Received: ", 10, HAL_MAX_DELAY);
      |                                      ^~~~~~~~~~~~
      |                                      |
      |                                      char *
In file included from ../Core/Inc/stm32l4xx_hal_conf.h:450,
                 from ../Drivers/STM32L4xx_HAL_Driver/Inc/stm32l4xx_hal.h:29,
                 from ../Core/Inc/main.h:30,
                 from ../Core/Src/main.c:20:
../Drivers/STM32L4xx_HAL_Driver/Inc/stm32l4xx_hal_uart.h:1697:79: note: expected 'const uint8_t *' {aka 'const unsigned char *'} but argument is of type 'char *'
 1697 | HAL_StatusTypeDef HAL_UART_Transmit(UART_HandleTypeDef *huart, const uint8_t *pData, uint16_t Size, uint32_t Timeout);
      |                                                                ~~~~~~~~~~~~~~~^~~~~
../Core/Src/main.c:146:38: warning: pointer targets in passing argument 2 of 'HAL_UART_Transmit' differ in signedness [-Wpointer-sign]
  146 |           HAL_UART_Transmit(&huart2, payload, rxLen, HAL_MAX_DELAY);
      |                                      ^~~~~~~
      |                                      |
      |                                      char *
In file included from ../Core/Inc/stm32l4xx_hal_conf.h:450,
                 from ../Drivers/STM32L4xx_HAL_Driver/Inc/stm32l4xx_hal.h:29,
                 from ../Core/Inc/main.h:30,
                 from ../Core/Src/main.c:20:
../Drivers/STM32L4xx_HAL_Driver/Inc/stm32l4xx_hal_uart.h:1697:79: note: expected 'const uint8_t *' {aka 'const unsigned char *'} but argument is of type 'char *'
 1697 | HAL_StatusTypeDef HAL_UART_Transmit(UART_HandleTypeDef *huart, const uint8_t *pData, uint16_t Size, uint32_t Timeout);
      |                                                                ~~~~~~~~~~~~~~~^~~~~
../Core/Src/main.c:137:19: warning: variable 'sadd' set but not used [-Wunused-but-set-variable]
  137 |           uint8_t sadd;
      |                   ^~~~
../Core/Src/main.c:125:16: warning: unused variable 'clear' [-Wunused-variable]
  125 |           char clear[] = "\x1B[2J\x1B[0m"; // clear
      |                ^~~~~
../Core/Src/main.c: In function 'transmit':
../Core/Src/main.c:157:20: warning: pointer targets in passing argument 1 of 'SPSGRF_StartTx' differ in signedness [-Wpointer-sign]
  157 |     SPSGRF_StartTx(payload, strlen(payload));
      |                    ^~~~~~~
      |                    |
      |                    char *
In file included from ../Core/Src/main.c:29:
../Core/Inc/spsgrf.h:66:30: note: expected 'uint8_t *' {aka 'unsigned char *'} but argument is of type 'char *'
   66 | void SPSGRF_StartTx(uint8_t *txBuff, uint8_t txLen);
      |                     ~~~~~~~~~^~~~~~
../Core/Src/main.c:160:32: warning: pointer targets in passing argument 2 of 'HAL_UART_Transmit' differ in signedness [-Wpointer-sign]
  160 |     HAL_UART_Transmit(&huart2, "Payload Sent\r\n", 14, HAL_MAX_DELAY);
      |                                ^~~~~~~~~~~~~~~~~~
      |                                |
      |                                char *
In file included from ../Core/Inc/stm32l4xx_hal_conf.h:450,
                 from ../Drivers/STM32L4xx_HAL_Driver/Inc/stm32l4xx_hal.h:29,
                 from ../Core/Inc/main.h:30,
                 from ../Core/Src/main.c:20:
../Drivers/STM32L4xx_HAL_Driver/Inc/stm32l4xx_hal_uart.h:1697:79: note: expected 'const uint8_t *' {aka 'const unsigned char *'} but argument is of type 'char *'
 1697 | HAL_StatusTypeDef HAL_UART_Transmit(UART_HandleTypeDef *huart, const uint8_t *pData, uint16_t Size, uint32_t Timeout);
      |                                                                ~~~~~~~~~~~~~~~^~~~~
../Core/Src/main.c:153:14: warning: unused variable 'clear' [-Wunused-variable]
  153 |         char clear[] = "\x1B[2J\x1B[0m"; // clear
      |              ^~~~~
../Core/Src/main.c:152:17: warning: unused variable 'rxLen' [-Wunused-variable]
  152 |         uint8_t rxLen;
      |                 ^~~~~
arm-none-eabi-gcc -o "A7_spirit1_library.elf" @"objects.list"   -mcpu=cortex-m4 -T"C:\Users\thebu\STM32CubeIDE\workspace_RTOS\A7_spirit1_library\STM32L476RGTX_FLASH.ld" --specs=nosys.specs -Wl,-Map="A7_spirit1_library.map" -Wl,--gc-sections -static --specs=nano.specs -mfpu=fpv4-sp-d16 -mfloat-abi=hard -mthumb -Wl,--start-group -lc -lm -Wl,--end-group
Finished building target: A7_spirit1_library.elf
 
arm-none-eabi-size  A7_spirit1_library.elf 
arm-none-eabi-objdump -h -S A7_spirit1_library.elf  > "A7_spirit1_library.list"
   text	   data	    bss	    dec	    hex	filename
  42300	    112	   8800	  51212	   c80c	A7_spirit1_library.elf
Finished building: default.size.stdout
 
Finished building: A7_spirit1_library.list
 
08:48:05 **** Incremental Build of configuration Debug for project A7_spirit1_library ****
make -j8 all 
arm-none-eabi-gcc "../Core/Src/main.c" -mcpu=cortex-m4 -std=gnu11 -g3 -DDEBUG -DUSE_HAL_DRIVER -DSTM32L476xx -c -I../Core/Inc -I../Drivers/STM32L4xx_HAL_Driver/Inc -I../Drivers/STM32L4xx_HAL_Driver/Inc/Legacy -I../Drivers/CMSIS/Device/ST/STM32L4xx/Include -I../Drivers/CMSIS/Include -I"C:/Users/thebu/STM32CubeIDE/workspace_RTOS/A7_spirit1_library/Drivers/Drivers/BSP/Components/spirit1/SPIRIT1_Library/Inc" -I"C:/Users/thebu/STM32CubeIDE/workspace_RTOS/A7_spirit1_library/Drivers/Drivers/BSP/Components/spirit1" -I../Middlewares/Third_Party/FreeRTOS/Source/include -I../Middlewares/Third_Party/FreeRTOS/Source/CMSIS_RTOS_V2 -I../Middlewares/Third_Party/FreeRTOS/Source/portable/GCC/ARM_CM4F -O0 -ffunction-sections -fdata-sections -Wall -fstack-usage -fcyclomatic-complexity -MMD -MP -MF"Core/Src/main.d" -MT"Core/Src/main.o" --specs=nano.specs -mfpu=fpv4-sp-d16 -mfloat-abi=hard -mthumb -o "Core/Src/main.o"
../Core/Src/main.c: In function 'recieve':
../Core/Src/main.c:140:36: warning: passing argument 1 of 'SPSGRF_GetRxData' from incompatible pointer type [-Wincompatible-pointer-types]
  140 |           rxLen = SPSGRF_GetRxData(&payload);
      |                                    ^~~~~~~~
      |                                    |
      |                                    char (*)[15]
In file included from ../Core/Src/main.c:29:
../Core/Inc/spsgrf.h:68:35: note: expected 'uint8_t *' {aka 'unsigned char *'} but argument is of type 'char (*)[15]'
   68 | uint8_t SPSGRF_GetRxData(uint8_t *rxBuff);
      |                          ~~~~~~~~~^~~~~~
../Core/Src/main.c:145:38: warning: pointer targets in passing argument 2 of 'HAL_UART_Transmit' differ in signedness [-Wpointer-sign]
  145 |           HAL_UART_Transmit(&huart2, "Received: ", 10, HAL_MAX_DELAY);
      |                                      ^~~~~~~~~~~~
      |                                      |
      |                                      char *
In file included from ../Core/Inc/stm32l4xx_hal_conf.h:450,
                 from ../Drivers/STM32L4xx_HAL_Driver/Inc/stm32l4xx_hal.h:29,
                 from ../Core/Inc/main.h:30,
                 from ../Core/Src/main.c:20:
../Drivers/STM32L4xx_HAL_Driver/Inc/stm32l4xx_hal_uart.h:1697:79: note: expected 'const uint8_t *' {aka 'const unsigned char *'} but argument is of type 'char *'
 1697 | HAL_StatusTypeDef HAL_UART_Transmit(UART_HandleTypeDef *huart, const uint8_t *pData, uint16_t Size, uint32_t Timeout);
      |                                                                ~~~~~~~~~~~~~~~^~~~~
../Core/Src/main.c:146:38: warning: pointer targets in passing argument 2 of 'HAL_UART_Transmit' differ in signedness [-Wpointer-sign]
  146 |           HAL_UART_Transmit(&huart2, payload, rxLen, HAL_MAX_DELAY);
      |                                      ^~~~~~~
      |                                      |
      |                                      char *
In file included from ../Core/Inc/stm32l4xx_hal_conf.h:450,
                 from ../Drivers/STM32L4xx_HAL_Driver/Inc/stm32l4xx_hal.h:29,
                 from ../Core/Inc/main.h:30,
                 from ../Core/Src/main.c:20:
../Drivers/STM32L4xx_HAL_Driver/Inc/stm32l4xx_hal_uart.h:1697:79: note: expected 'const uint8_t *' {aka 'const unsigned char *'} but argument is of type 'char *'
 1697 | HAL_StatusTypeDef HAL_UART_Transmit(UART_HandleTypeDef *huart, const uint8_t *pData, uint16_t Size, uint32_t Timeout);
      |                                                                ~~~~~~~~~~~~~~~^~~~~
../Core/Src/main.c:137:19: warning: variable 'sadd' set but not used [-Wunused-but-set-variable]
  137 |           uint8_t sadd;
      |                   ^~~~
../Core/Src/main.c:125:16: warning: unused variable 'clear' [-Wunused-variable]
  125 |           char clear[] = "\x1B[2J\x1B[0m"; // clear
      |                ^~~~~
../Core/Src/main.c: In function 'transmit':
../Core/Src/main.c:157:20: warning: pointer targets in passing argument 1 of 'SPSGRF_StartTx' differ in signedness [-Wpointer-sign]
  157 |     SPSGRF_StartTx(payload, strlen(payload));
      |                    ^~~~~~~
      |                    |
      |                    char *
In file included from ../Core/Src/main.c:29:
../Core/Inc/spsgrf.h:66:30: note: expected 'uint8_t *' {aka 'unsigned char *'} but argument is of type 'char *'
   66 | void SPSGRF_StartTx(uint8_t *txBuff, uint8_t txLen);
      |                     ~~~~~~~~~^~~~~~
../Core/Src/main.c:160:32: warning: pointer targets in passing argument 2 of 'HAL_UART_Transmit' differ in signedness [-Wpointer-sign]
  160 |     HAL_UART_Transmit(&huart2, "Payload Sent\r\n", 14, HAL_MAX_DELAY);
      |                                ^~~~~~~~~~~~~~~~~~
      |                                |
      |                                char *
In file included from ../Core/Inc/stm32l4xx_hal_conf.h:450,
                 from ../Drivers/STM32L4xx_HAL_Driver/Inc/stm32l4xx_hal.h:29,
                 from ../Core/Inc/main.h:30,
                 from ../Core/Src/main.c:20:
../Drivers/STM32L4xx_HAL_Driver/Inc/stm32l4xx_hal_uart.h:1697:79: note: expected 'const uint8_t *' {aka 'const unsigned char *'} but argument is of type 'char *'
 1697 | HAL_StatusTypeDef HAL_UART_Transmit(UART_HandleTypeDef *huart, const uint8_t *pData, uint16_t Size, uint32_t Timeout);
      |                                                                ~~~~~~~~~~~~~~~^~~~~
../Core/Src/main.c:153:14: warning: unused variable 'clear' [-Wunused-variable]
  153 |         char clear[] = "\x1B[2J\x1B[0m"; // clear
      |              ^~~~~
../Core/Src/main.c:152:17: warning: unused variable 'rxLen' [-Wunused-variable]
  152 |         uint8_t rxLen;
      |                 ^~~~~
../Core/Src/main.c: In function 'main':
../Core/Src/main.c:201:3: warning: implicit declaration of function 'RTOS_IST_setPriority'; did you mean 'RTOS_ISR_setPriority'? [-Wimplicit-function-declaration]
  201 |   RTOS_IST_setPriority(EXTI9_5_IRQn);
      |   ^~~~~~~~~~~~~~~~~~~~
      |   RTOS_ISR_setPriority
arm-none-eabi-gcc -o "A7_spirit1_library.elf" @"objects.list"   -mcpu=cortex-m4 -T"C:\Users\thebu\STM32CubeIDE\workspace_RTOS\A7_spirit1_library\STM32L476RGTX_FLASH.ld" --specs=nosys.specs -Wl,-Map="A7_spirit1_library.map" -Wl,--gc-sections -static --specs=nano.specs -mfpu=fpv4-sp-d16 -mfloat-abi=hard -mthumb -Wl,--start-group -lc -lm -Wl,--end-group
C:/ST/STM32CubeIDE_1.14.0/STM32CubeIDE/plugins/com.st.stm32cube.ide.mcu.externaltools.gnu-tools-for-stm32.11.3.rel1.win32_1.1.100.202309141235/tools/bin/../lib/gcc/arm-none-eabi/11.3.1/../../../../arm-none-eabi/bin/ld.exe: ./Core/Src/main.o: in function `main':
C:/Users/thebu/STM32CubeIDE/workspace_RTOS/A7_spirit1_library/Debug/../Core/Src/main.c:201: undefined reference to `RTOS_IST_setPriority'
collect2.exe: error: ld returned 1 exit status
make: *** [makefile:70: A7_spirit1_library.elf] Error 1
"make -j8 all" terminated with exit code 2. Build might be incomplete.
08:48:22 **** Incremental Build of configuration Debug for project A7_spirit1_library ****
make -j8 all 
arm-none-eabi-gcc "../Core/Src/main.c" -mcpu=cortex-m4 -std=gnu11 -g3 -DDEBUG -DUSE_HAL_DRIVER -DSTM32L476xx -c -I../Core/Inc -I../Drivers/STM32L4xx_HAL_Driver/Inc -I../Drivers/STM32L4xx_HAL_Driver/Inc/Legacy -I../Drivers/CMSIS/Device/ST/STM32L4xx/Include -I../Drivers/CMSIS/Include -I"C:/Users/thebu/STM32CubeIDE/workspace_RTOS/A7_spirit1_library/Drivers/Drivers/BSP/Components/spirit1/SPIRIT1_Library/Inc" -I"C:/Users/thebu/STM32CubeIDE/workspace_RTOS/A7_spirit1_library/Drivers/Drivers/BSP/Components/spirit1" -I../Middlewares/Third_Party/FreeRTOS/Source/include -I../Middlewares/Third_Party/FreeRTOS/Source/CMSIS_RTOS_V2 -I../Middlewares/Third_Party/FreeRTOS/Source/portable/GCC/ARM_CM4F -O0 -ffunction-sections -fdata-sections -Wall -fstack-usage -fcyclomatic-complexity -MMD -MP -MF"Core/Src/main.d" -MT"Core/Src/main.o" --specs=nano.specs -mfpu=fpv4-sp-d16 -mfloat-abi=hard -mthumb -o "Core/Src/main.o"
../Core/Src/main.c: In function 'recieve':
../Core/Src/main.c:140:36: warning: passing argument 1 of 'SPSGRF_GetRxData' from incompatible pointer type [-Wincompatible-pointer-types]
  140 |           rxLen = SPSGRF_GetRxData(&payload);
      |                                    ^~~~~~~~
      |                                    |
      |                                    char (*)[15]
In file included from ../Core/Src/main.c:29:
../Core/Inc/spsgrf.h:68:35: note: expected 'uint8_t *' {aka 'unsigned char *'} but argument is of type 'char (*)[15]'
   68 | uint8_t SPSGRF_GetRxData(uint8_t *rxBuff);
      |                          ~~~~~~~~~^~~~~~
../Core/Src/main.c:145:38: warning: pointer targets in passing argument 2 of 'HAL_UART_Transmit' differ in signedness [-Wpointer-sign]
  145 |           HAL_UART_Transmit(&huart2, "Received: ", 10, HAL_MAX_DELAY);
      |                                      ^~~~~~~~~~~~
      |                                      |
      |                                      char *
In file included from ../Core/Inc/stm32l4xx_hal_conf.h:450,
                 from ../Drivers/STM32L4xx_HAL_Driver/Inc/stm32l4xx_hal.h:29,
                 from ../Core/Inc/main.h:30,
                 from ../Core/Src/main.c:20:
../Drivers/STM32L4xx_HAL_Driver/Inc/stm32l4xx_hal_uart.h:1697:79: note: expected 'const uint8_t *' {aka 'const unsigned char *'} but argument is of type 'char *'
 1697 | HAL_StatusTypeDef HAL_UART_Transmit(UART_HandleTypeDef *huart, const uint8_t *pData, uint16_t Size, uint32_t Timeout);
      |                                                                ~~~~~~~~~~~~~~~^~~~~
../Core/Src/main.c:146:38: warning: pointer targets in passing argument 2 of 'HAL_UART_Transmit' differ in signedness [-Wpointer-sign]
  146 |           HAL_UART_Transmit(&huart2, payload, rxLen, HAL_MAX_DELAY);
      |                                      ^~~~~~~
      |                                      |
      |                                      char *
In file included from ../Core/Inc/stm32l4xx_hal_conf.h:450,
                 from ../Drivers/STM32L4xx_HAL_Driver/Inc/stm32l4xx_hal.h:29,
                 from ../Core/Inc/main.h:30,
                 from ../Core/Src/main.c:20:
../Drivers/STM32L4xx_HAL_Driver/Inc/stm32l4xx_hal_uart.h:1697:79: note: expected 'const uint8_t *' {aka 'const unsigned char *'} but argument is of type 'char *'
 1697 | HAL_StatusTypeDef HAL_UART_Transmit(UART_HandleTypeDef *huart, const uint8_t *pData, uint16_t Size, uint32_t Timeout);
      |                                                                ~~~~~~~~~~~~~~~^~~~~
../Core/Src/main.c:137:19: warning: variable 'sadd' set but not used [-Wunused-but-set-variable]
  137 |           uint8_t sadd;
      |                   ^~~~
../Core/Src/main.c:125:16: warning: unused variable 'clear' [-Wunused-variable]
  125 |           char clear[] = "\x1B[2J\x1B[0m"; // clear
      |                ^~~~~
../Core/Src/main.c: In function 'transmit':
../Core/Src/main.c:157:20: warning: pointer targets in passing argument 1 of 'SPSGRF_StartTx' differ in signedness [-Wpointer-sign]
  157 |     SPSGRF_StartTx(payload, strlen(payload));
      |                    ^~~~~~~
      |                    |
      |                    char *
In file included from ../Core/Src/main.c:29:
../Core/Inc/spsgrf.h:66:30: note: expected 'uint8_t *' {aka 'unsigned char *'} but argument is of type 'char *'
   66 | void SPSGRF_StartTx(uint8_t *txBuff, uint8_t txLen);
      |                     ~~~~~~~~~^~~~~~
../Core/Src/main.c:160:32: warning: pointer targets in passing argument 2 of 'HAL_UART_Transmit' differ in signedness [-Wpointer-sign]
  160 |     HAL_UART_Transmit(&huart2, "Payload Sent\r\n", 14, HAL_MAX_DELAY);
      |                                ^~~~~~~~~~~~~~~~~~
      |                                |
      |                                char *
In file included from ../Core/Inc/stm32l4xx_hal_conf.h:450,
                 from ../Drivers/STM32L4xx_HAL_Driver/Inc/stm32l4xx_hal.h:29,
                 from ../Core/Inc/main.h:30,
                 from ../Core/Src/main.c:20:
../Drivers/STM32L4xx_HAL_Driver/Inc/stm32l4xx_hal_uart.h:1697:79: note: expected 'const uint8_t *' {aka 'const unsigned char *'} but argument is of type 'char *'
 1697 | HAL_StatusTypeDef HAL_UART_Transmit(UART_HandleTypeDef *huart, const uint8_t *pData, uint16_t Size, uint32_t Timeout);
      |                                                                ~~~~~~~~~~~~~~~^~~~~
../Core/Src/main.c:153:14: warning: unused variable 'clear' [-Wunused-variable]
  153 |         char clear[] = "\x1B[2J\x1B[0m"; // clear
      |              ^~~~~
../Core/Src/main.c:152:17: warning: unused variable 'rxLen' [-Wunused-variable]
  152 |         uint8_t rxLen;
      |                 ^~~~~
arm-none-eabi-gcc -o "A7_spirit1_library.elf" @"objects.list"   -mcpu=cortex-m4 -T"C:\Users\thebu\STM32CubeIDE\workspace_RTOS\A7_spirit1_library\STM32L476RGTX_FLASH.ld" --specs=nosys.specs -Wl,-Map="A7_spirit1_library.map" -Wl,--gc-sections -static --specs=nano.specs -mfpu=fpv4-sp-d16 -mfloat-abi=hard -mthumb -Wl,--start-group -lc -lm -Wl,--end-group
Finished building target: A7_spirit1_library.elf
 
arm-none-eabi-size  A7_spirit1_library.elf 
arm-none-eabi-objdump -h -S A7_spirit1_library.elf  > "A7_spirit1_library.list"
   text	   data	    bss	    dec	    hex	filename
  42540	    112	   8800	  51452	   c8fc	A7_spirit1_library.elf
Finished building: default.size.stdout
 
Finished building: A7_spirit1_library.list
 
08:49:22 **** Incremental Build of configuration Debug for project A7_spirit1_library ****
make -j8 all 
arm-none-eabi-gcc "../Core/Src/main.c" -mcpu=cortex-m4 -std=gnu11 -g3 -DDEBUG -DUSE_HAL_DRIVER -DSTM32L476xx -c -I../Core/Inc -I../Drivers/STM32L4xx_HAL_Driver/Inc -I../Drivers/STM32L4xx_HAL_Driver/Inc/Legacy -I../Drivers/CMSIS/Device/ST/STM32L4xx/Include -I../Drivers/CMSIS/Include -I"C:/Users/thebu/STM32CubeIDE/workspace_RTOS/A7_spirit1_library/Drivers/Drivers/BSP/Components/spirit1/SPIRIT1_Library/Inc" -I"C:/Users/thebu/STM32CubeIDE/workspace_RTOS/A7_spirit1_library/Drivers/Drivers/BSP/Components/spirit1" -I../Middlewares/Third_Party/FreeRTOS/Source/include -I../Middlewares/Third_Party/FreeRTOS/Source/CMSIS_RTOS_V2 -I../Middlewares/Third_Party/FreeRTOS/Source/portable/GCC/ARM_CM4F -O0 -ffunction-sections -fdata-sections -Wall -fstack-usage -fcyclomatic-complexity -MMD -MP -MF"Core/Src/main.d" -MT"Core/Src/main.o" --specs=nano.specs -mfpu=fpv4-sp-d16 -mfloat-abi=hard -mthumb -o "Core/Src/main.o"
../Core/Src/main.c: In function 'recieve':
../Core/Src/main.c:140:36: warning: passing argument 1 of 'SPSGRF_GetRxData' from incompatible pointer type [-Wincompatible-pointer-types]
  140 |           rxLen = SPSGRF_GetRxData(&payload);
      |                                    ^~~~~~~~
      |                                    |
      |                                    char (*)[15]
In file included from ../Core/Src/main.c:29:
../Core/Inc/spsgrf.h:68:35: note: expected 'uint8_t *' {aka 'unsigned char *'} but argument is of type 'char (*)[15]'
   68 | uint8_t SPSGRF_GetRxData(uint8_t *rxBuff);
      |                          ~~~~~~~~~^~~~~~
../Core/Src/main.c:145:38: warning: pointer targets in passing argument 2 of 'HAL_UART_Transmit' differ in signedness [-Wpointer-sign]
  145 |           HAL_UART_Transmit(&huart2, "Received: ", 10, HAL_MAX_DELAY);
      |                                      ^~~~~~~~~~~~
      |                                      |
      |                                      char *
In file included from ../Core/Inc/stm32l4xx_hal_conf.h:450,
                 from ../Drivers/STM32L4xx_HAL_Driver/Inc/stm32l4xx_hal.h:29,
                 from ../Core/Inc/main.h:30,
                 from ../Core/Src/main.c:20:
../Drivers/STM32L4xx_HAL_Driver/Inc/stm32l4xx_hal_uart.h:1697:79: note: expected 'const uint8_t *' {aka 'const unsigned char *'} but argument is of type 'char *'
 1697 | HAL_StatusTypeDef HAL_UART_Transmit(UART_HandleTypeDef *huart, const uint8_t *pData, uint16_t Size, uint32_t Timeout);
      |                                                                ~~~~~~~~~~~~~~~^~~~~
../Core/Src/main.c:146:38: warning: pointer targets in passing argument 2 of 'HAL_UART_Transmit' differ in signedness [-Wpointer-sign]
  146 |           HAL_UART_Transmit(&huart2, payload, rxLen, HAL_MAX_DELAY);
      |                                      ^~~~~~~
      |                                      |
      |                                      char *
In file included from ../Core/Inc/stm32l4xx_hal_conf.h:450,
                 from ../Drivers/STM32L4xx_HAL_Driver/Inc/stm32l4xx_hal.h:29,
                 from ../Core/Inc/main.h:30,
                 from ../Core/Src/main.c:20:
../Drivers/STM32L4xx_HAL_Driver/Inc/stm32l4xx_hal_uart.h:1697:79: note: expected 'const uint8_t *' {aka 'const unsigned char *'} but argument is of type 'char *'
 1697 | HAL_StatusTypeDef HAL_UART_Transmit(UART_HandleTypeDef *huart, const uint8_t *pData, uint16_t Size, uint32_t Timeout);
      |                                                                ~~~~~~~~~~~~~~~^~~~~
../Core/Src/main.c:137:19: warning: variable 'sadd' set but not used [-Wunused-but-set-variable]
  137 |           uint8_t sadd;
      |                   ^~~~
../Core/Src/main.c:125:16: warning: unused variable 'clear' [-Wunused-variable]
  125 |           char clear[] = "\x1B[2J\x1B[0m"; // clear
      |                ^~~~~
../Core/Src/main.c: In function 'transmit':
../Core/Src/main.c:157:20: warning: pointer targets in passing argument 1 of 'SPSGRF_StartTx' differ in signedness [-Wpointer-sign]
  157 |     SPSGRF_StartTx(payload, strlen(payload));
      |                    ^~~~~~~
      |                    |
      |                    char *
In file included from ../Core/Src/main.c:29:
../Core/Inc/spsgrf.h:66:30: note: expected 'uint8_t *' {aka 'unsigned char *'} but argument is of type 'char *'
   66 | void SPSGRF_StartTx(uint8_t *txBuff, uint8_t txLen);
      |                     ~~~~~~~~~^~~~~~
../Core/Src/main.c:160:32: warning: pointer targets in passing argument 2 of 'HAL_UART_Transmit' differ in signedness [-Wpointer-sign]
  160 |     HAL_UART_Transmit(&huart2, "Payload Sent\r\n", 14, HAL_MAX_DELAY);
      |                                ^~~~~~~~~~~~~~~~~~
      |                                |
      |                                char *
In file included from ../Core/Inc/stm32l4xx_hal_conf.h:450,
                 from ../Drivers/STM32L4xx_HAL_Driver/Inc/stm32l4xx_hal.h:29,
                 from ../Core/Inc/main.h:30,
                 from ../Core/Src/main.c:20:
../Drivers/STM32L4xx_HAL_Driver/Inc/stm32l4xx_hal_uart.h:1697:79: note: expected 'const uint8_t *' {aka 'const unsigned char *'} but argument is of type 'char *'
 1697 | HAL_StatusTypeDef HAL_UART_Transmit(UART_HandleTypeDef *huart, const uint8_t *pData, uint16_t Size, uint32_t Timeout);
      |                                                                ~~~~~~~~~~~~~~~^~~~~
../Core/Src/main.c:153:14: warning: unused variable 'clear' [-Wunused-variable]
  153 |         char clear[] = "\x1B[2J\x1B[0m"; // clear
      |              ^~~~~
../Core/Src/main.c:152:17: warning: unused variable 'rxLen' [-Wunused-variable]
  152 |         uint8_t rxLen;
      |                 ^~~~~
arm-none-eabi-gcc -o "A7_spirit1_library.elf" @"objects.list"   -mcpu=cortex-m4 -T"C:\Users\thebu\STM32CubeIDE\workspace_RTOS\A7_spirit1_library\STM32L476RGTX_FLASH.ld" --specs=nosys.specs -Wl,-Map="A7_spirit1_library.map" -Wl,--gc-sections -static --specs=nano.specs -mfpu=fpv4-sp-d16 -mfloat-abi=hard -mthumb -Wl,--start-group -lc -lm -Wl,--end-group
Finished building target: A7_spirit1_library.elf
 
arm-none-eabi-size  A7_spirit1_library.elf 
arm-none-eabi-objdump -h -S A7_spirit1_library.elf  > "A7_spirit1_library.list"
   text	   data	    bss	    dec	    hex	filename
  42796	    112	   8800	  51708	   c9fc	A7_spirit1_library.elf
Finished building: default.size.stdout
 
Finished building: A7_spirit1_library.list
 
08:50:54 **** Incremental Build of configuration Debug for project A7_spirit1_library ****
make -j8 all 
arm-none-eabi-size  A7_spirit1_library.elf 
   text	   data	    bss	    dec	    hex	filename
  42796	    112	   8800	  51708	   c9fc	A7_spirit1_library.elf
Finished building: default.size.stdout
 
08:54:24 **** Incremental Build of configuration Debug for project A7_spirit1_library ****
make -j8 all 
arm-none-eabi-size  A7_spirit1_library.elf 
   text	   data	    bss	    dec	    hex	filename
  42796	    112	   8800	  51708	   c9fc	A7_spirit1_library.elf
Finished building: default.size.stdout
 
08:55:06 **** Incremental Build of configuration Debug for project A7_spirit1_library ****
make -j8 all 
arm-none-eabi-size  A7_spirit1_library.elf 
   text	   data	    bss	    dec	    hex	filename
  42796	    112	   8800	  51708	   c9fc	A7_spirit1_library.elf
Finished building: default.size.stdout
 
08:57:59 **** Incremental Build of configuration Debug for project A7_spirit1_library ****
make -j8 all 
arm-none-eabi-size  A7_spirit1_library.elf 
   text	   data	    bss	    dec	    hex	filename
  42796	    112	   8800	  51708	   c9fc	A7_spirit1_library.elf
Finished building: default.size.stdout
 
09:03:59 **** Incremental Build of configuration Debug for project A7_spirit1_library ****
make -j8 all 
arm-none-eabi-size  A7_spirit1_library.elf 
   text	   data	    bss	    dec	    hex	filename
  42796	    112	   8800	  51708	   c9fc	A7_spirit1_library.elf
Finished building: default.size.stdout
 
09:04:19 **** Incremental Build of configuration Debug for project A7_spirit1_library ****
make -j8 all 
arm-none-eabi-size  A7_spirit1_library.elf 
   text	   data	    bss	    dec	    hex	filename
  42796	    112	   8800	  51708	   c9fc	A7_spirit1_library.elf
Finished building: default.size.stdout
 
09:04:36 **** Incremental Build of configuration Debug for project A7_spirit1_library ****
make -j8 all 
arm-none-eabi-size  A7_spirit1_library.elf 
   text	   data	    bss	    dec	    hex	filename
  42796	    112	   8800	  51708	   c9fc	A7_spirit1_library.elf
Finished building: default.size.stdout
 
09:14:41 **** Incremental Build of configuration Debug for project A7_spirit1_library ****
make -j8 all 
arm-none-eabi-gcc "../Core/Src/main.c" -mcpu=cortex-m4 -std=gnu11 -g3 -DDEBUG -DUSE_HAL_DRIVER -DSTM32L476xx -c -I../Core/Inc -I../Drivers/STM32L4xx_HAL_Driver/Inc -I../Drivers/STM32L4xx_HAL_Driver/Inc/Legacy -I../Drivers/CMSIS/Device/ST/STM32L4xx/Include -I../Drivers/CMSIS/Include -I"C:/Users/thebu/STM32CubeIDE/workspace_RTOS/A7_spirit1_library/Drivers/Drivers/BSP/Components/spirit1/SPIRIT1_Library/Inc" -I"C:/Users/thebu/STM32CubeIDE/workspace_RTOS/A7_spirit1_library/Drivers/Drivers/BSP/Components/spirit1" -I../Middlewares/Third_Party/FreeRTOS/Source/include -I../Middlewares/Third_Party/FreeRTOS/Source/CMSIS_RTOS_V2 -I../Middlewares/Third_Party/FreeRTOS/Source/portable/GCC/ARM_CM4F -O0 -ffunction-sections -fdata-sections -Wall -fstack-usage -fcyclomatic-complexity -MMD -MP -MF"Core/Src/main.d" -MT"Core/Src/main.o" --specs=nano.specs -mfpu=fpv4-sp-d16 -mfloat-abi=hard -mthumb -o "Core/Src/main.o"
../Core/Src/main.c: In function 'recieve':
../Core/Src/main.c:140:36: warning: passing argument 1 of 'SPSGRF_GetRxData' from incompatible pointer type [-Wincompatible-pointer-types]
  140 |           rxLen = SPSGRF_GetRxData(&payload);
      |                                    ^~~~~~~~
      |                                    |
      |                                    char (*)[15]
In file included from ../Core/Src/main.c:29:
../Core/Inc/spsgrf.h:68:35: note: expected 'uint8_t *' {aka 'unsigned char *'} but argument is of type 'char (*)[15]'
   68 | uint8_t SPSGRF_GetRxData(uint8_t *rxBuff);
      |                          ~~~~~~~~~^~~~~~
../Core/Src/main.c:145:38: warning: pointer targets in passing argument 2 of 'HAL_UART_Transmit' differ in signedness [-Wpointer-sign]
  145 |           HAL_UART_Transmit(&huart2, "Received: ", 10, HAL_MAX_DELAY);
      |                                      ^~~~~~~~~~~~
      |                                      |
      |                                      char *
In file included from ../Core/Inc/stm32l4xx_hal_conf.h:450,
                 from ../Drivers/STM32L4xx_HAL_Driver/Inc/stm32l4xx_hal.h:29,
                 from ../Core/Inc/main.h:30,
                 from ../Core/Src/main.c:20:
../Drivers/STM32L4xx_HAL_Driver/Inc/stm32l4xx_hal_uart.h:1697:79: note: expected 'const uint8_t *' {aka 'const unsigned char *'} but argument is of type 'char *'
 1697 | HAL_StatusTypeDef HAL_UART_Transmit(UART_HandleTypeDef *huart, const uint8_t *pData, uint16_t Size, uint32_t Timeout);
      |                                                                ~~~~~~~~~~~~~~~^~~~~
../Core/Src/main.c:146:38: warning: pointer targets in passing argument 2 of 'HAL_UART_Transmit' differ in signedness [-Wpointer-sign]
  146 |           HAL_UART_Transmit(&huart2, payload, rxLen, HAL_MAX_DELAY);
      |                                      ^~~~~~~
      |                                      |
      |                                      char *
In file included from ../Core/Inc/stm32l4xx_hal_conf.h:450,
                 from ../Drivers/STM32L4xx_HAL_Driver/Inc/stm32l4xx_hal.h:29,
                 from ../Core/Inc/main.h:30,
                 from ../Core/Src/main.c:20:
../Drivers/STM32L4xx_HAL_Driver/Inc/stm32l4xx_hal_uart.h:1697:79: note: expected 'const uint8_t *' {aka 'const unsigned char *'} but argument is of type 'char *'
 1697 | HAL_StatusTypeDef HAL_UART_Transmit(UART_HandleTypeDef *huart, const uint8_t *pData, uint16_t Size, uint32_t Timeout);
      |                                                                ~~~~~~~~~~~~~~~^~~~~
../Core/Src/main.c:137:19: warning: variable 'sadd' set but not used [-Wunused-but-set-variable]
  137 |           uint8_t sadd;
      |                   ^~~~
../Core/Src/main.c:125:16: warning: unused variable 'clear' [-Wunused-variable]
  125 |           char clear[] = "\x1B[2J\x1B[0m"; // clear
      |                ^~~~~
../Core/Src/main.c: In function 'transmit':
../Core/Src/main.c:157:20: warning: pointer targets in passing argument 1 of 'SPSGRF_StartTx' differ in signedness [-Wpointer-sign]
  157 |     SPSGRF_StartTx(payload, strlen(payload));
      |                    ^~~~~~~
      |                    |
      |                    char *
In file included from ../Core/Src/main.c:29:
../Core/Inc/spsgrf.h:66:30: note: expected 'uint8_t *' {aka 'unsigned char *'} but argument is of type 'char *'
   66 | void SPSGRF_StartTx(uint8_t *txBuff, uint8_t txLen);
      |                     ~~~~~~~~~^~~~~~
../Core/Src/main.c:160:32: warning: pointer targets in passing argument 2 of 'HAL_UART_Transmit' differ in signedness [-Wpointer-sign]
  160 |     HAL_UART_Transmit(&huart2, "Payload Sent\r\n", 14, HAL_MAX_DELAY);
      |                                ^~~~~~~~~~~~~~~~~~
      |                                |
      |                                char *
In file included from ../Core/Inc/stm32l4xx_hal_conf.h:450,
                 from ../Drivers/STM32L4xx_HAL_Driver/Inc/stm32l4xx_hal.h:29,
                 from ../Core/Inc/main.h:30,
                 from ../Core/Src/main.c:20:
../Drivers/STM32L4xx_HAL_Driver/Inc/stm32l4xx_hal_uart.h:1697:79: note: expected 'const uint8_t *' {aka 'const unsigned char *'} but argument is of type 'char *'
 1697 | HAL_StatusTypeDef HAL_UART_Transmit(UART_HandleTypeDef *huart, const uint8_t *pData, uint16_t Size, uint32_t Timeout);
      |                                                                ~~~~~~~~~~~~~~~^~~~~
../Core/Src/main.c:153:14: warning: unused variable 'clear' [-Wunused-variable]
  153 |         char clear[] = "\x1B[2J\x1B[0m"; // clear
      |              ^~~~~
../Core/Src/main.c:152:17: warning: unused variable 'rxLen' [-Wunused-variable]
  152 |         uint8_t rxLen;
      |                 ^~~~~
arm-none-eabi-gcc -o "A7_spirit1_library.elf" @"objects.list"   -mcpu=cortex-m4 -T"C:\Users\thebu\STM32CubeIDE\workspace_RTOS\A7_spirit1_library\STM32L476RGTX_FLASH.ld" --specs=nosys.specs -Wl,-Map="A7_spirit1_library.map" -Wl,--gc-sections -static --specs=nano.specs -mfpu=fpv4-sp-d16 -mfloat-abi=hard -mthumb -Wl,--start-group -lc -lm -Wl,--end-group
Finished building target: A7_spirit1_library.elf
 
arm-none-eabi-size  A7_spirit1_library.elf 
arm-none-eabi-objdump -h -S A7_spirit1_library.elf  > "A7_spirit1_library.list"
   text	   data	    bss	    dec	    hex	filename
  42796	    112	   8800	  51708	   c9fc	A7_spirit1_library.elf
Finished building: default.size.stdout
 
Finished building: A7_spirit1_library.list
 
09:18:42 **** Incremental Build of configuration Debug for project A7_spirit1_library ****
make -j8 all 
arm-none-eabi-size  A7_spirit1_library.elf 
   text	   data	    bss	    dec	    hex	filename
  42796	    112	   8800	  51708	   c9fc	A7_spirit1_library.elf
Finished building: default.size.stdout
 
09:19:32 **** Incremental Build of configuration Debug for project A7_spirit1_library ****
make -j8 all 
arm-none-eabi-size  A7_spirit1_library.elf 
   text	   data	    bss	    dec	    hex	filename
  42796	    112	   8800	  51708	   c9fc	A7_spirit1_library.elf
Finished building: default.size.stdout
 
09:20:31 **** Incremental Build of configuration Debug for project A7_spirit1_library ****
make -j8 all 
arm-none-eabi-gcc "../Drivers/Drivers/BSP/Components/spirit1/radio_target.c" -mcpu=cortex-m4 -std=gnu11 -g3 -DDEBUG -DUSE_HAL_DRIVER -DSTM32L476xx -c -I../Core/Inc -I../Drivers/STM32L4xx_HAL_Driver/Inc -I../Drivers/STM32L4xx_HAL_Driver/Inc/Legacy -I../Drivers/CMSIS/Device/ST/STM32L4xx/Include -I../Drivers/CMSIS/Include -I"C:/Users/thebu/STM32CubeIDE/workspace_RTOS/A7_spirit1_library/Drivers/Drivers/BSP/Components/spirit1/SPIRIT1_Library/Inc" -I"C:/Users/thebu/STM32CubeIDE/workspace_RTOS/A7_spirit1_library/Drivers/Drivers/BSP/Components/spirit1" -I../Middlewares/Third_Party/FreeRTOS/Source/include -I../Middlewares/Third_Party/FreeRTOS/Source/CMSIS_RTOS_V2 -I../Middlewares/Third_Party/FreeRTOS/Source/portable/GCC/ARM_CM4F -O0 -ffunction-sections -fdata-sections -Wall -fstack-usage -fcyclomatic-complexity -MMD -MP -MF"Drivers/Drivers/BSP/Components/spirit1/radio_target.d" -MT"Drivers/Drivers/BSP/Components/spirit1/radio_target.o" --specs=nano.specs -mfpu=fpv4-sp-d16 -mfloat-abi=hard -mthumb -o "Drivers/Drivers/BSP/Components/spirit1/radio_target.o"
arm-none-eabi-gcc -o "A7_spirit1_library.elf" @"objects.list"   -mcpu=cortex-m4 -T"C:\Users\thebu\STM32CubeIDE\workspace_RTOS\A7_spirit1_library\STM32L476RGTX_FLASH.ld" --specs=nosys.specs -Wl,-Map="A7_spirit1_library.map" -Wl,--gc-sections -static --specs=nano.specs -mfpu=fpv4-sp-d16 -mfloat-abi=hard -mthumb -Wl,--start-group -lc -lm -Wl,--end-group
Finished building target: A7_spirit1_library.elf
 
arm-none-eabi-size  A7_spirit1_library.elf 
arm-none-eabi-objdump -h -S A7_spirit1_library.elf  > "A7_spirit1_library.list"
   text	   data	    bss	    dec	    hex	filename
  42796	    112	   8800	  51708	   c9fc	A7_spirit1_library.elf
Finished building: default.size.stdout
 
Finished building: A7_spirit1_library.list
 
09:28:56 **** Incremental Build of configuration Debug for project A7_spirit1_library ****
make -j8 all 
arm-none-eabi-gcc "../Core/Src/main.c" -mcpu=cortex-m4 -std=gnu11 -g3 -DDEBUG -DUSE_HAL_DRIVER -DSTM32L476xx -c -I../Core/Inc -I../Drivers/STM32L4xx_HAL_Driver/Inc -I../Drivers/STM32L4xx_HAL_Driver/Inc/Legacy -I../Drivers/CMSIS/Device/ST/STM32L4xx/Include -I../Drivers/CMSIS/Include -I"C:/Users/thebu/STM32CubeIDE/workspace_RTOS/A7_spirit1_library/Drivers/Drivers/BSP/Components/spirit1/SPIRIT1_Library/Inc" -I"C:/Users/thebu/STM32CubeIDE/workspace_RTOS/A7_spirit1_library/Drivers/Drivers/BSP/Components/spirit1" -I../Middlewares/Third_Party/FreeRTOS/Source/include -I../Middlewares/Third_Party/FreeRTOS/Source/CMSIS_RTOS_V2 -I../Middlewares/Third_Party/FreeRTOS/Source/portable/GCC/ARM_CM4F -O0 -ffunction-sections -fdata-sections -Wall -fstack-usage -fcyclomatic-complexity -MMD -MP -MF"Core/Src/main.d" -MT"Core/Src/main.o" --specs=nano.specs -mfpu=fpv4-sp-d16 -mfloat-abi=hard -mthumb -o "Core/Src/main.o"
../Core/Src/main.c: In function 'recieve':
../Core/Src/main.c:147:36: warning: passing argument 1 of 'SPSGRF_GetRxData' from incompatible pointer type [-Wincompatible-pointer-types]
  147 |           rxLen = SPSGRF_GetRxData(&payload);
      |                                    ^~~~~~~~
      |                                    |
      |                                    char (*)[15]
In file included from ../Core/Src/main.c:29:
../Core/Inc/spsgrf.h:68:35: note: expected 'uint8_t *' {aka 'unsigned char *'} but argument is of type 'char (*)[15]'
   68 | uint8_t SPSGRF_GetRxData(uint8_t *rxBuff);
      |                          ~~~~~~~~~^~~~~~
../Core/Src/main.c:152:38: warning: pointer targets in passing argument 2 of 'HAL_UART_Transmit' differ in signedness [-Wpointer-sign]
  152 |           HAL_UART_Transmit(&huart2, "Received: ", 10, HAL_MAX_DELAY);
      |                                      ^~~~~~~~~~~~
      |                                      |
      |                                      char *
In file included from ../Core/Inc/stm32l4xx_hal_conf.h:450,
                 from ../Drivers/STM32L4xx_HAL_Driver/Inc/stm32l4xx_hal.h:29,
                 from ../Core/Inc/main.h:30,
                 from ../Core/Src/main.c:20:
../Drivers/STM32L4xx_HAL_Driver/Inc/stm32l4xx_hal_uart.h:1697:79: note: expected 'const uint8_t *' {aka 'const unsigned char *'} but argument is of type 'char *'
 1697 | HAL_StatusTypeDef HAL_UART_Transmit(UART_HandleTypeDef *huart, const uint8_t *pData, uint16_t Size, uint32_t Timeout);
      |                                                                ~~~~~~~~~~~~~~~^~~~~
../Core/Src/main.c:153:38: warning: pointer targets in passing argument 2 of 'HAL_UART_Transmit' differ in signedness [-Wpointer-sign]
  153 |           HAL_UART_Transmit(&huart2, payload, rxLen, HAL_MAX_DELAY);
      |                                      ^~~~~~~
      |                                      |
      |                                      char *
In file included from ../Core/Inc/stm32l4xx_hal_conf.h:450,
                 from ../Drivers/STM32L4xx_HAL_Driver/Inc/stm32l4xx_hal.h:29,
                 from ../Core/Inc/main.h:30,
                 from ../Core/Src/main.c:20:
../Drivers/STM32L4xx_HAL_Driver/Inc/stm32l4xx_hal_uart.h:1697:79: note: expected 'const uint8_t *' {aka 'const unsigned char *'} but argument is of type 'char *'
 1697 | HAL_StatusTypeDef HAL_UART_Transmit(UART_HandleTypeDef *huart, const uint8_t *pData, uint16_t Size, uint32_t Timeout);
      |                                                                ~~~~~~~~~~~~~~~^~~~~
../Core/Src/main.c:144:19: warning: variable 'sadd' set but not used [-Wunused-but-set-variable]
  144 |           uint8_t sadd;
      |                   ^~~~
../Core/Src/main.c:132:16: warning: unused variable 'clear' [-Wunused-variable]
  132 |           char clear[] = "\x1B[2J\x1B[0m"; // clear
      |                ^~~~~
../Core/Src/main.c: In function 'transmit':
../Core/Src/main.c:164:20: warning: pointer targets in passing argument 1 of 'SPSGRF_StartTx' differ in signedness [-Wpointer-sign]
  164 |     SPSGRF_StartTx(payload, strlen(payload));
      |                    ^~~~~~~
      |                    |
      |                    char *
In file included from ../Core/Src/main.c:29:
../Core/Inc/spsgrf.h:66:30: note: expected 'uint8_t *' {aka 'unsigned char *'} but argument is of type 'char *'
   66 | void SPSGRF_StartTx(uint8_t *txBuff, uint8_t txLen);
      |                     ~~~~~~~~~^~~~~~
../Core/Src/main.c:167:32: warning: pointer targets in passing argument 2 of 'HAL_UART_Transmit' differ in signedness [-Wpointer-sign]
  167 |     HAL_UART_Transmit(&huart2, "Payload Sent\r\n", 14, HAL_MAX_DELAY);
      |                                ^~~~~~~~~~~~~~~~~~
      |                                |
      |                                char *
In file included from ../Core/Inc/stm32l4xx_hal_conf.h:450,
                 from ../Drivers/STM32L4xx_HAL_Driver/Inc/stm32l4xx_hal.h:29,
                 from ../Core/Inc/main.h:30,
                 from ../Core/Src/main.c:20:
../Drivers/STM32L4xx_HAL_Driver/Inc/stm32l4xx_hal_uart.h:1697:79: note: expected 'const uint8_t *' {aka 'const unsigned char *'} but argument is of type 'char *'
 1697 | HAL_StatusTypeDef HAL_UART_Transmit(UART_HandleTypeDef *huart, const uint8_t *pData, uint16_t Size, uint32_t Timeout);
      |                                                                ~~~~~~~~~~~~~~~^~~~~
../Core/Src/main.c:160:14: warning: unused variable 'clear' [-Wunused-variable]
  160 |         char clear[] = "\x1B[2J\x1B[0m"; // clear
      |              ^~~~~
../Core/Src/main.c:159:17: warning: unused variable 'rxLen' [-Wunused-variable]
  159 |         uint8_t rxLen;
      |                 ^~~~~
arm-none-eabi-gcc -o "A7_spirit1_library.elf" @"objects.list"   -mcpu=cortex-m4 -T"C:\Users\thebu\STM32CubeIDE\workspace_RTOS\A7_spirit1_library\STM32L476RGTX_FLASH.ld" --specs=nosys.specs -Wl,-Map="A7_spirit1_library.map" -Wl,--gc-sections -static --specs=nano.specs -mfpu=fpv4-sp-d16 -mfloat-abi=hard -mthumb -Wl,--start-group -lc -lm -Wl,--end-group
Finished building target: A7_spirit1_library.elf
 
arm-none-eabi-size  A7_spirit1_library.elf 
arm-none-eabi-objdump -h -S A7_spirit1_library.elf  > "A7_spirit1_library.list"
   text	   data	    bss	    dec	    hex	filename
  42460	    112	   8800	  51372	   c8ac	A7_spirit1_library.elf
Finished building: default.size.stdout
 
Finished building: A7_spirit1_library.list
 
09:40:45 **** Incremental Build of configuration Debug for project A7_spirit1_library ****
make -j8 all 
arm-none-eabi-gcc "../Core/Src/main.c" -mcpu=cortex-m4 -std=gnu11 -g3 -DDEBUG -DUSE_HAL_DRIVER -DSTM32L476xx -c -I../Core/Inc -I../Drivers/STM32L4xx_HAL_Driver/Inc -I../Drivers/STM32L4xx_HAL_Driver/Inc/Legacy -I../Drivers/CMSIS/Device/ST/STM32L4xx/Include -I../Drivers/CMSIS/Include -I"C:/Users/thebu/STM32CubeIDE/workspace_RTOS/A7_spirit1_library/Drivers/Drivers/BSP/Components/spirit1/SPIRIT1_Library/Inc" -I"C:/Users/thebu/STM32CubeIDE/workspace_RTOS/A7_spirit1_library/Drivers/Drivers/BSP/Components/spirit1" -I../Middlewares/Third_Party/FreeRTOS/Source/include -I../Middlewares/Third_Party/FreeRTOS/Source/CMSIS_RTOS_V2 -I../Middlewares/Third_Party/FreeRTOS/Source/portable/GCC/ARM_CM4F -O0 -ffunction-sections -fdata-sections -Wall -fstack-usage -fcyclomatic-complexity -MMD -MP -MF"Core/Src/main.d" -MT"Core/Src/main.o" --specs=nano.specs -mfpu=fpv4-sp-d16 -mfloat-abi=hard -mthumb -o "Core/Src/main.o"
../Core/Src/main.c: In function 'HAL_UART_printf':
../Core/Src/main.c:99:9: warning: implicit declaration of function 'va_start' [-Wimplicit-function-declaration]
   99 |         va_start(args, format);
      |         ^~~~~~~~
../Core/Src/main.c:111:44: warning: pointer targets in passing argument 2 of 'HAL_UART_Transmit' differ in signedness [-Wpointer-sign]
  111 |                 HAL_UART_Transmit(&huart2, buffer, formatted_length, HAL_MAX_DELAY);
      |                                            ^~~~~~
      |                                            |
      |                                            char *
In file included from ../Core/Inc/stm32l4xx_hal_conf.h:450,
                 from ../Drivers/STM32L4xx_HAL_Driver/Inc/stm32l4xx_hal.h:29,
                 from ../Core/Inc/main.h:30,
                 from ../Core/Src/main.c:20:
../Drivers/STM32L4xx_HAL_Driver/Inc/stm32l4xx_hal_uart.h:1697:79: note: expected 'const uint8_t *' {aka 'const unsigned char *'} but argument is of type 'char *'
 1697 | HAL_StatusTypeDef HAL_UART_Transmit(UART_HandleTypeDef *huart, const uint8_t *pData, uint16_t Size, uint32_t Timeout);
      |                                                                ~~~~~~~~~~~~~~~^~~~~
../Core/Src/main.c:114:9: warning: implicit declaration of function 'va_end' [-Wimplicit-function-declaration]
  114 |         va_end(args);
      |         ^~~~~~
../Core/Src/main.c: In function 'recieve':
../Core/Src/main.c:171:36: warning: passing argument 1 of 'SPSGRF_GetRxData' from incompatible pointer type [-Wincompatible-pointer-types]
  171 |           rxLen = SPSGRF_GetRxData(&payload);
      |                                    ^~~~~~~~
      |                                    |
      |                                    char (*)[15]
In file included from ../Core/Src/main.c:29:
../Core/Inc/spsgrf.h:68:35: note: expected 'uint8_t *' {aka 'unsigned char *'} but argument is of type 'char (*)[15]'
   68 | uint8_t SPSGRF_GetRxData(uint8_t *rxBuff);
      |                          ~~~~~~~~~^~~~~~
../Core/Src/main.c:176:38: warning: pointer targets in passing argument 2 of 'HAL_UART_Transmit' differ in signedness [-Wpointer-sign]
  176 |           HAL_UART_Transmit(&huart2, "Received: ", 10, HAL_MAX_DELAY);
      |                                      ^~~~~~~~~~~~
      |                                      |
      |                                      char *
In file included from ../Core/Inc/stm32l4xx_hal_conf.h:450,
                 from ../Drivers/STM32L4xx_HAL_Driver/Inc/stm32l4xx_hal.h:29,
                 from ../Core/Inc/main.h:30,
                 from ../Core/Src/main.c:20:
../Drivers/STM32L4xx_HAL_Driver/Inc/stm32l4xx_hal_uart.h:1697:79: note: expected 'const uint8_t *' {aka 'const unsigned char *'} but argument is of type 'char *'
 1697 | HAL_StatusTypeDef HAL_UART_Transmit(UART_HandleTypeDef *huart, const uint8_t *pData, uint16_t Size, uint32_t Timeout);
      |                                                                ~~~~~~~~~~~~~~~^~~~~
../Core/Src/main.c:177:38: warning: pointer targets in passing argument 2 of 'HAL_UART_Transmit' differ in signedness [-Wpointer-sign]
  177 |           HAL_UART_Transmit(&huart2, payload, rxLen, HAL_MAX_DELAY);
      |                                      ^~~~~~~
      |                                      |
      |                                      char *
In file included from ../Core/Inc/stm32l4xx_hal_conf.h:450,
                 from ../Drivers/STM32L4xx_HAL_Driver/Inc/stm32l4xx_hal.h:29,
                 from ../Core/Inc/main.h:30,
                 from ../Core/Src/main.c:20:
../Drivers/STM32L4xx_HAL_Driver/Inc/stm32l4xx_hal_uart.h:1697:79: note: expected 'const uint8_t *' {aka 'const unsigned char *'} but argument is of type 'char *'
 1697 | HAL_StatusTypeDef HAL_UART_Transmit(UART_HandleTypeDef *huart, const uint8_t *pData, uint16_t Size, uint32_t Timeout);
      |                                                                ~~~~~~~~~~~~~~~^~~~~
../Core/Src/main.c:153:16: warning: unused variable 'clear' [-Wunused-variable]
  153 |           char clear[] = "\x1B[2J\x1B[0m"; // clear
      |                ^~~~~
../Core/Src/main.c: In function 'transmit':
../Core/Src/main.c:188:20: warning: pointer targets in passing argument 1 of 'SPSGRF_StartTx' differ in signedness [-Wpointer-sign]
  188 |     SPSGRF_StartTx(payload, strlen(payload));
      |                    ^~~~~~~
      |                    |
      |                    char *
In file included from ../Core/Src/main.c:29:
../Core/Inc/spsgrf.h:66:30: note: expected 'uint8_t *' {aka 'unsigned char *'} but argument is of type 'char *'
   66 | void SPSGRF_StartTx(uint8_t *txBuff, uint8_t txLen);
      |                     ~~~~~~~~~^~~~~~
../Core/Src/main.c:191:32: warning: pointer targets in passing argument 2 of 'HAL_UART_Transmit' differ in signedness [-Wpointer-sign]
  191 |     HAL_UART_Transmit(&huart2, "Payload Sent\r\n", 14, HAL_MAX_DELAY);
      |                                ^~~~~~~~~~~~~~~~~~
      |                                |
      |                                char *
In file included from ../Core/Inc/stm32l4xx_hal_conf.h:450,
                 from ../Drivers/STM32L4xx_HAL_Driver/Inc/stm32l4xx_hal.h:29,
                 from ../Core/Inc/main.h:30,
                 from ../Core/Src/main.c:20:
../Drivers/STM32L4xx_HAL_Driver/Inc/stm32l4xx_hal_uart.h:1697:79: note: expected 'const uint8_t *' {aka 'const unsigned char *'} but argument is of type 'char *'
 1697 | HAL_StatusTypeDef HAL_UART_Transmit(UART_HandleTypeDef *huart, const uint8_t *pData, uint16_t Size, uint32_t Timeout);
      |                                                                ~~~~~~~~~~~~~~~^~~~~
../Core/Src/main.c:184:14: warning: unused variable 'clear' [-Wunused-variable]
  184 |         char clear[] = "\x1B[2J\x1B[0m"; // clear
      |              ^~~~~
../Core/Src/main.c:183:17: warning: unused variable 'rxLen' [-Wunused-variable]
  183 |         uint8_t rxLen;
      |                 ^~~~~
arm-none-eabi-gcc -o "A7_spirit1_library.elf" @"objects.list"   -mcpu=cortex-m4 -T"C:\Users\thebu\STM32CubeIDE\workspace_RTOS\A7_spirit1_library\STM32L476RGTX_FLASH.ld" --specs=nosys.specs -Wl,-Map="A7_spirit1_library.map" -Wl,--gc-sections -static --specs=nano.specs -mfpu=fpv4-sp-d16 -mfloat-abi=hard -mthumb -Wl,--start-group -lc -lm -Wl,--end-group
C:/ST/STM32CubeIDE_1.14.0/STM32CubeIDE/plugins/com.st.stm32cube.ide.mcu.externaltools.gnu-tools-for-stm32.11.3.rel1.win32_1.1.100.202309141235/tools/bin/../lib/gcc/arm-none-eabi/11.3.1/../../../../arm-none-eabi/bin/ld.exe: ./Core/Src/main.o: in function `HAL_UART_printf':
C:/Users/thebu/STM32CubeIDE/workspace_RTOS/A7_spirit1_library/Debug/../Core/Src/main.c:99: undefined reference to `va_start'
C:/ST/STM32CubeIDE_1.14.0/STM32CubeIDE/plugins/com.st.stm32cube.ide.mcu.externaltools.gnu-tools-for-stm32.11.3.rel1.win32_1.1.100.202309141235/tools/bin/../lib/gcc/arm-none-eabi/11.3.1/../../../../arm-none-eabi/bin/ld.exe: C:/Users/thebu/STM32CubeIDE/workspace_RTOS/A7_spirit1_library/Debug/../Core/Src/main.c:114: undefined reference to `va_end'
collect2.exe: error: ld returned 1 exit status
make: *** [makefile:70: A7_spirit1_library.elf] Error 1
"make -j8 all" terminated with exit code 2. Build might be incomplete.
09:41:16 **** Incremental Build of configuration Debug for project A7_spirit1_library ****
make -j8 all 
arm-none-eabi-gcc "../Core/Src/main.c" -mcpu=cortex-m4 -std=gnu11 -g3 -DDEBUG -DUSE_HAL_DRIVER -DSTM32L476xx -c -I../Core/Inc -I../Drivers/STM32L4xx_HAL_Driver/Inc -I../Drivers/STM32L4xx_HAL_Driver/Inc/Legacy -I../Drivers/CMSIS/Device/ST/STM32L4xx/Include -I../Drivers/CMSIS/Include -I"C:/Users/thebu/STM32CubeIDE/workspace_RTOS/A7_spirit1_library/Drivers/Drivers/BSP/Components/spirit1/SPIRIT1_Library/Inc" -I"C:/Users/thebu/STM32CubeIDE/workspace_RTOS/A7_spirit1_library/Drivers/Drivers/BSP/Components/spirit1" -I../Middlewares/Third_Party/FreeRTOS/Source/include -I../Middlewares/Third_Party/FreeRTOS/Source/CMSIS_RTOS_V2 -I../Middlewares/Third_Party/FreeRTOS/Source/portable/GCC/ARM_CM4F -O0 -ffunction-sections -fdata-sections -Wall -fstack-usage -fcyclomatic-complexity -MMD -MP -MF"Core/Src/main.d" -MT"Core/Src/main.o" --specs=nano.specs -mfpu=fpv4-sp-d16 -mfloat-abi=hard -mthumb -o "Core/Src/main.o"
../Core/Src/main.c: In function 'HAL_UART_printf':
../Core/Src/main.c:114:44: warning: pointer targets in passing argument 2 of 'HAL_UART_Transmit' differ in signedness [-Wpointer-sign]
  114 |                 HAL_UART_Transmit(&huart2, buffer, formatted_length, HAL_MAX_DELAY);
      |                                            ^~~~~~
      |                                            |
      |                                            char *
In file included from ../Core/Inc/stm32l4xx_hal_conf.h:450,
                 from ../Drivers/STM32L4xx_HAL_Driver/Inc/stm32l4xx_hal.h:29,
                 from ../Core/Inc/main.h:30,
                 from ../Core/Src/main.c:20:
../Drivers/STM32L4xx_HAL_Driver/Inc/stm32l4xx_hal_uart.h:1697:79: note: expected 'const uint8_t *' {aka 'const unsigned char *'} but argument is of type 'char *'
 1697 | HAL_StatusTypeDef HAL_UART_Transmit(UART_HandleTypeDef *huart, const uint8_t *pData, uint16_t Size, uint32_t Timeout);
      |                                                                ~~~~~~~~~~~~~~~^~~~~
../Core/Src/main.c: In function 'recieve':
../Core/Src/main.c:174:36: warning: passing argument 1 of 'SPSGRF_GetRxData' from incompatible pointer type [-Wincompatible-pointer-types]
  174 |           rxLen = SPSGRF_GetRxData(&payload);
      |                                    ^~~~~~~~
      |                                    |
      |                                    char (*)[15]
In file included from ../Core/Src/main.c:30:
../Core/Inc/spsgrf.h:68:35: note: expected 'uint8_t *' {aka 'unsigned char *'} but argument is of type 'char (*)[15]'
   68 | uint8_t SPSGRF_GetRxData(uint8_t *rxBuff);
      |                          ~~~~~~~~~^~~~~~
../Core/Src/main.c:179:38: warning: pointer targets in passing argument 2 of 'HAL_UART_Transmit' differ in signedness [-Wpointer-sign]
  179 |           HAL_UART_Transmit(&huart2, "Received: ", 10, HAL_MAX_DELAY);
      |                                      ^~~~~~~~~~~~
      |                                      |
      |                                      char *
In file included from ../Core/Inc/stm32l4xx_hal_conf.h:450,
                 from ../Drivers/STM32L4xx_HAL_Driver/Inc/stm32l4xx_hal.h:29,
                 from ../Core/Inc/main.h:30,
                 from ../Core/Src/main.c:20:
../Drivers/STM32L4xx_HAL_Driver/Inc/stm32l4xx_hal_uart.h:1697:79: note: expected 'const uint8_t *' {aka 'const unsigned char *'} but argument is of type 'char *'
 1697 | HAL_StatusTypeDef HAL_UART_Transmit(UART_HandleTypeDef *huart, const uint8_t *pData, uint16_t Size, uint32_t Timeout);
      |                                                                ~~~~~~~~~~~~~~~^~~~~
../Core/Src/main.c:180:38: warning: pointer targets in passing argument 2 of 'HAL_UART_Transmit' differ in signedness [-Wpointer-sign]
  180 |           HAL_UART_Transmit(&huart2, payload, rxLen, HAL_MAX_DELAY);
      |                                      ^~~~~~~
      |                                      |
      |                                      char *
In file included from ../Core/Inc/stm32l4xx_hal_conf.h:450,
                 from ../Drivers/STM32L4xx_HAL_Driver/Inc/stm32l4xx_hal.h:29,
                 from ../Core/Inc/main.h:30,
                 from ../Core/Src/main.c:20:
../Drivers/STM32L4xx_HAL_Driver/Inc/stm32l4xx_hal_uart.h:1697:79: note: expected 'const uint8_t *' {aka 'const unsigned char *'} but argument is of type 'char *'
 1697 | HAL_StatusTypeDef HAL_UART_Transmit(UART_HandleTypeDef *huart, const uint8_t *pData, uint16_t Size, uint32_t Timeout);
      |                                                                ~~~~~~~~~~~~~~~^~~~~
../Core/Src/main.c:156:16: warning: unused variable 'clear' [-Wunused-variable]
  156 |           char clear[] = "\x1B[2J\x1B[0m"; // clear
      |                ^~~~~
../Core/Src/main.c: In function 'transmit':
../Core/Src/main.c:191:20: warning: pointer targets in passing argument 1 of 'SPSGRF_StartTx' differ in signedness [-Wpointer-sign]
  191 |     SPSGRF_StartTx(payload, strlen(payload));
      |                    ^~~~~~~
      |                    |
      |                    char *
In file included from ../Core/Src/main.c:30:
../Core/Inc/spsgrf.h:66:30: note: expected 'uint8_t *' {aka 'unsigned char *'} but argument is of type 'char *'
   66 | void SPSGRF_StartTx(uint8_t *txBuff, uint8_t txLen);
      |                     ~~~~~~~~~^~~~~~
../Core/Src/main.c:194:32: warning: pointer targets in passing argument 2 of 'HAL_UART_Transmit' differ in signedness [-Wpointer-sign]
  194 |     HAL_UART_Transmit(&huart2, "Payload Sent\r\n", 14, HAL_MAX_DELAY);
      |                                ^~~~~~~~~~~~~~~~~~
      |                                |
      |                                char *
In file included from ../Core/Inc/stm32l4xx_hal_conf.h:450,
                 from ../Drivers/STM32L4xx_HAL_Driver/Inc/stm32l4xx_hal.h:29,
                 from ../Core/Inc/main.h:30,
                 from ../Core/Src/main.c:20:
../Drivers/STM32L4xx_HAL_Driver/Inc/stm32l4xx_hal_uart.h:1697:79: note: expected 'const uint8_t *' {aka 'const unsigned char *'} but argument is of type 'char *'
 1697 | HAL_StatusTypeDef HAL_UART_Transmit(UART_HandleTypeDef *huart, const uint8_t *pData, uint16_t Size, uint32_t Timeout);
      |                                                                ~~~~~~~~~~~~~~~^~~~~
../Core/Src/main.c:187:14: warning: unused variable 'clear' [-Wunused-variable]
  187 |         char clear[] = "\x1B[2J\x1B[0m"; // clear
      |              ^~~~~
../Core/Src/main.c:186:17: warning: unused variable 'rxLen' [-Wunused-variable]
  186 |         uint8_t rxLen;
      |                 ^~~~~
arm-none-eabi-gcc -o "A7_spirit1_library.elf" @"objects.list"   -mcpu=cortex-m4 -T"C:\Users\thebu\STM32CubeIDE\workspace_RTOS\A7_spirit1_library\STM32L476RGTX_FLASH.ld" --specs=nosys.specs -Wl,-Map="A7_spirit1_library.map" -Wl,--gc-sections -static --specs=nano.specs -mfpu=fpv4-sp-d16 -mfloat-abi=hard -mthumb -Wl,--start-group -lc -lm -Wl,--end-group
Finished building target: A7_spirit1_library.elf
 
arm-none-eabi-size  A7_spirit1_library.elf 
arm-none-eabi-objdump -h -S A7_spirit1_library.elf  > "A7_spirit1_library.list"
   text	   data	    bss	    dec	    hex	filename
  45060	    112	  10864	  56036	   dae4	A7_spirit1_library.elf
Finished building: default.size.stdout
 
Finished building: A7_spirit1_library.list
 
09:44:11 **** Incremental Build of configuration Debug for project A7_spirit1_library ****
make -j8 all 
arm-none-eabi-gcc "../Core/Src/main.c" -mcpu=cortex-m4 -std=gnu11 -g3 -DDEBUG -DUSE_HAL_DRIVER -DSTM32L476xx -c -I../Core/Inc -I../Drivers/STM32L4xx_HAL_Driver/Inc -I../Drivers/STM32L4xx_HAL_Driver/Inc/Legacy -I../Drivers/CMSIS/Device/ST/STM32L4xx/Include -I../Drivers/CMSIS/Include -I"C:/Users/thebu/STM32CubeIDE/workspace_RTOS/A7_spirit1_library/Drivers/Drivers/BSP/Components/spirit1/SPIRIT1_Library/Inc" -I"C:/Users/thebu/STM32CubeIDE/workspace_RTOS/A7_spirit1_library/Drivers/Drivers/BSP/Components/spirit1" -I../Middlewares/Third_Party/FreeRTOS/Source/include -I../Middlewares/Third_Party/FreeRTOS/Source/CMSIS_RTOS_V2 -I../Middlewares/Third_Party/FreeRTOS/Source/portable/GCC/ARM_CM4F -O0 -ffunction-sections -fdata-sections -Wall -fstack-usage -fcyclomatic-complexity -MMD -MP -MF"Core/Src/main.d" -MT"Core/Src/main.o" --specs=nano.specs -mfpu=fpv4-sp-d16 -mfloat-abi=hard -mthumb -o "Core/Src/main.o"
../Core/Src/main.c: In function 'myHAL_UART_printf':
../Core/Src/main.c:114:44: warning: pointer targets in passing argument 2 of 'HAL_UART_Transmit' differ in signedness [-Wpointer-sign]
  114 |                 HAL_UART_Transmit(&huart2, buffer, formatted_length, HAL_MAX_DELAY);
      |                                            ^~~~~~
      |                                            |
      |                                            char *
In file included from ../Core/Inc/stm32l4xx_hal_conf.h:450,
                 from ../Drivers/STM32L4xx_HAL_Driver/Inc/stm32l4xx_hal.h:29,
                 from ../Core/Inc/main.h:30,
                 from ../Core/Src/main.c:20:
../Drivers/STM32L4xx_HAL_Driver/Inc/stm32l4xx_hal_uart.h:1697:79: note: expected 'const uint8_t *' {aka 'const unsigned char *'} but argument is of type 'char *'
 1697 | HAL_StatusTypeDef HAL_UART_Transmit(UART_HandleTypeDef *huart, const uint8_t *pData, uint16_t Size, uint32_t Timeout);
      |                                                                ~~~~~~~~~~~~~~~^~~~~
../Core/Src/main.c: In function 'myHAL_UART_clear':
../Core/Src/main.c:122:36: warning: pointer targets in passing argument 2 of 'HAL_UART_Transmit' differ in signedness [-Wpointer-sign]
  122 |         HAL_UART_Transmit(&huart2, clear, 9, 100);
      |                                    ^~~~~
      |                                    |
      |                                    char *
In file included from ../Core/Inc/stm32l4xx_hal_conf.h:450,
                 from ../Drivers/STM32L4xx_HAL_Driver/Inc/stm32l4xx_hal.h:29,
                 from ../Core/Inc/main.h:30,
                 from ../Core/Src/main.c:20:
../Drivers/STM32L4xx_HAL_Driver/Inc/stm32l4xx_hal_uart.h:1697:79: note: expected 'const uint8_t *' {aka 'const unsigned char *'} but argument is of type 'char *'
 1697 | HAL_StatusTypeDef HAL_UART_Transmit(UART_HandleTypeDef *huart, const uint8_t *pData, uint16_t Size, uint32_t Timeout);
      |                                                                ~~~~~~~~~~~~~~~^~~~~
../Core/Src/main.c: In function 'recieve':
../Core/Src/main.c:179:36: warning: passing argument 1 of 'SPSGRF_GetRxData' from incompatible pointer type [-Wincompatible-pointer-types]
  179 |           rxLen = SPSGRF_GetRxData(&payload);
      |                                    ^~~~~~~~
      |                                    |
      |                                    char (*)[15]
In file included from ../Core/Src/main.c:30:
../Core/Inc/spsgrf.h:68:35: note: expected 'uint8_t *' {aka 'unsigned char *'} but argument is of type 'char (*)[15]'
   68 | uint8_t SPSGRF_GetRxData(uint8_t *rxBuff);
      |                          ~~~~~~~~~^~~~~~
../Core/Src/main.c:184:38: warning: pointer targets in passing argument 2 of 'HAL_UART_Transmit' differ in signedness [-Wpointer-sign]
  184 |           HAL_UART_Transmit(&huart2, "Received: ", 10, HAL_MAX_DELAY);
      |                                      ^~~~~~~~~~~~
      |                                      |
      |                                      char *
In file included from ../Core/Inc/stm32l4xx_hal_conf.h:450,
                 from ../Drivers/STM32L4xx_HAL_Driver/Inc/stm32l4xx_hal.h:29,
                 from ../Core/Inc/main.h:30,
                 from ../Core/Src/main.c:20:
../Drivers/STM32L4xx_HAL_Driver/Inc/stm32l4xx_hal_uart.h:1697:79: note: expected 'const uint8_t *' {aka 'const unsigned char *'} but argument is of type 'char *'
 1697 | HAL_StatusTypeDef HAL_UART_Transmit(UART_HandleTypeDef *huart, const uint8_t *pData, uint16_t Size, uint32_t Timeout);
      |                                                                ~~~~~~~~~~~~~~~^~~~~
../Core/Src/main.c:185:38: warning: pointer targets in passing argument 2 of 'HAL_UART_Transmit' differ in signedness [-Wpointer-sign]
  185 |           HAL_UART_Transmit(&huart2, payload, rxLen, HAL_MAX_DELAY);
      |                                      ^~~~~~~
      |                                      |
      |                                      char *
In file included from ../Core/Inc/stm32l4xx_hal_conf.h:450,
                 from ../Drivers/STM32L4xx_HAL_Driver/Inc/stm32l4xx_hal.h:29,
                 from ../Core/Inc/main.h:30,
                 from ../Core/Src/main.c:20:
../Drivers/STM32L4xx_HAL_Driver/Inc/stm32l4xx_hal_uart.h:1697:79: note: expected 'const uint8_t *' {aka 'const unsigned char *'} but argument is of type 'char *'
 1697 | HAL_StatusTypeDef HAL_UART_Transmit(UART_HandleTypeDef *huart, const uint8_t *pData, uint16_t Size, uint32_t Timeout);
      |                                                                ~~~~~~~~~~~~~~~^~~~~
../Core/Src/main.c: In function 'transmit':
../Core/Src/main.c:194:20: warning: pointer targets in passing argument 1 of 'SPSGRF_StartTx' differ in signedness [-Wpointer-sign]
  194 |     SPSGRF_StartTx(payload, strlen(payload));
      |                    ^~~~~~~
      |                    |
      |                    char *
In file included from ../Core/Src/main.c:30:
../Core/Inc/spsgrf.h:66:30: note: expected 'uint8_t *' {aka 'unsigned char *'} but argument is of type 'char *'
   66 | void SPSGRF_StartTx(uint8_t *txBuff, uint8_t txLen);
      |                     ~~~~~~~~~^~~~~~
../Core/Src/main.c:198:32: warning: pointer targets in passing argument 2 of 'HAL_UART_Transmit' differ in signedness [-Wpointer-sign]
  198 |     HAL_UART_Transmit(&huart2, "Payload Sent\r\n", 14, HAL_MAX_DELAY);
      |                                ^~~~~~~~~~~~~~~~~~
      |                                |
      |                                char *
In file included from ../Core/Inc/stm32l4xx_hal_conf.h:450,
                 from ../Drivers/STM32L4xx_HAL_Driver/Inc/stm32l4xx_hal.h:29,
[...]
../Core/Src/main.c: In function 'printUsersOnline':
../Core/Src/main.c:130:34: warning: initialization of 'TickType_t' {aka 'long unsigned int'} from 'TickType_t (*)(void)' {aka 'long unsigned int (*)(void)'} makes integer from pointer without a cast [-Wint-conversion]
  130 |         TickType_t currentTime = xTaskGetTickCount;
      |                                  ^~~~~~~~~~~~~~~~~
../Core/Src/main.c: In function 'HAL_GPIO_EXTI_Callback':
../Core/Src/main.c:159:11: warning: implicit declaration of function 'confirm_TX' [-Wimplicit-function-declaration]
  159 |           confirm_TX();
      |           ^~~~~~~~~~
../Core/Src/main.c:166:11: warning: implicit declaration of function 'get_RX' [-Wimplicit-function-declaration]
  166 |           get_RX();
      |           ^~~~~~
../Core/Src/main.c: In function 'receive':
../Core/Src/main.c:207:36: warning: passing argument 1 of 'SPSGRF_GetRxData' from incompatible pointer type [-Wincompatible-pointer-types]
  207 |           rxLen = SPSGRF_GetRxData(&payload);
      |                                    ^~~~~~~~
      |                                    |
      |                                    char (*)[15]
In file included from ../Core/Src/main.c:30:
../Core/Inc/spsgrf.h:68:35: note: expected 'uint8_t *' {aka 'unsigned char *'} but argument is of type 'char (*)[15]'
   68 | uint8_t SPSGRF_GetRxData(uint8_t *rxBuff);
      |                          ~~~~~~~~~^~~~~~
../Core/Src/main.c:210:38: warning: pointer targets in passing argument 2 of 'HAL_UART_Transmit' differ in signedness [-Wpointer-sign]
  210 |           HAL_UART_Transmit(&huart2, "Received: ", 10, HAL_MAX_DELAY);
      |                                      ^~~~~~~~~~~~
      |                                      |
      |                                      char *
In file included from ../Core/Inc/stm32l4xx_hal_conf.h:450,
                 from ../Drivers/STM32L4xx_HAL_Driver/Inc/stm32l4xx_hal.h:29,
                 from ../Core/Inc/main.h:30,
                 from ../Core/Src/main.c:20:
../Drivers/STM32L4xx_HAL_Driver/Inc/stm32l4xx_hal_uart.h:1697:79: note: expected 'const uint8_t *' {aka 'const unsigned char *'} but argument is of type 'char *'
 1697 | HAL_StatusTypeDef HAL_UART_Transmit(UART_HandleTypeDef *huart, const uint8_t *pData, uint16_t Size, uint32_t Timeout);
      |                                                                ~~~~~~~~~~~~~~~^~~~~
../Core/Src/main.c:211:38: warning: pointer targets in passing argument 2 of 'HAL_UART_Transmit' differ in signedness [-Wpointer-sign]
  211 |           HAL_UART_Transmit(&huart2, payload, rxLen, HAL_MAX_DELAY);
      |                                      ^~~~~~~
      |                                      |
      |                                      char *
In file included from ../Core/Inc/stm32l4xx_hal_conf.h:450,
                 from ../Drivers/STM32L4xx_HAL_Driver/Inc/stm32l4xx_hal.h:29,
                 from ../Core/Inc/main.h:30,
                 from ../Core/Src/main.c:20:
../Drivers/STM32L4xx_HAL_Driver/Inc/stm32l4xx_hal_uart.h:1697:79: note: expected 'const uint8_t *' {aka 'const unsigned char *'} but argument is of type 'char *'
 1697 | HAL_StatusTypeDef HAL_UART_Transmit(UART_HandleTypeDef *huart, const uint8_t *pData, uint16_t Size, uint32_t Timeout);
      |                                                                ~~~~~~~~~~~~~~~^~~~~
../Core/Src/main.c: In function 'transmit':
../Core/Src/main.c:220:20: warning: pointer targets in passing argument 1 of 'SPSGRF_StartTx' differ in signedness [-Wpointer-sign]
  220 |     SPSGRF_StartTx(payload, strlen(payload));
      |                    ^~~~~~~
      |                    |
      |                    char *
In file included from ../Core/Src/main.c:30:
../Core/Inc/spsgrf.h:66:30: note: expected 'uint8_t *' {aka 'unsigned char *'} but argument is of type 'char *'
   66 | void SPSGRF_StartTx(uint8_t *txBuff, uint8_t txLen);
      |                     ~~~~~~~~~^~~~~~
../Core/Src/main.c: At top level:
../Core/Src/main.c:233:1: warning: return type defaults to 'int' [-Wimplicit-int]
  233 | confirm_TX(){
      | ^~~~~~~~~~
../Core/Src/main.c: In function 'Task_TX':
../Core/Src/main.c:242:40: warning: pointer targets in passing argument 1 of 'SPSGRF_StartTx' differ in signedness [-Wpointer-sign]
  242 |                         SPSGRF_StartTx(payload, strlen(payload));
      |                                        ^~~~~~~
      |                                        |
      |                                        char *
In file included from ../Core/Src/main.c:30:
../Core/Inc/spsgrf.h:66:30: note: expected 'uint8_t *' {aka 'unsigned char *'} but argument is of type 'char *'
   66 | void SPSGRF_StartTx(uint8_t *txBuff, uint8_t txLen);
      |                     ~~~~~~~~~^~~~~~
../Core/Src/main.c: At top level:
../Core/Src/main.c:259:6: warning: conflicting types for 'get_RX'; have 'void()'
  259 | void get_RX(){
      |      ^~~~~~
../Core/Src/main.c:166:11: note: previous implicit declaration of 'get_RX' with type 'void()'
  166 |           get_RX();
      |           ^~~~~~
../Core/Src/main.c: In function 'get_RX':
../Core/Src/main.c:265:9: error: 'rxLen' undeclared (first use in this function)
  265 |         rxLen = SPSGRF_GetRxData(&payload);
      |         ^~~~~
../Core/Src/main.c:265:9: note: each undeclared identifier is reported only once for each function it appears in
../Core/Src/main.c:265:34: warning: passing argument 1 of 'SPSGRF_GetRxData' from incompatible pointer type [-Wincompatible-pointer-types]
  265 |         rxLen = SPSGRF_GetRxData(&payload);
      |                                  ^~~~~~~~
      |                                  |
      |                                  char (*)[24]
In file included from ../Core/Src/main.c:30:
../Core/Inc/spsgrf.h:68:35: note: expected 'uint8_t *' {aka 'unsigned char *'} but argument is of type 'char (*)[24]'
   68 | uint8_t SPSGRF_GetRxData(uint8_t *rxBuff);
      |                          ~~~~~~~~~^~~~~~
../Core/Src/main.c:268:36: warning: pointer targets in passing argument 2 of 'HAL_UART_Transmit' differ in signedness [-Wpointer-sign]
  268 |         HAL_UART_Transmit(&huart2, "Received: ", 10, HAL_MAX_DELAY);
      |                                    ^~~~~~~~~~~~
      |                                    |
      |                                    char *
In file included from ../Core/Inc/stm32l4xx_hal_conf.h:450,
                 from ../Drivers/STM32L4xx_HAL_Driver/Inc/stm32l4xx_hal.h:29,
                 from ../Core/Inc/main.h:30,
                 from ../Core/Src/main.c:20:
../Drivers/STM32L4xx_HAL_Driver/Inc/stm32l4xx_hal_uart.h:1697:79: note: expected 'const uint8_t *' {aka 'const unsigned char *'} but argument is of type 'char *'
 1697 | HAL_StatusTypeDef HAL_UART_Transmit(UART_HandleTypeDef *huart, const uint8_t *pData, uint16_t Size, uint32_t Timeout);
      |                                                                ~~~~~~~~~~~~~~~^~~~~
../Core/Src/main.c:269:36: warning: pointer targets in passing argument 2 of 'HAL_UART_Transmit' differ in signedness [-Wpointer-sign]
  269 |         HAL_UART_Transmit(&huart2, payload, rxLen, HAL_MAX_DELAY);
      |                                    ^~~~~~~
      |                                    |
      |                                    char *
In file included from ../Core/Inc/stm32l4xx_hal_conf.h:450,
                 from ../Drivers/STM32L4xx_HAL_Driver/Inc/stm32l4xx_hal.h:29,
                 from ../Core/Inc/main.h:30,
                 from ../Core/Src/main.c:20:
../Drivers/STM32L4xx_HAL_Driver/Inc/stm32l4xx_hal_uart.h:1697:79: note: expected 'const uint8_t *' {aka 'const unsigned char *'} but argument is of type 'char *'
 1697 | HAL_StatusTypeDef HAL_UART_Transmit(UART_HandleTypeDef *huart, const uint8_t *pData, uint16_t Size, uint32_t Timeout);
      |                                                                ~~~~~~~~~~~~~~~^~~~~
../Core/Src/main.c: In function 'confirm_TX':
../Core/Src/main.c:236:1: warning: control reaches end of non-void function [-Wreturn-type]
  236 | }
      | ^
make: *** [Core/Src/subdir.mk:52: Core/Src/main.o] Error 1
"make -j8 all" terminated with exit code 2. Build might be incomplete.
11:31:28 **** Incremental Build of configuration Debug for project A7_spirit1_library ****
make -j8 all 
arm-none-eabi-gcc "../Core/Src/main.c" -mcpu=cortex-m4 -std=gnu11 -g3 -DDEBUG -DUSE_HAL_DRIVER -DSTM32L476xx -c -I../Core/Inc -I../Drivers/STM32L4xx_HAL_Driver/Inc -I../Drivers/STM32L4xx_HAL_Driver/Inc/Legacy -I../Drivers/CMSIS/Device/ST/STM32L4xx/Include -I../Drivers/CMSIS/Include -I"C:/Users/thebu/STM32CubeIDE/workspace_RTOS/A7_spirit1_library/Drivers/Drivers/BSP/Components/spirit1/SPIRIT1_Library/Inc" -I"C:/Users/thebu/STM32CubeIDE/workspace_RTOS/A7_spirit1_library/Drivers/Drivers/BSP/Components/spirit1" -I../Middlewares/Third_Party/FreeRTOS/Source/include -I../Middlewares/Third_Party/FreeRTOS/Source/CMSIS_RTOS_V2 -I../Middlewares/Third_Party/FreeRTOS/Source/portable/GCC/ARM_CM4F -O0 -ffunction-sections -fdata-sections -Wall -fstack-usage -fcyclomatic-complexity -MMD -MP -MF"Core/Src/main.d" -MT"Core/Src/main.o" --specs=nano.specs -mfpu=fpv4-sp-d16 -mfloat-abi=hard -mthumb -o "Core/Src/main.o"
../Core/Src/main.c: In function 'myHAL_UART_printf':
../Core/Src/main.c:117:44: warning: pointer targets in passing argument 2 of 'HAL_UART_Transmit' differ in signedness [-Wpointer-sign]
  117 |                 HAL_UART_Transmit(&huart2, buffer, formatted_length, HAL_MAX_DELAY);
      |                                            ^~~~~~
      |                                            |
      |                                            char *
In file included from ../Core/Inc/stm32l4xx_hal_conf.h:450,
                 from ../Drivers/STM32L4xx_HAL_Driver/Inc/stm32l4xx_hal.h:29,
                 from ../Core/Inc/main.h:30,
                 from ../Core/Src/main.c:20:
../Drivers/STM32L4xx_HAL_Driver/Inc/stm32l4xx_hal_uart.h:1697:79: note: expected 'const uint8_t *' {aka 'const unsigned char *'} but argument is of type 'char *'
 1697 | HAL_StatusTypeDef HAL_UART_Transmit(UART_HandleTypeDef *huart, const uint8_t *pData, uint16_t Size, uint32_t Timeout);
      |                                                                ~~~~~~~~~~~~~~~^~~~~
../Core/Src/main.c: In function 'myHAL_UART_clear':
../Core/Src/main.c:125:36: warning: pointer targets in passing argument 2 of 'HAL_UART_Transmit' differ in signedness [-Wpointer-sign]
  125 |         HAL_UART_Transmit(&huart2, clear, strlen(clear), 100);
      |                                    ^~~~~
      |                                    |
      |                                    char *
In file included from ../Core/Inc/stm32l4xx_hal_conf.h:450,
                 from ../Drivers/STM32L4xx_HAL_Driver/Inc/stm32l4xx_hal.h:29,
                 from ../Core/Inc/main.h:30,
                 from ../Core/Src/main.c:20:
../Drivers/STM32L4xx_HAL_Driver/Inc/stm32l4xx_hal_uart.h:1697:79: note: expected 'const uint8_t *' {aka 'const unsigned char *'} but argument is of type 'char *'
 1697 | HAL_StatusTypeDef HAL_UART_Transmit(UART_HandleTypeDef *huart, const uint8_t *pData, uint16_t Size, uint32_t Timeout);
      |                                                                ~~~~~~~~~~~~~~~^~~~~
../Core/Src/main.c: In function 'printUsersOnline':
../Core/Src/main.c:130:34: warning: initialization of 'TickType_t' {aka 'long unsigned int'} from 'TickType_t (*)(void)' {aka 'long unsigned int (*)(void)'} makes integer from pointer without a cast [-Wint-conversion]
  130 |         TickType_t currentTime = xTaskGetTickCount;
      |                                  ^~~~~~~~~~~~~~~~~
../Core/Src/main.c: In function 'HAL_GPIO_EXTI_Callback':
../Core/Src/main.c:159:11: warning: implicit declaration of function 'confirm_TX' [-Wimplicit-function-declaration]
  159 |           confirm_TX();
      |           ^~~~~~~~~~
../Core/Src/main.c:166:11: warning: implicit declaration of function 'get_RX' [-Wimplicit-function-declaration]
  166 |           get_RX();
      |           ^~~~~~
../Core/Src/main.c: In function 'receive':
../Core/Src/main.c:207:36: warning: passing argument 1 of 'SPSGRF_GetRxData' from incompatible pointer type [-Wincompatible-pointer-types]
  207 |           rxLen = SPSGRF_GetRxData(&payload);
      |                                    ^~~~~~~~
      |                                    |
      |                                    char (*)[15]
In file included from ../Core/Src/main.c:30:
../Core/Inc/spsgrf.h:68:35: note: expected 'uint8_t *' {aka 'unsigned char *'} but argument is of type 'char (*)[15]'
   68 | uint8_t SPSGRF_GetRxData(uint8_t *rxBuff);
      |                          ~~~~~~~~~^~~~~~
../Core/Src/main.c:210:38: warning: pointer targets in passing argument 2 of 'HAL_UART_Transmit' differ in signedness [-Wpointer-sign]
  210 |           HAL_UART_Transmit(&huart2, "Received: ", 10, HAL_MAX_DELAY);
      |                                      ^~~~~~~~~~~~
      |                                      |
      |                                      char *
In file included from ../Core/Inc/stm32l4xx_hal_conf.h:450,
                 from ../Drivers/STM32L4xx_HAL_Driver/Inc/stm32l4xx_hal.h:29,
                 from ../Core/Inc/main.h:30,
                 from ../Core/Src/main.c:20:
../Drivers/STM32L4xx_HAL_Driver/Inc/stm32l4xx_hal_uart.h:1697:79: note: expected 'const uint8_t *' {aka 'const unsigned char *'} but argument is of type 'char *'
 1697 | HAL_StatusTypeDef HAL_UART_Transmit(UART_HandleTypeDef *huart, const uint8_t *pData, uint16_t Size, uint32_t Timeout);
      |                                                                ~~~~~~~~~~~~~~~^~~~~
../Core/Src/main.c:211:38: warning: pointer targets in passing argument 2 of 'HAL_UART_Transmit' differ in signedness [-Wpointer-sign]
  211 |           HAL_UART_Transmit(&huart2, payload, rxLen, HAL_MAX_DELAY);
      |                                      ^~~~~~~
      |                                      |
      |                                      char *
In file included from ../Core/Inc/stm32l4xx_hal_conf.h:450,
                 from ../Drivers/STM32L4xx_HAL_Driver/Inc/stm32l4xx_hal.h:29,
                 from ../Core/Inc/main.h:30,
                 from ../Core/Src/main.c:20:
../Drivers/STM32L4xx_HAL_Driver/Inc/stm32l4xx_hal_uart.h:1697:79: note: expected 'const uint8_t *' {aka 'const unsigned char *'} but argument is of type 'char *'
 1697 | HAL_StatusTypeDef HAL_UART_Transmit(UART_HandleTypeDef *huart, const uint8_t *pData, uint16_t Size, uint32_t Timeout);
      |                                                                ~~~~~~~~~~~~~~~^~~~~
../Core/Src/main.c: In function 'transmit':
../Core/Src/main.c:220:20: warning: pointer targets in passing argument 1 of 'SPSGRF_StartTx' differ in signedness [-Wpointer-sign]
  220 |     SPSGRF_StartTx(payload, strlen(payload));
      |                    ^~~~~~~
      |                    |
      |                    char *
In file included from ../Core/Src/main.c:30:
../Core/Inc/spsgrf.h:66:30: note: expected 'uint8_t *' {aka 'unsigned char *'} but argument is of type 'char *'
   66 | void SPSGRF_StartTx(uint8_t *txBuff, uint8_t txLen);
      |                     ~~~~~~~~~^~~~~~
../Core/Src/main.c: At top level:
../Core/Src/main.c:233:6: warning: conflicting types for 'confirm_TX'; have 'void()'
  233 | void confirm_TX(){
      |      ^~~~~~~~~~
../Core/Src/main.c:159:11: note: previous implicit declaration of 'confirm_TX' with type 'void()'
  159 |           confirm_TX();
      |           ^~~~~~~~~~
../Core/Src/main.c: In function 'Task_TX':
../Core/Src/main.c:242:40: warning: pointer targets in passing argument 1 of 'SPSGRF_StartTx' differ in signedness [-Wpointer-sign]
  242 |                         SPSGRF_StartTx(payload, strlen(payload));
      |                                        ^~~~~~~
      |                                        |
      |                                        char *
In file included from ../Core/Src/main.c:30:
../Core/Inc/spsgrf.h:66:30: note: expected 'uint8_t *' {aka 'unsigned char *'} but argument is of type 'char *'
   66 | void SPSGRF_StartTx(uint8_t *txBuff, uint8_t txLen);
      |                     ~~~~~~~~~^~~~~~
../Core/Src/main.c: At top level:
../Core/Src/main.c:259:6: warning: conflicting types for 'get_RX'; have 'void()'
  259 | void get_RX(){
      |      ^~~~~~
../Core/Src/main.c:166:11: note: previous implicit declaration of 'get_RX' with type 'void()'
  166 |           get_RX();
      |           ^~~~~~
../Core/Src/main.c: In function 'get_RX':
../Core/Src/main.c:265:38: warning: passing argument 1 of 'SPSGRF_GetRxData' from incompatible pointer type [-Wincompatible-pointer-types]
  265 |         int rxLen = SPSGRF_GetRxData(&payload);
      |                                      ^~~~~~~~
      |                                      |
      |                                      char (*)[24]
In file included from ../Core/Src/main.c:30:
../Core/Inc/spsgrf.h:68:35: note: expected 'uint8_t *' {aka 'unsigned char *'} but argument is of type 'char (*)[24]'
   68 | uint8_t SPSGRF_GetRxData(uint8_t *rxBuff);
      |                          ~~~~~~~~~^~~~~~
../Core/Src/main.c:268:36: warning: pointer targets in passing argument 2 of 'HAL_UART_Transmit' differ in signedness [-Wpointer-sign]
  268 |         HAL_UART_Transmit(&huart2, "Received: ", 10, HAL_MAX_DELAY);
      |                                    ^~~~~~~~~~~~
      |                                    |
      |                                    char *
In file included from ../Core/Inc/stm32l4xx_hal_conf.h:450,
                 from ../Drivers/STM32L4xx_HAL_Driver/Inc/stm32l4xx_hal.h:29,
                 from ../Core/Inc/main.h:30,
                 from ../Core/Src/main.c:20:
../Drivers/STM32L4xx_HAL_Driver/Inc/stm32l4xx_hal_uart.h:1697:79: note: expected 'const uint8_t *' {aka 'const unsigned char *'} but argument is of type 'char *'
 1697 | HAL_StatusTypeDef HAL_UART_Transmit(UART_HandleTypeDef *huart, const uint8_t *pData, uint16_t Size, uint32_t Timeout);
      |                                                                ~~~~~~~~~~~~~~~^~~~~
../Core/Src/main.c:269:36: warning: pointer targets in passing argument 2 of 'HAL_UART_Transmit' differ in signedness [-Wpointer-sign]
  269 |         HAL_UART_Transmit(&huart2, payload, rxLen, HAL_MAX_DELAY);
      |                                    ^~~~~~~
      |                                    |
      |                                    char *
In file included from ../Core/Inc/stm32l4xx_hal_conf.h:450,
                 from ../Drivers/STM32L4xx_HAL_Driver/Inc/stm32l4xx_hal.h:29,
                 from ../Core/Inc/main.h:30,
                 from ../Core/Src/main.c:20:
../Drivers/STM32L4xx_HAL_Driver/Inc/stm32l4xx_hal_uart.h:1697:79: note: expected 'const uint8_t *' {aka 'const unsigned char *'} but argument is of type 'char *'
 1697 | HAL_StatusTypeDef HAL_UART_Transmit(UART_HandleTypeDef *huart, const uint8_t *pData, uint16_t Size, uint32_t Timeout);
      |                                                                ~~~~~~~~~~~~~~~^~~~~
arm-none-eabi-gcc -o "A7_spirit1_library.elf" @"objects.list"   -mcpu=cortex-m4 -T"C:\Users\thebu\STM32CubeIDE\workspace_RTOS\A7_spirit1_library\STM32L476RGTX_FLASH.ld" --specs=nosys.specs -Wl,-Map="A7_spirit1_library.map" -Wl,--gc-sections -static --specs=nano.specs -mfpu=fpv4-sp-d16 -mfloat-abi=hard -mthumb -Wl,--start-group -lc -lm -Wl,--end-group
Finished building target: A7_spirit1_library.elf
 
arm-none-eabi-size  A7_spirit1_library.elf 
arm-none-eabi-objdump -h -S A7_spirit1_library.elf  > "A7_spirit1_library.list"
   text	   data	    bss	    dec	    hex	filename
  48240	    136	  17008	  65384	   ff68	A7_spirit1_library.elf
Finished building: default.size.stdout
 
Finished building: A7_spirit1_library.list
 
