12:29:37 **** Incremental Build of configuration Debug for project WyattTest ****
make -j8 all 
arm-none-eabi-gcc "../Core/Src/main.c" -mcpu=cortex-m4 -std=gnu11 -g3 -DDEBUG -DUSE_HAL_DRIVER -DSTM32L4A6xx -c -I../Core/Inc -I../Drivers/STM32L4xx_HAL_Driver/Inc -I../Drivers/STM32L4xx_HAL_Driver/Inc/Legacy -I../Drivers/CMSIS/Device/ST/STM32L4xx/Include -I../Drivers/CMSIS/Include -O0 -ffunction-sections -fdata-sections -Wall -fstack-usage -fcyclomatic-complexity -MMD -MP -MF"Core/Src/main.d" -MT"Core/Src/main.o" --specs=nano.specs -mfpu=fpv4-sp-d16 -mfloat-abi=hard -mthumb -o "Core/Src/main.o"
arm-none-eabi-gcc -o "WyattTest.elf" @"objects.list"   -mcpu=cortex-m4 -T"C:\Users\thebu\STM32CubeIDE\workspace_RTOS\WyattTest\STM32L4A6ZGTX_FLASH.ld" --specs=nosys.specs -Wl,-Map="WyattTest.map" -Wl,--gc-sections -static --specs=nano.specs -mfpu=fpv4-sp-d16 -mfloat-abi=hard -mthumb -Wl,--start-group -lc -lm -Wl,--end-group
Finished building target: WyattTest.elf
 
arm-none-eabi-size  WyattTest.elf 
arm-none-eabi-objdump -h -S WyattTest.elf  > "WyattTest.list"
   text	   data	    bss	    dec	    hex	filename
   5532	     20	   1572	   7124	   1bd4	WyattTest.elf
Finished building: default.size.stdout
 
Finished building: WyattTest.list
 

12:29:38 Build Finished. 0 errors, 0 warnings. (took 876ms)

