../Core/Src/main.c:54:5:main	24	static
../Core/Src/main.c:98:6:Task1	16	static
../Core/Src/main.c:118:6:Task2	16	static
../Core/Src/main.c:133:6:Task3	16	static
../Core/Src/main.c:149:6:PortC_Init	4	static
../Core/Src/main.c:180:6:RTOS_Stats_Timer_Init	4	static
../Core/Src/main.c:193:6:TIM2_IRQHandler	4	static
../Core/Src/main.c:200:6:configureTimerForRunTimeStats	8	static
../Core/Src/main.c:206:15:getRunTimeCounterValue	4	static
../Core/Src/main.c:216:6:SystemClock_Config	96	static
../Core/Src/main.c:273:6:StartDefaultTask	16	static
../Core/Src/main.c:292:6:HAL_TIM_PeriodElapsedCallback	16	static
../Core/Src/main.c:309:6:Error_Handler	4	static,ignoring_inline_asm
